******************************************************************************
                  TI ARM Linker Unix v20.2.2                   
******************************************************************************
>> Linked Wed Feb 17 15:26:08 2021

OUTPUT FILE NAME:   <rfPacketTx_CC1352R1_LAUNCHXL_tirtos_ccs.out>
ENTRY POINT SYMBOL: "ResetISR"  address: 00003f85


MEMORY CONFIGURATION

         name            origin    length      used     unused   attr    fill
----------------------  --------  ---------  --------  --------  ----  --------
  FLASH                 00000000   00058000  000061fc  00051e04  R  X
  GPRAM                 11000000   00002000  00000000  00002000  RW X
  SRAM                  20000000   00014000  0000557b  0000ea85  RW X
  LOG_DATA              90000000   00040000  00000000  00040000  R   


SEGMENT ALLOCATION MAP

run origin  load origin   length   init length attrs members
----------  ----------- ---------- ----------- ----- -------
00000000    00000000    000061a8   000061a8    r-x
  00000000    00000000    0000003c   0000003c    r-- .resetVecs
  0000003c    0000003c    000057a4   000057a4    r-x .text
  000057e0    000057e0    00000784   00000784    r-- .const
  00005f68    00005f68    00000240   00000240    r-- .cinit
00057fa8    00057fa8    00000058   00000058    r--
  00057fa8    00057fa8    00000058   00000058    r-- .ccfg
20000100    20000100    0000000c   00000000    rw-
  20000100    20000100    00000004   00000000    rw- .data:xdcRomConstPtr
  20000104    20000104    00000004   00000000    rw- .data:xdcRomExternFuncPtr
  20000108    20000108    00000004   00000000    rw- .data:xdcRomStatePtr
20000110    20000110    00004000   00000000    r--
  20000110    20000110    00004000   00000000    r-- .priheap
20004110    20004110    0000109c   00000000    rw-
  20004110    20004110    00000b33   00000000    rw- .data
  20004c48    20004c48    00000564   00000000    rw- .bss
20013c00    20013c00    00000400   00000000    rw-
  20013c00    20013c00    00000400   00000000    rw- .stack


SECTION ALLOCATION MAP

 output                                  attributes/
section   page    origin      length       input sections
--------  ----  ----------  ----------   ----------------
.binit     0    00000000    00000000     

.cinit     0    00005f68    00000240     
                  00005f68    000001e7     (.cinit..data.load) [load image, compression = lzss]
                  0000614f    00000001     --HOLE-- [fill = 0]
                  00006150    0000000c     (__TI_handler_table)
                  0000615c    00000004     --HOLE-- [fill = 0]
                  00006160    00000008     (.cinit..bss.load) [load image, compression = zero_init]
                  00006168    00000008     (.cinit..data:xdcRomConstPtr.load) [load image, compression = lzss]
                  00006170    00000008     (.cinit..data:xdcRomExternFuncPtr.load) [load image, compression = lzss]
                  00006178    00000008     (.cinit..data:xdcRomStatePtr.load) [load image, compression = lzss]
                  00006180    00000028     (__TI_cinit_table)

.init_array 
*          0    00000000    00000000     UNINITIALIZED

.ccfg      0    00057fa8    00000058     
                  00057fa8    00000058     ti_devices_config.obj (.ccfg:retain)

.data      0    20004110    00000b33     UNINITIALIZED
                  20004110    000004f8     rf_multiMode_cc13x2.aem4f : RFCC26X2_multiMode.c.cc13x2.ccs.o (.data:$O1$$)
                  20004608    00000170     drivers_cc13x2.a : PowerCC26X2.oem4f (.data:PowerCC26X2_module)
                  20004778    0000010c     release_pem4f.oem4f (.data:ROM_stateStruct)
                  20004884    00000088     rom_sysbios.aem4f : rom_sysbios.obj (.data:$O1$$)
                  2000490c    00000054     release_pem4f.oem4f (.data:ti_sysbios_gates_GateMutex_Object__table__V)
                  20004960    0000004c     release_pem4f.oem4f (.data:ti_sysbios_knl_Task_Object__table__V)
                  200049ac    00000004     rtsv7M4_T_le_v4SPD16_eabi.lib : stkdepth_vars.c.obj (.data)
                  200049b0    00000048     release_pem4f.oem4f (.data:ti_sysbios_family_arm_cc26xx_Timer_Object__table__V)
                  200049f8    00000030     release_pem4f.oem4f (.data:ti_sysbios_knl_Swi_Module_State_0_readyQ__A)
                  20004a28    00000030     release_pem4f.oem4f (.data:ti_sysbios_knl_Swi_Object__table__V)
                  20004a58    00000030     release_pem4f.oem4f (.data:ti_sysbios_knl_Task_Module_State_0_readyQ__A)
                  20004a88    00000028     ti_radio_config.obj (.data:RF_cmdPropRadioDivSetup)
                  20004ab0    00000028     ti_radio_config.obj (.data:pOverrides)
                  20004ad8    00000024     driverlib.lib : osc.obj (.data:$O1$$)
                  20004afc    00000020     release_pem4f.oem4f (.data:ti_sysbios_knl_Clock_Object__table__V)
                  20004b1c    00000020     release_pem4f.oem4f (.data:xdc_runtime_Error_IgnoreBlock)
                  20004b3c    00000018     ti_radio_config.obj (.data:RF_cmdFs)
                  20004b54    00000018     ti_radio_config.obj (.data:RF_cmdPropTx)
                  20004b6c    00000018     release_pem4f.oem4f (.data:ti_sysbios_family_arm_m3_Hwi_Object__table__V)
                  20004b84    00000018     release_pem4f.oem4f (.data:ti_sysbios_heaps_HeapMem_Object__table__V)
                  20004b9c    00000010     ti_radio_config.obj (.data:RF_prop)
                  20004bac    00000008     rtsv7M4_T_le_v4SPD16_eabi.lib : _lock.c.obj (.data:$O1$$)
                  20004bb4    00000008     rf_multiMode_cc13x2.aem4f : RFCC26X2_multiMode.c.cc13x2.ccs.o (.data:RFCC26XX_schedulerPolicy)
                  20004bbc    00000008     drivers_cc13x2.a : PINCC26XX.oem4f (.data)
                  20004bc4    00000008     rfPacketTx.obj (.data:pinTable)
                  20004bcc    00000008     release_pem4f.oem4f (.data:ti_sysbios_family_arm_m3_Hwi_Module__root__V)
                  20004bd4    00000008     release_pem4f.oem4f (.data:ti_sysbios_gates_GateHwi_Module__root__V)
                  20004bdc    00000008     release_pem4f.oem4f (.data:ti_sysbios_gates_GateMutex_Module__root__V)
                  20004be4    00000008     release_pem4f.oem4f (.data:ti_sysbios_hal_Hwi_Module__root__V)
                  20004bec    00000008     release_pem4f.oem4f (.data:ti_sysbios_heaps_HeapMem_Module__root__V)
                  20004bf4    00000008     release_pem4f.oem4f (.data:ti_sysbios_knl_Clock_Module__root__V)
                  20004bfc    00000008     release_pem4f.oem4f (.data:ti_sysbios_knl_Event_Module__root__V)
                  20004c04    00000008     release_pem4f.oem4f (.data:ti_sysbios_knl_Mailbox_Module__root__V)
                  20004c0c    00000008     release_pem4f.oem4f (.data:ti_sysbios_knl_Queue_Module__root__V)
                  20004c14    00000008     release_pem4f.oem4f (.data:ti_sysbios_knl_Semaphore_Module__root__V)
                  20004c1c    00000008     release_pem4f.oem4f (.data:ti_sysbios_knl_Swi_Module__root__V)
                  20004c24    00000008     release_pem4f.oem4f (.data:ti_sysbios_knl_Task_Module__root__V)
                  20004c2c    00000008     release_pem4f.oem4f (.data:xdc_runtime_System_Module_State_0_atexitHandlers__A)
                  20004c34    00000004     release_pem4f.oem4f (.data:ti_sysbios_family_arm_m3_Hwi_Module_State_0_excContext__A)
                  20004c38    00000004     release_pem4f.oem4f (.data:ti_sysbios_family_arm_m3_Hwi_Module_State_0_excStack__A)
                  20004c3c    00000004     release_pem4f.oem4f (.data:ti_sysbios_knl_Task_Module_State_0_idleTask__A)
                  20004c40    00000002     release_pem4f.oem4f (.data:ti_sysbios_family_arm_m3_Hwi_Module_State_0_excActive__A)
                  20004c42    00000001     rf_multiMode_cc13x2.aem4f : rf_patch_cpe_prop.c.cc13x2.ccs.o (.data)

.bss       0    20004c48    00000564     UNINITIALIZED
                  20004c48    00000200     release_pem4f.oem4f (.bss:taskStackSection)
                  20004e48    000000f8     rfPacketTx.obj (.bss:rfObject)
                  20004f40    000000d8     (.common:ti_sysbios_family_arm_m3_Hwi_dispatchTable)
                  20005018    0000007c     (.common:pinHandleTable)
                  20005094    00000050     drivers_cc13x2.a : PINCC26XX.oem4f (.bss:pinSemaphore)
                  200050e4    00000034                      : PINCC26XX.oem4f (.bss:pinSwi)
                  20005118    00000020     rfPacketTx.obj (.bss:packet)
                  20005138    00000020     drivers_cc13x2.a : PINCC26XX.oem4f (.bss:pinGpioConfigTable)
                  20005158    0000001c                      : PINCC26XX.oem4f (.bss:pinHwi)
                  20005174    00000014     rf_multiMode_cc13x2.aem4f : RFCC26X2_multiMode.c.cc13x2.ccs.o (.bss:RF_ratSyncCmd)
                  20005188    0000000c     rfPacketTx.obj (.bss:ledPinState)
                  20005194    0000000a     rfPacketTx.obj (.bss)
                  2000519e    00000001     rf_multiMode_cc13x2.aem4f : RFCC26X2_multiMode.c.cc13x2.ccs.o (.bss)
                  2000519f    00000001     (.common:driverlib_release_0_59848)
                  200051a0    00000004     drivers_cc13x2.a : PINCC26XX.oem4f (.bss)
                  200051a4    00000004     (.common:PowerCC26XX_swiKey)
                  200051a8    00000004     (.common:PowerCC26XX_taskKey)

.stack     0    20013c00    00000400     UNINITIALIZED
                  20013c00    00000400     --HOLE--

.priheap   0    20000110    00004000     UNINITIALIZED
                  20000110    00004000     --HOLE--

.log_data 
*          0    90000000    00000000     COPY SECTION

.data:xdcRomConstPtr 
*          0    20000100    00000004     UNINITIALIZED
                  20000100    00000004     release_pem4f.oem4f (.data:xdcRomConstPtr)

.data:xdcRomExternFuncPtr 
*          0    20000104    00000004     UNINITIALIZED
                  20000104    00000004     release_pem4f.oem4f (.data:xdcRomExternFuncPtr)

.data:xdcRomStatePtr 
*          0    20000108    00000004     UNINITIALIZED
                  20000108    00000004     release_pem4f.oem4f (.data:xdcRomStatePtr)

.bootVecs 
*          0    00000000    00000008     DSECT
                  00000000    00000008     boot.aem4f : boot.oem4f (.bootVecs)

.resetVecs 
*          0    00000000    0000003c     
                  00000000    0000003c     release_pem4f.oem4f (.resetVecs)

.vecs      0    20000000    000000d8     NOLOAD SECTION
                  20000000    000000d8     release_pem4f.oem4f (.vecs)

xdc.meta   0    00000000    00000114     COPY SECTION
                  00000000    00000114     release_pem4f.oem4f (xdc.meta)

xdc.noload 
*          0    00000000    00000000     COPY SECTION

__llvm_prf_cnts 
*          0    20000000    00000000     UNINITIALIZED

.text      0    0000003c    000057a4     
                  0000003c    000004b0     rf_multiMode_cc13x2.aem4f : RFCC26X2_multiMode.c.cc13x2.ccs.o (.text:RF_fsmActiveState)
                  000004ec    00000200                               : RFCC26X2_multiMode.c.cc13x2.ccs.o (.text:RF_open)
                  000006ec    000001e0     drivers_cc13x2.a : PINCC26XX.oem4f (.text:PIN_init)
                  000008cc    000001d4     rf_multiMode_cc13x2.aem4f : RFCC26X2_multiMode.c.cc13x2.ccs.o (.text:RF_dispatchNextCmd)
                  00000aa0    000001c4     rfPacketTx.obj (.text:mainThread)
                  00000c64    000001b6     rtsv7M4_T_le_v4SPD16_eabi.lib : fd_add_t2.asm.obj (.text)
                  00000e1a    00000002     ti_drivers_config.obj (.text:Board_initHook)
                  00000e1c    00000198     drivers_cc13x2.a : PowerCC26X2.oem4f (.text:Power_sleep)
                  00000fb4    00000190                      : PowerCC26X2_calibrateRCOSC.oem4f (.text:calibrateRcoscHf1)
                  00001144    0000018c                      : PowerCC26X2_calibrateRCOSC.oem4f (.text:runCalibrateFsm)
                  000012d0    00000188     release_pem4f.oem4f (.text:xdc_runtime_System_printfExtend__I)
                  00001458    00000174     drivers_cc13x2.a : PowerCC26X2.oem4f (.text:Power_init)
                  000015cc    00000154     rf_multiMode_cc13x2.aem4f : RFCC26X2_multiMode.c.cc13x2.ccs.o (.text:RF_radioOpDoneCb)
                  00001720    00000148                               : RFCC26X2_multiMode.c.cc13x2.ccs.o (.text:RF_fsmSetupState)
                  00001868    00000138                               : RFCC26X2_multiMode.c.cc13x2.ccs.o (.text:RF_abortCmd)
                  000019a0    00000120     drivers_cc13x2.a : PowerCC26X2.oem4f (.text:configureXOSCHF)
                  00001ac0    00000114                      : PINCC26XX.oem4f (.text:PINCC26XX_setIoCfg)
                  00001bd4    00000112     rf_multiMode_cc13x2.aem4f : RFCC26X2_multiMode.c.cc13x2.ccs.o (.text:RF_decodeOverridePointers)
                  00001ce6    00000002                               : rfc.c.cc13x2.ccs.o (.text:NOROM_RFCCpePatchReset)
                  00001ce8    00000104                               : RFCC26X2_multiMode.c.cc13x2.ccs.o (.text:RF_hwiCpe0Active)
                  00001dec    000000fc     rtsv7M4_T_le_v4SPD16_eabi.lib : fd_mul_t2.asm.obj (.text)
                  00001ee8    000000f0     driverlib.lib : sys_ctrl.obj (.text:NOROM_SysCtrlStandby)
                  00001fd8    000000f0     rf_multiMode_cc13x2.aem4f : RFCC26X2_multiMode.c.cc13x2.ccs.o (.text:RF_fsmPowerUpState)
                  000020c8    000000ec     rom_sysbios.aem4f : rom_sysbios.obj (.text:pthread_create)
                  000021b4    000000e4     rf_multiMode_cc13x2.aem4f : RFCC26X2_multiMode.c.cc13x2.ccs.o (.text:RF_postCmd)
                  00002298    000000d8                               : RFCC26X2_multiMode.c.cc13x2.ccs.o (.text:RF_pendCmd)
                  00002370    000000d2                               : RFCC26X2_multiMode.c.cc13x2.ccs.o (.text:RF_updatePaConfiguration)
                  00002442    00000002                               : RFCC26X2_multiMode.c.cc13x2.ccs.o (.text:RF_defaultCallback)
                  00002444    000000d0                               : RFCC26X2_multiMode.c.cc13x2.ccs.o (.text:RF_swiHw)
                  00002514    000000c8     dpl_cc13x2.a : PowerCC26X2_tirtos.oem4f (.text:PowerCC26XX_standbyPolicy)
                  000025dc    000000c0     drivers_cc13x2.a : PowerCC26X2.oem4f (.text:Power_releaseDependency)
                  0000269c    000000bc     rf_multiMode_cc13x2.aem4f : RFCC26X2_multiMode.c.cc13x2.ccs.o (.text:RF_initRadioSetup)
                  00002758    000000b8     drivers_cc13x2.a : PowerCC26X2.oem4f (.text:Power_setDependency)
                  00002810    000000ac                      : PINCC26XX.oem4f (.text:PIN_open)
                  000028bc    000000ac     driverlib.lib : setup.obj (.text:TrimAfterColdResetWakeupFromShutDown)
                  00002968    000000a4     rf_multiMode_cc13x2.aem4f : RFCC26X2_multiMode.c.cc13x2.ccs.o (.text:RF_ratRestartChannels)
                  00002a0c    000000a0     auto_init.aem4f : auto_init.oem4f (.text)
                  00002aac    000000a0     rom_sysbios.aem4f : rom_sysbios.obj (.text:ti_sysbios_knl_Task_setPri__E)
                  00002b4c    0000009c     rtsv7M4_T_le_v4SPD16_eabi.lib : memcpy_t2.asm.obj (.text)
                  00002be8    00000098     driverlib.lib : setup.obj (.text:NOROM_SetupTrimDevice)
                  00002c80    00000098     rf_multiMode_cc13x2.aem4f : RFCC26X2_multiMode.c.cc13x2.ccs.o (.text:RF_calculateDispatchTime)
                  00002d18    00000096     rtsv7M4_T_le_v4SPD16_eabi.lib : ull_div_t2.asm.obj (.text)
                  00002dae    00000002                                   : _lock.c.obj (.text:_nop)
                  00002db0    00000090     rf_multiMode_cc13x2.aem4f : RFCC26X2_multiMode.c.cc13x2.ccs.o (.text:RF_discardPendCmd)
                  00002e40    00000088     driverlib.lib : osc.obj (.text:NOROM_OSCHF_AttemptToSwitchToXosc)
                  00002ec8    00000088     rf_multiMode_cc13x2.aem4f : RFCC26X2_multiMode.c.cc13x2.ccs.o (.text:RF_cmdDispatchTime)
                  00002f50    00000088     rom_sysbios.aem4f : rom_sysbios.obj (.text:_pthread_removeThreadKeys)
                  00002fd8    00000088     drivers_cc13x2.a : PowerCC26X2_calibrateRCOSC.oem4f (.text:calibrateRcoscHf2)
                  00003060    00000088                      : PowerCC26X2.oem4f (.text:disableLFClockQualifiers)
                  000030e8    00000088                      : PowerCC26X2_calibrateRCOSC.oem4f (.text:updateSubSecInc)
                  00003170    00000086     rtsv7M4_T_le_v4SPD16_eabi.lib : fd_cmp_t2.asm.obj (.text:__aeabi_cdcmple)
                  000031f6    00000086                                   : fd_cmp_t2.asm.obj (.text:__aeabi_cdrcmple)
                  0000327c    00000084     ti_drivers_config.obj (.text:Board_sendExtFlashByte)
                  00003300    00000084     rf_multiMode_cc13x2.aem4f : RFCC26X2_multiMode.c.cc13x2.ccs.o (.text:RF_issueRadioFreeCb)
                  00003384    00000084                               : RFCC26X2_multiMode.c.cc13x2.ccs.o (.text:RF_verifyGap)
                  00003408    00000084     rom_sysbios.aem4f : rom_sysbios.obj (.text:ti_sysbios_family_arm_m3_Hwi_excHandlerMin__I)
                  0000348c    00000080     driverlib.lib : sys_ctrl.obj (.text:NOROM_SysCtrlSetRechargeBeforePowerDown)
                  0000350c    00000080     rom_sysbios.aem4f : rom_sysbios.obj (.text:ti_sysbios_family_arm_cc26xx_Timer_start__E)
                  0000358c    0000007c     rf_multiMode_cc13x2.aem4f : RFCC26X2_multiMode.c.cc13x2.ccs.o (.text:RF_ratFreeChannel)
                  00003608    0000007a     rtsv7M4_T_le_v4SPD16_eabi.lib : memset_t2.asm.obj (.text)
                  00003682    00000076     rom_sysbios.aem4f : rom_sysbios.obj (.text:ti_sysbios_heaps_HeapMem_allocUnprotected__E)
                  000036f8    00000074     drivers_cc13x2.a : PowerCC26X2_calibrateRCOSC.oem4f (.text:PowerCC26X2_auxISR)
                  0000376c    00000074     rf_multiMode_cc13x2.aem4f : RFCC26X2_multiMode.c.cc13x2.ccs.o (.text:RF_yield)
                  000037e0    00000072                               : RFCC26X2_multiMode.c.cc13x2.ccs.o (.text:RF_detachOverrides)
                  00003852    00000070                               : rfc.c.cc13x2.ccs.o (.text:NOROM_RFCAnaDivTxOverride)
                  000038c2    00000002     drivers_cc13x2.a : PowerCC26X2.oem4f (.text:emptyClockFunc)
                  000038c4    00000070     rf_multiMode_cc13x2.aem4f : RFCC26X2_multiMode.c.cc13x2.ccs.o (.text:RF_getCurrentTime)
                  00003934    0000006e                               : RFCC26X2_multiMode.c.cc13x2.ccs.o (.text:RF_attachOverrides)
                  000039a2    0000006e                               : RFCC26X2_multiMode.c.cc13x2.ccs.o (.text:RF_howToSchedule)
                  00003a10    0000006d     rom_sysbios.aem4f : rom_sysbios.obj (.text:xdc_runtime_System_formatNum__I)
                  00003a7d    00000001     --HOLE-- [fill = 0]
                  00003a7e    00000002     rtsv7M4_T_le_v4SPD16_eabi.lib : div0.asm.obj (.text)
                  00003a80    0000006c     driverlib.lib : chipinfo.obj (.text:NOROM_ChipInfo_GetChipType)
                  00003aec    0000006c     rf_multiMode_cc13x2.aem4f : RFCC26X2_multiMode.c.cc13x2.ccs.o (.text:RF_dispatchNextEvent)
                  00003b58    00000068     driverlib.lib : osc.obj (.text:NOROM_OSCHF_SwitchToRcOscTurnOffXosc)
                  00003bc0    00000068     rf_multiMode_cc13x2.aem4f : RFCC26X2_multiMode.c.cc13x2.ccs.o (.text:RF_hwiHw)
                  00003c28    00000068     rtsv7M4_T_le_v4SPD16_eabi.lib : copy_decompress_lzss.c.obj (.text:decompress:lzss:__TI_decompress_lzss)
                  00003c90    00000068     main_tirtos.obj (.text:main)
                  00003cf8    00000062     rf_multiMode_cc13x2.aem4f : RFCC26X2_multiMode.c.cc13x2.ccs.o (.text:RF_syncCb)
                  00003d5a    00000002     release_pem4f.oem4f (.text:ti_sysbios_BIOS_nullFunc__I)
                  00003d5c    00000060     rf_multiMode_cc13x2.aem4f : RFCC26X2_multiMode.c.cc13x2.ccs.o (.text:RF_applyRfCorePatch)
                  00003dbc    0000005c     drivers_cc13x2.a : PINCC26XX.oem4f (.text:PIN_remove)
                  00003e18    0000005c     rf_multiMode_cc13x2.aem4f : RFCC26X2_multiMode.c.cc13x2.ccs.o (.text:RF_hwiCpe0PowerFsm)
                  00003e74    0000005c     rom_sysbios.aem4f : rom_sysbios.obj (.text:ti_sysbios_heaps_HeapMem_initPrimary__I)
                  00003ed0    0000005c     release_pem4f.oem4f (.text:xdc_runtime_Startup_getState__I)
                  00003f2c    00000058     drivers_cc13x2.a : PowerCC26X2_calibrateRCOSC.oem4f (.text:PowerCC26X2_initiateCalibration)
                  00003f84    00000058     boot.aem4f : boot.oem4f (.text)
                  00003fdc    00000058     rom_sysbios.aem4f : rom_sysbios.obj (.text:pthread_exit)
                  00004034    00000058                       : rom_sysbios.obj (.text:ti_sysbios_heaps_HeapMem_alloc__E)
                  0000408c    00000056     rf_multiMode_cc13x2.aem4f : RFCC26X2_multiMode.c.cc13x2.ccs.o (.text:RF_defaultSubmitPolicy)
                  000040e2    00000002     rom_sysbios.aem4f : rom_sysbios.obj (.text:xdc_runtime_SysCallback_defaultAbort)
                  000040e4    00000054     driverlib.lib : prcm.obj (.text:NOROM_PRCMPowerDomainsAllOff)
                  00004138    00000054     rf_multiMode_cc13x2.aem4f : RFCC26X2_multiMode.c.cc13x2.ccs.o (.text:RF_fsmXOSCState)
                  0000418c    00000054     dpl_cc13x2.a : SwiP_tirtos.oem4f (.text:SwiP_construct)
                  000041e0    0000004c     ti_drivers_config.obj (.text:Board_wakeUpExtFlash)
                  0000422c    0000004c     driverlib.lib : prcm.obj (.text:NOROM_PRCMPowerDomainsAllOn)
                  00004278    0000004c     rf_multiMode_cc13x2.aem4f : RFCC26X2_multiMode.c.cc13x2.ccs.o (.text:RF_wakeupNotification)
                  000042c4    0000004c     rtsv7M4_T_le_v4SPD16_eabi.lib : cpy_tbl.c.obj (.text:copy_in)
                  00004310    00000048     rf_multiMode_cc13x2.aem4f : rfc.c.cc13x2.ccs.o (.text:NOROM_RFCSynthPowerDown)
                  00004358    00000048     drivers_cc13x2.a : PowerCC26X2_calibrateRCOSC.oem4f (.text:PowerCC26X2_RCOSC_clockFunc)
                  000043a0    00000048                      : PowerCC26X2.oem4f (.text:PowerCC26XX_switchXOSC_HF)
                  000043e8    00000048                      : PowerCC26X2.oem4f (.text:switchXOSCHF)
                  00004430    00000044     driverlib.lib : chipinfo.obj (.text:NOROM_ChipInfo_GetHwRevision)
                  00004474    00000044     drivers_cc13x2.a : PINCC26XX.oem4f (.text:PIN_swi)
                  000044b8    00000044     rtsv7M4_T_le_v4SPD16_eabi.lib : fd_tou_t2.asm.obj (.text)
                  000044fc    00000040     ti_drivers_config.obj (.text:Board_shutDownExtFlash)
                  0000453c    00000040     dpl_cc13x2.a : ClockP_tirtos.oem4f (.text:ClockP_construct)
                  0000457c    00000040     driverlib.lib : osc.obj (.text:NOROM_OSC_HPOSCRelativeFrequencyOffsetGet)
                  000045bc    00000040     drivers_cc13x2.a : PowerCC26X2.oem4f (.text:PowerCC26XX_isStableXOSC_HF)
                  000045fc    00000040     rf_multiMode_cc13x2.aem4f : rf_patch_cpe_prop.c.cc13x2.ccs.o (.text:configurePropPatch)
                  0000463c    00000040     rtsv7M4_T_le_v4SPD16_eabi.lib : u_divt2.asm.obj (.text)
                  0000467c    00000040     rom_sysbios.aem4f : rom_sysbios.obj (.text:ti_sysbios_family_arm_cc26xx_Timer_setThreshold__I)
                  000046bc    0000003e     dpl_cc13x2.a : HwiP_tirtos.oem4f (.text:HwiP_construct)
                  000046fa    00000002     rom_sysbios.aem4f : rom_sysbios.obj (.text:xdc_runtime_SysCallback_defaultExit)
                  000046fc    0000003c     drivers_cc13x2.a : PINCC26XX.oem4f (.text:PIN_setOutputValue)
                  00004738    0000003c     rf_multiMode_cc13x2.aem4f : RFCC26X2_multiMode.c.cc13x2.ccs.o (.text:RF_cmdGet)
                  00004774    0000003c                               : RFCC26X2_multiMode.c.cc13x2.ccs.o (.text:RF_cmdStoreEvents)
                  000047b0    0000003c     rom_sysbios.aem4f : rom_sysbios.obj (.text:ti_sysbios_family_arm_m3_Hwi_construct2__E)
                  000047ec    00000038     drivers_cc13x2.a : PINCC26XX.oem4f (.text:PIN_setConfig)
                  00004824    00000038     rf_multiMode_cc13x2.aem4f : RFCC26X2_multiMode.c.cc13x2.ccs.o (.text:RF_checkCmdFsError)
                  0000485c    00000038                               : RFCC26X2_multiMode.c.cc13x2.ccs.o (.text:RF_powerConstraintRelease)
                  00004894    00000038     drivers_cc13x2.a : PowerCC26X2.oem4f (.text:notify)
                  000048cc    00000038     rtsv7M4_T_le_v4SPD16_eabi.lib : fs_tod_t2.asm.obj (.text)
                  00004904    00000036     rom_sysbios.aem4f : rom_sysbios.obj (.text:ti_sysbios_family_arm_cc26xx_Timer_setNextTick__E)
                  0000493a    00000002                       : rom_sysbios.obj (.text:xdc_runtime_SysCallback_defaultFlush)
                  0000493c    00000034     driverlib.lib : aux_sysif.obj (.text:NOROM_AUXSYSIFOpModeChange)
                  00004970    00000034                   : sys_ctrl.obj (.text:NOROM_SysCtrlIdle)
                  000049a4    00000034     rom_sysbios.aem4f : rom_sysbios.obj (.text:usleep)
                  000049d8    00000030     drivers_cc13x2.a : PowerCC26X2.oem4f (.text:Power_releaseConstraint)
                  00004a08    00000030                      : PowerCC26X2.oem4f (.text:Power_setConstraint)
                  00004a38    00000030     release_pem4f.oem4f (.text:ti_sysbios_BIOS_atExitFunc__I)
                  00004a68    00000030     release_pem4f.oem4f (.text:ti_sysbios_BIOS_startFunc__I)
                  00004a98    00000030     rom_sysbios.aem4f : rom_sysbios.obj (.text:ti_sysbios_family_arm_cc26xx_Timer_getCurrentTick__E)
                  00004ac8    00000030                       : rom_sysbios.obj (.text:ti_sysbios_family_arm_cc26xx_Timer_initDevice__I)
                  00004af8    00000030                       : rom_sysbios.obj (.text:ti_sysbios_knl_Clock_getTimeout__E)
                  00004b28    0000002c     rf_multiMode_cc13x2.aem4f : RFCC26X2_multiMode.c.cc13x2.ccs.o (.text:RF_executeDirectImmediateCmd)
                  00004b54    0000002c     dpl_cc13x2.a : SemaphoreP_tirtos.oem4f (.text:SemaphoreP_constructBinary)
                  00004b80    0000002c     rom_sysbios.aem4f : rom_sysbios.obj (.text:_pthread_delete$45)
                  00004bac    0000002c     rf_multiMode_cc13x2.aem4f : rf_patch_cpe_prop.c.cc13x2.ccs.o (.text:applyPropPatch)
                  00004bd8    0000002c     rom_sysbios.aem4f : rom_sysbios.obj (.text:pthread_setcancelstate)
                  00004c04    0000002c                       : rom_sysbios.obj (.text:ti_sysbios_knl_Clock_getTicksUntilInterrupt__E)
                  00004c30    0000002a     drivers_cc13x2.a : List.oem4f (.text:List_insert)
                  00004c5a    0000002a     rf_multiMode_cc13x2.aem4f : RFCC26X2_multiMode.c.cc13x2.ccs.o (.text:RF_searchAndReplacePAOverride)
                  00004c84    00000028                               : rfc.c.cc13x2.ccs.o (.text:NOROM_RFCOverrideSearch)
                  00004cac    00000028     drivers_cc13x2.a : PowerCC26X2.oem4f (.text:Power_registerNotify)
                  00004cd4    00000028     rf_multiMode_cc13x2.aem4f : RFCC26X2_multiMode.c.cc13x2.ccs.o (.text:RF_calculateDeltaTimeUs)
                  00004cfc    00000028                               : RFCC26X2_multiMode.c.cc13x2.ccs.o (.text:RF_runCmd)
                  00004d24    00000028     drivers_cc13x2.a : PowerCC26X2.oem4f (.text:oscillatorISR)
                  00004d4c    00000026                      : List.oem4f (.text:List_put)
                  00004d72    00000026                      : List.oem4f (.text:List_putHead)
                  00004d98    00000026                      : List.oem4f (.text:List_remove)
                  00004dbe    00000002     rom_sysbios.aem4f : rom_sysbios.obj (.text:xdc_runtime_SysCallback_defaultPutch)
                  00004dc0    00000024     driverlib.lib : osc.obj (.text:NOROM_OSCHF_TurnOnXosc)
                  00004de4    00000024     rf_multiMode_cc13x2.aem4f : rfc.c.cc13x2.ccs.o (.text:NOROM_RFCDoorbellSendTo)
                  00004e08    00000024                               : RFCC26X2_multiMode.c.cc13x2.ccs.o (.text:RF_cmdAlloc)
                  00004e2c    00000024                               : RFCC26X2_multiMode.c.cc13x2.ccs.o (.text:RF_invokeGlobalCallback)
                  00004e50    00000024     rom_sysbios.aem4f : rom_sysbios.obj (.text:_pthread_cleanupFxn)
                  00004e74    00000024     drivers_cc13x2.a : PowerCC26X2_calibrateRCOSC.oem4f (.text:getTdcSemaphore)
                  00004e98    00000024     rom_sysbios.aem4f : rom_sysbios.obj (.text:pthread_attr_init)
                  00004ebc    00000024     release_pem4f.oem4f (.text:ti_sysbios_BIOS_registerRTSLock__I)
                  00004ee0    00000024     release_pem4f.oem4f (.text:ti_sysbios_BIOS_removeRTSLock__I)
                  00004f04    00000024     rom_sysbios.aem4f : rom_sysbios.obj (.text:ti_sysbios_family_arm_cc26xx_Timer_getMaxTicks__E)
                  00004f28    00000022     drivers_cc13x2.a : List.oem4f (.text:List_get)
                  00004f4a    00000002     --HOLE-- [fill = 0]
                  00004f4c    00000020     ti_drivers_config.obj (.text:Board_init)
                  00004f6c    00000020     dpl_cc13x2.a : HwiP_tirtos.oem4f (.text:HwiP_setFunc)
                  00004f8c    00000020     drivers_cc13x2.a : PINCC26XX.oem4f (.text:PINCC26XX_setIoCfgMux)
                  00004fac    00000020     rf_multiMode_cc13x2.aem4f : RFCC26X2_multiMode.c.cc13x2.ccs.o (.text:RF_clkPowerUp)
                  00004fcc    00000020                               : RFCC26X2_multiMode.c.cc13x2.ccs.o (.text:RF_hwiCpe0ChangePhy)
                  00004fec    00000020                               : RFCC26X2_multiMode.c.cc13x2.ccs.o (.text:RF_isStateTransitionAllowed)
                  0000500c    00000020                               : RFCC26X2_multiMode.c.cc13x2.ccs.o (.text:RF_ratIsRunning)
                  0000502c    00000020     rtsv7M4_T_le_v4SPD16_eabi.lib : u_tofd_t2.asm.obj (.text)
                  0000504c    00000020     release_pem4f.oem4f (.text:ti_sysbios_BIOS_rtsLock__I)
                  0000506c    00000020     rom_sysbios.aem4f : rom_sysbios.obj (.text:ti_sysbios_family_arm_cc26xx_Timer_dynamicStub__E)
                  0000508c    00000020                       : rom_sysbios.obj (.text:xdc_runtime_Error_policyMin__E)
                  000050ac    0000001e     drivers_cc13x2.a : PINCC26XX.oem4f (.text:PIN_close)
                  000050ca    0000001e                      : PowerCC26X2.oem4f (.text:Power_getTransitionLatency)
                  000050e8    0000001c     driverlib.lib : chipinfo.obj (.text:NOROM_ChipInfo_GetChipFamily)
                  00005104    0000001c     drivers_cc13x2.a : PINCC26XX.oem4f (.text:PIN_hwi)
                  00005120    0000001c     dpl_cc13x2.a : PowerCC26X2_tirtos.oem4f (.text:PowerCC26XX_schedulerDisable)
                  0000513c    0000001c                  : PowerCC26X2_tirtos.oem4f (.text:PowerCC26XX_schedulerRestore)
                  00005158    0000001c     rf_multiMode_cc13x2.aem4f : RFCC26X2_multiMode.c.cc13x2.ccs.o (.text:RF_clkInactivityCallback)
                  00005174    0000001c                               : RFCC26X2_multiMode.c.cc13x2.ccs.o (.text:RF_getPAOverrideOffsetAndValue)
                  00005190    0000001c                               : RFCC26X2_multiMode.c.cc13x2.ccs.o (.text:RF_powerConstraintSet)
                  000051ac    0000001c     rom_sysbios.aem4f : rom_sysbios.obj (.text:ti_sysbios_knl_Swi_construct2__E)
                  000051c8    0000001c     release_pem4f.oem4f (.text:xdc_runtime_Startup_exec__I)
                  000051e4    0000001a     drivers_cc13x2.a : PowerCC26X2.oem4f (.text:PowerCC26XX_calibrate)
                  000051fe    00000002     --HOLE-- [fill = 0]
                  00005200    00000018     driverlib.lib : chipinfo.obj (.text:NOROM_ChipInfo_GetPackageType)
                  00005218    00000018     drivers_cc13x2.a : PowerCC26X2.oem4f (.text:Power_idleFunc)
                  00005230    00000018     rf_multiMode_cc13x2.aem4f : RFCC26X2_multiMode.c.cc13x2.ccs.o (.text:RF_swiFsm)
                  00005248    00000018     rtsv7M4_T_le_v4SPD16_eabi.lib : args_main.c.obj (.text:_args_main)
                  00005260    00000018                                   : ll_mul_t2.asm.obj (.text)
                  00005278    00000018     drivers_cc13x2.a : PowerCC26X2.oem4f (.text:switchToTCXO)
                  00005290    00000018     release_pem4f.oem4f (.text:ti_sysbios_BIOS_rtsUnlock__I)
                  000052a8    00000018     rom_sysbios.aem4f : rom_sysbios.obj (.text:ti_sysbios_knl_Swi_or__E)
                  000052c0    00000018                       : rom_sysbios.obj (.text:ti_sysbios_rts_ti_ReentSupport_getReent__F)
                  000052d8    00000018                       : rom_sysbios.obj (.text:xdc_runtime_Error_init__E)
                  000052f0    00000016     driverlib.lib : chipinfo.obj (.text:NOROM_ThisLibraryIsFor_CC13x2_CC26x2_HwRev20AndLater_HaltIfViolated)
                  00005306    00000016     rf_multiMode_cc13x2.aem4f : RFCC26X2_multiMode.c.cc13x2.ccs.o (.text:RF_restartClockTimeout)
                  0000531c    00000016     rom_sysbios.aem4f : rom_sysbios.obj (.text:_pthread_cleanup_pop)
                  00005332    00000016     release_pem4f.oem4f (.text:ti_sysbios_BIOS_exitFunc__I)
                  00005348    00000014     drivers_cc13x2.a : List.oem4f (.text:List_clearList)
                  0000535c    00000014     rf_multiMode_cc13x2.aem4f : rfc.c.cc13x2.ccs.o (.text:NOROM_RFCCpeIntGetAndClear)
                  00005370    00000014     drivers_cc13x2.a : PINCC26XX.oem4f (.text:PINCC26XX_getOutputValue)
                  00005384    00000014                      : PowerCC26X2_calibrateRCOSC.oem4f (.text:PowerCC26X2_calibrate)
                  00005398    00000014     rf_multiMode_cc13x2.aem4f : RFCC26X2_multiMode.c.cc13x2.ccs.o (.text:RF_Params_init)
                  000053ac    00000014                               : RFCC26X2_multiMode.c.cc13x2.ccs.o (.text:RF_dbellSyncOnAck)
                  000053c0    00000014                               : RFCC26X2_multiMode.c.cc13x2.ccs.o (.text:RF_ratGetChannel)
                  000053d4    00000014     rom_sysbios.aem4f : rom_sysbios.obj (.text:pthread_attr_setschedparam)
                  000053e8    00000014                       : rom_sysbios.obj (.text:ti_sysbios_family_arm_cc26xx_Timer_getCount64__E)
                  000053fc    00000014     release_pem4f.oem4f (.text:ti_sysbios_knl_Clock_doTick__I)
                  00005410    00000012     dpl_cc13x2.a : SemaphoreP_tirtos.oem4f (.text:SemaphoreP_pend)
                  00005422    00000012     rom_sysbios.aem4f : rom_sysbios.obj (.text:_pthread_runStub$45)
                  00005434    00000010     dpl_cc13x2.a : ClockP_tirtos.oem4f (.text:ClockP_isActive)
                  00005444    00000010                  : HwiP_tirtos.oem4f (.text:HwiP_Params_init)
                  00005454    00000010     rf_multiMode_cc13x2.aem4f : rfc.c.cc13x2.ccs.o (.text:NOROM_RFCHwIntGetAndClear)
                  00005464    00000010     drivers_cc13x2.a : PINCC26XX.oem4f (.text:PINCC26XX_getPinCount)
                  00005474    00000010     rf_multiMode_cc13x2.aem4f : RFCC26X2_multiMode.c.cc13x2.ccs.o (.text:RF_dbellSubmitCmdAsync)
                  00005484    00000010                               : RFCC26X2_multiMode.c.cc13x2.ccs.o (.text:RF_isClientOwner)
                  00005494    00000010     dpl_cc13x2.a : SwiP_tirtos.oem4f (.text:SwiP_Params_init)
                  000054a4    00000010     rom_sysbios.aem4f : rom_sysbios.obj (.text:ti_sysbios_family_arm_m3_Hwi_post__E)
                  000054b4    0000000e     rf_multiMode_cc13x2.aem4f : RFCC26X2_multiMode.c.cc13x2.ccs.o (.text:RF_getSwitchingTimeInUs)
                  000054c2    0000000e     rtsv7M4_T_le_v4SPD16_eabi.lib : copy_decompress_none.c.obj (.text:decompress:none:__TI_decompress_none)
                  000054d0    0000000e     rom_sysbios.aem4f : rom_sysbios.obj (.text:pthread_attr_setdetachstate)
                  000054de    0000000e                       : rom_sysbios.obj (.text:ti_sysbios_family_arm_cc26xx_TimestampProvider_get32__E)
                  000054ec    0000000c     dpl_cc13x2.a : ClockP_tirtos.oem4f (.text:ClockP_getSystemTickPeriod)
                  000054f8    0000000c     driverlib.lib : cpu.obj (.text:NOROM_CPUcpsid)
                  00005504    0000000c                   : cpu.obj (.text:NOROM_CPUcpsie)
                  00005510    0000000c     drivers_cc13x2.a : PowerCC26X2.oem4f (.text:Power_getConstraintMask)
                  0000551c    0000000c                      : PowerCC26X2.oem4f (.text:Power_getDependencyCount)
                  00005528    0000000c     rf_multiMode_cc13x2.aem4f : RFCC26X2_multiMode.c.cc13x2.ccs.o (.text:RF_powerConstraintGet)
                  00005534    0000000c     rtsv7M4_T_le_v4SPD16_eabi.lib : _lock.c.obj (.text:_register_lock)
                  00005540    0000000c                                   : _lock.c.obj (.text:_register_unlock)
                  0000554c    0000000c                                   : copy_zero_init.c.obj (.text:decompress:ZI:__TI_zero_init)
                  00005558    0000000c     rom_sysbios.aem4f : rom_sysbios.obj (.text:pthread_self)
                  00005564    0000000c                       : rom_sysbios.obj (.text:ti_sysbios_knl_Queue_insert__E)
                  00005570    0000000c                       : rom_sysbios.obj (.text:ti_sysbios_knl_Swi_getTrigger__E)
                  0000557c    0000000a     dpl_cc13x2.a : ClockP_tirtos.oem4f (.text:ClockP_Params_init)
                  00005586    0000000a     release_pem4f.oem4f (.text:ti_sysbios_rts_ti_ReentSupport_getTlsAddr__I)
                  00005590    00000008     release_pem4f.oem4f (.text:xdc_runtime_Text_visitRope__I)
                  00005598    00000006     driverlib.lib : cpu.obj (.text:NOROM_CPUdelay)
                  0000559e    00000006     rf_multiMode_cc13x2.aem4f : RFCC26X2_multiMode.c.cc13x2.ccs.o (.text:RF_clkReqAccess)
                  000055a4    00000006     drivers_cc13x2.a : PowerCC26X2.oem4f (.text:delayUs)
                  000055aa    00000006     rom_sysbios.aem4f : rom_sysbios.obj (.text:pthread_attr_setstacksize)
                  000055b0    00000006                       : rom_sysbios.obj (.text:ti_sysbios_family_arm_m3_Hwi_setFunc__E)
                  000055b6    00000004     dpl_cc13x2.a : PowerCC26X2_tirtos.oem4f (.text:CPUwfi)
                  000055ba    00000004                  : ClockP_tirtos.oem4f (.text:ClockP_getTimeout)
                  000055be    00000004                  : ClockP_tirtos.oem4f (.text:ClockP_setTimeout)
                  000055c2    00000004                  : ClockP_tirtos.oem4f (.text:ClockP_start)
                  000055c6    00000004                  : ClockP_tirtos.oem4f (.text:ClockP_stop)
                  000055ca    00000004                  : HwiP_tirtos.oem4f (.text:HwiP_disable)
                  000055ce    00000004                  : HwiP_tirtos.oem4f (.text:HwiP_enableInterrupt)
                  000055d2    00000004                  : HwiP_tirtos.oem4f (.text:HwiP_post)
                  000055d6    00000004     rf_multiMode_cc13x2.aem4f : rfc.c.cc13x2.ccs.o (.text:NOROM_RFCOverrideUpdate)
                  000055da    00000004                               : RFCC26X2_multiMode.c.cc13x2.ccs.o (.text:RF_defaultExecutionPolicy)
                  000055de    00000004     dpl_cc13x2.a : SemaphoreP_tirtos.oem4f (.text:SemaphoreP_post)
                  000055e2    00000004                  : SwiP_tirtos.oem4f (.text:SwiP_disable)
                  000055e6    00000004                  : SwiP_tirtos.oem4f (.text:SwiP_getTrigger)
                  000055ea    00000004                  : SwiP_tirtos.oem4f (.text:SwiP_or)
                  000055ee    00000004     rom_sysbios.aem4f : rom_sysbios.obj (.text:__aeabi_errno_addr)
                  000055f2    00000004     drivers_cc13x2.a : PowerCC26X2.oem4f (.text:configureRFCoreClocks)
                  000055f6    00000004                      : PowerCC26X2.oem4f (.text:nopResourceHandler)
                  000055fa    00000004     rom_sysbios.aem4f : rom_sysbios.obj (.text:ti_sysbios_knl_Clock_isActive__E)
                  000055fe    00000004                       : rom_sysbios.obj (.text:ti_sysbios_knl_Task_getArg1__E)
                  00005602    00000004                       : rom_sysbios.obj (.text:ti_sysbios_knl_Task_getEnv__E)
                  00005606    00000004     release_pem4f.oem4f (.text:xdc_runtime_Startup_reset__I)
                  0000560a    00000004     rom_sysbios.aem4f : rom_sysbios.obj (.text:xdc_runtime_SysCallback_defaultReady)
                  0000560e    00000002     --HOLE-- [fill = 0]
                  00005610    00000008     (.tramp.ti_sysbios_family_arm_m3_Hwi_enableInterrupt__E.1)
                  00005618    00000008     (.tramp.ti_sysbios_knl_Task_self__E.1)
                  00005620    00000008     (.tramp.ti_sysbios_knl_Clock_logTick__E.1)
                  00005628    00000008     (.tramp.ti_sysbios_BIOS_getThreadType__E.1)
                  00005630    00000008     (.tramp.ti_sysbios_knl_Swi_post__E.1)
                  00005638    00000008     (.tramp.ti_sysbios_BIOS_RtsGateProxy_leave__E.1)
                  00005640    00000008     (.tramp.ti_sysbios_knl_Swi_construct.1)
                  00005648    00000008     (.tramp.ti_sysbios_BIOS_RtsGateProxy_enter__E.1)
                  00005650    00000008     (.tramp.ti_sysbios_family_arm_m3_Hwi_disableFxn__E.1)
                  00005658    00000008     (.tramp.ti_sysbios_knl_Clock_TimerProxy_getCurrentTick__E.1)
                  00005660    00000008     (.tramp.ti_sysbios_knl_Task_delete.1)
                  00005668    00000008     (.tramp.ti_sysbios_knl_Semaphore_destruct.1)
                  00005670    00000008     (.tramp.ti_sysbios_knl_Clock_getTicks__E.1)
                  00005678    00000008     (.tramp.ti_sysbios_knl_Task_startup__E.1)
                  00005680    00000008     (.tramp.ti_sysbios_knl_Swi_startup__E.1)
                  00005688    00000008     (.tramp.ti_sysbios_hal_Hwi_startup__E.1)
                  00005690    00000008     (.tramp.ti_sysbios_family_arm_cc26xx_Timer_startup__E.1)
                  00005698    00000008     (.tramp.xdc_runtime_System_atexit__E.1)
                  000056a0    00000008     (.tramp.ti_sysbios_BIOS_linkedWithIncorrectBootLibrary__E.1)
                  000056a8    00000008     (.tramp.xdc_runtime_Startup_rtsDone__E.1)
                  000056b0    00000008     (.tramp.ti_sysbios_knl_Swi_disable__E.1)
                  000056b8    00000008     (.tramp.ti_sysbios_knl_Task_sleep__E.1)
                  000056c0    00000008     (.tramp.ti_sysbios_family_arm_m3_Hwi_construct.1)
                  000056c8    00000008     (.tramp.ti_sysbios_family_arm_m3_Hwi_Params__init__S.1)
                  000056d0    00000008     (.tramp.ti_sysbios_knl_Clock_construct.1)
                  000056d8    00000008     (.tramp.ti_sysbios_knl_Clock_Params__init__S.1)
                  000056e0    00000008     (.tramp.ti_sysbios_knl_Swi_Params__init__S.1)
                  000056e8    00000008     (.tramp.ti_sysbios_heaps_HeapMem_Module_GateProxy_leave__E.1)
                  000056f0    00000008     (.tramp.ti_sysbios_heaps_HeapMem_Module_GateProxy_enter__E.1)
                  000056f8    00000008     (.tramp.xdc_runtime_System_exit__E.1)
                  00005700    00000008     (.tramp.ti_sysbios_heaps_HeapMem_restore__E.1)
                  00005708    00000008     (.tramp.ti_sysbios_heaps_HeapMem_Object__get__S.1)
                  00005710    00000008     (.tramp.ti_sysbios_BIOS_start__E.1)
                  00005718    00000008     (.tramp.xdc_runtime_Error_raiseX__E.1)
                  00005720    00000008     (.tramp.ti_sysbios_BIOS_setThreadType__E.1)
                  00005728    00000008     (.tramp.ti_sysbios_family_arm_m3_Hwi_excFillContext__I.1)
                  00005730    00000008     (.tramp.ti_sysbios_knl_Semaphore_post__E.1)
                  00005738    00000008     (.tramp.xdc_runtime_Memory_free__E.1)
                  00005740    00000008     (.tramp.ti_sysbios_knl_Queue_next__E.1)
                  00005748    00000008     (.tramp.ti_sysbios_knl_Queue_head__E.1)
                  00005750    00000008     (.tramp.ti_sysbios_knl_Semaphore_pend__E.1)
                  00005758    00000008     (.tramp.ti_sysbios_knl_Task_restore__E.1)
                  00005760    00000008     (.tramp.ti_sysbios_knl_Queue_enqueue__E.1)
                  00005768    00000008     (.tramp.ti_sysbios_knl_Queue_empty__E.1)
                  00005770    00000008     (.tramp.ti_sysbios_knl_Queue_remove__E.1)
                  00005778    00000008     (.tramp.ti_sysbios_knl_Task_disable__E.1)
                  00005780    00000008     (.tramp.ti_sysbios_knl_Clock_stop__E.1)
                  00005788    00000008     (.tramp.ti_sysbios_knl_Clock_start__E.1)
                  00005790    00000008     (.tramp.ti_sysbios_knl_Clock_setTimeout__E.1)
                  00005798    00000008     (.tramp.ti_sysbios_knl_Swi_restore__E.1)
                  000057a0    00000008     (.tramp.ti_sysbios_knl_Task_create.1)
                  000057a8    00000008     (.tramp.ti_sysbios_knl_Semaphore_construct.1)
                  000057b0    00000008     (.tramp.ti_sysbios_knl_Semaphore_Params__init__S.1)
                  000057b8    00000008     (.tramp.ti_sysbios_knl_Queue_construct.1)
                  000057c0    00000008     (.tramp.xdc_runtime_Memory_alloc__E.1)
                  000057c8    00000008     (.tramp.ti_sysbios_knl_Task_Params__init__S.1)
                  000057d0    00000008     (.tramp.xdc_runtime_System_doPrint__I.1)
                  000057d8    00000008     (.tramp.ti_sysbios_family_arm_m3_Hwi_restoreFxn__E.1)

.const     0    000057e0    00000784     
                  000057e0    000003b8     release_pem4f.oem4f (.const:ROM_constStruct)
                  00005b98    000001f0     rf_multiMode_cc13x2.aem4f : rf_patch_cpe_prop.c.cc13x2.ccs.o (.const:patchImageProp)
                  00005d88    00000054     drivers_cc13x2.a : PowerCC26X2.oem4f (.const:resourceDB)
                  00005ddc    00000048     release_pem4f.oem4f (.const:.string)
                  00005e24    00000048     release_pem4f.oem4f (.const:ROM_externFuncPtrs)
                  00005e6c    00000024     release_pem4f.oem4f (.const:xdc_runtime_Startup_sfxnTab__A)
                  00005e90    00000020     rf_multiMode_cc13x2.aem4f : RFCC26X2_multiMode.c.cc13x2.ccs.o (.const:RF_defaultParams)
                  00005eb0    0000001c     rfPacketTx.obj (.const:.string:$P$T0$1)
                  00005ecc    00000014     ti_drivers_config.obj (.const:$P$T1$2)
                  00005ee0    00000014     ti_drivers_config.obj (.const:PowerCC26X2_config)
                  00005ef4    00000012     release_pem4f.oem4f (.const:xdc_runtime_Startup_sfxnRts__A)
                  00005f06    00000001     release_pem4f.oem4f (.const:xdc_runtime_Text_charTab__A)
                  00005f07    00000001     --HOLE-- [fill = 0]
                  00005f08    0000000c     ti_drivers_config.obj (.const:RFCC26XX_hwAttrs)
                  00005f14    0000000c     release_pem4f.oem4f (.const:xdc_runtime_Startup_firstFxns__A)
                  00005f20    00000008     driverlib.lib : aux_sysif.obj (.const:$O1$$)
                  00005f28    00000008     ti_drivers_config.obj (.const:$P$T0$1)
                  00005f30    00000008     ti_drivers_config.obj (.const:BoardGpioInitTable)
                  00005f38    00000008     ti_drivers_config.obj (.const:PINCC26XX_hwAttrs)
                  00005f40    00000008     release_pem4f.oem4f (.const:ti_sysbios_family_arm_m3_Hwi_excHookFuncs__A)
                  00005f48    00000008     release_pem4f.oem4f (.const:ti_sysbios_knl_Idle_funcList__A)
                  00005f50    00000004     release_pem4f.oem4f (.const:ti_sysbios_family_arm_m3_Hwi_E_exception__C)
                  00005f54    00000004     release_pem4f.oem4f (.const:ti_sysbios_heaps_HeapMem_primaryHeapBaseAddr__C)
                  00005f58    00000004     release_pem4f.oem4f (.const:ti_sysbios_heaps_HeapMem_primaryHeapEndAddr__C)
                  00005f5c    00000004     release_pem4f.oem4f (.const:ti_sysbios_knl_Clock_tickPeriod__C)
                  00005f60    00000004     release_pem4f.oem4f (.const:ti_sysbios_knl_Task_Object__heap__C)

MODULE SUMMARY

       Module                              code    ro data   rw data
       ------                              ----    -------   -------
    ./
       rfPacketTx.obj                      452     28        310    
       main_tirtos.obj                     104     0         0      
    +--+-----------------------------------+-------+---------+---------+
       Total:                              556     28        310    
                                                                    
    ./syscfg/
       ti_drivers_config.obj               306     76        0      
       ti_radio_config.obj                 0       0         144    
       ti_devices_config.obj               0       88        0      
    +--+-----------------------------------+-------+---------+---------+
       Total:                              306     164       144    
                                                                    
    /Volumes/Storage/shared/anetreba/IOT/Transfer/RX/tirtos_builds_cc13x2_cc26x2_release_ccs/Debug/configPkg/package/cfg/
       release_pem4f.oem4f                 802     1259      1830   
    +--+-----------------------------------+-------+---------+---------+
       Total:                              802     1259      1830   
                                                                    
    /Volumes/Storage/shared/anetreba/IOT/Transfer/RX/tirtos_builds_cc13x2_cc26x2_release_ccs/src/sysbios/rom_sysbios.aem4f
       rom_sysbios.obj                     2265    0         136    
    +--+-----------------------------------+-------+---------+---------+
       Total:                              2265    0         136    
                                                                    
    /Volumes/Storage/shared/anetreba/ti/ccs1020/ccs/tools/compiler/ti-cgt-arm_20.2.2.LTS/lib/rtsv7M4_T_le_v4SPD16_eabi.lib
       fd_add_t2.asm.obj                   438     0         0      
       fd_cmp_t2.asm.obj                   268     0         0      
       fd_mul_t2.asm.obj                   252     0         0      
       memcpy_t2.asm.obj                   156     0         0      
       ull_div_t2.asm.obj                  150     0         0      
       memset_t2.asm.obj                   122     0         0      
       copy_decompress_lzss.c.obj          104     0         0      
       cpy_tbl.c.obj                       76      0         0      
       fd_tou_t2.asm.obj                   68      0         0      
       u_divt2.asm.obj                     64      0         0      
       fs_tod_t2.asm.obj                   56      0         0      
       _lock.c.obj                         26      0         8      
       u_tofd_t2.asm.obj                   32      0         0      
       args_main.c.obj                     24      0         0      
       ll_mul_t2.asm.obj                   24      0         0      
       copy_decompress_none.c.obj          14      0         0      
       copy_zero_init.c.obj                12      0         0      
       stkdepth_vars.c.obj                 0       0         4      
       div0.asm.obj                        2       0         0      
    +--+-----------------------------------+-------+---------+---------+
       Total:                              1888    0         12     
                                                                    
    /Volumes/Storage/shared/anetreba/ti/ccs1020/simplelink_cc13x2_26x2_sdk_4_40_04_04/kernel/tirtos/packages/ti/dpl/lib/ccs/m4f/dpl_cc13x2.a
       PowerCC26X2_tirtos.oem4f            260     0         8      
       HwiP_tirtos.oem4f                   122     0         0      
       ClockP_tirtos.oem4f                 118     0         0      
       SwiP_tirtos.oem4f                   112     0         0      
       SemaphoreP_tirtos.oem4f             66      0         0      
    +--+-----------------------------------+-------+---------+---------+
       Total:                              678     0         8      
                                                                    
    /Volumes/Storage/shared/anetreba/ti/ccs1020/simplelink_cc13x2_26x2_sdk_4_40_04_04/kernel/tirtos/packages/ti/targets/arm/rtsarm/lib/auto_init.aem4f
       auto_init.oem4f                     160     0         0      
    +--+-----------------------------------+-------+---------+---------+
       Total:                              160     0         0      
                                                                    
    /Volumes/Storage/shared/anetreba/ti/ccs1020/simplelink_cc13x2_26x2_sdk_4_40_04_04/kernel/tirtos/packages/ti/targets/arm/rtsarm/lib/boot.aem4f
       boot.oem4f                          88      0         0      
    +--+-----------------------------------+-------+---------+---------+
       Total:                              88      0         0      
                                                                    
    /Volumes/Storage/shared/anetreba/ti/ccs1020/simplelink_cc13x2_26x2_sdk_4_40_04_04/source/ti/devices/cc13x2_cc26x2/driverlib/bin/ccs/driverlib.lib
       sys_ctrl.obj                        420     0         0      
       osc.obj                             340     0         36     
       setup.obj                           324     0         0      
       chipinfo.obj                        250     0         0      
       prcm.obj                            160     0         0      
       aux_sysif.obj                       52      8         0      
       cpu.obj                             30      0         0      
       driverlib_release.obj               0       0         1      
    +--+-----------------------------------+-------+---------+---------+
       Total:                              1576    8         37     
                                                                    
    /Volumes/Storage/shared/anetreba/ti/ccs1020/simplelink_cc13x2_26x2_sdk_4_40_04_04/source/ti/drivers/lib/ccs/m4f/drivers_cc13x2.a
       PowerCC26X2.oem4f                   2164    84        368    
       PINCC26XX.oem4f                     1330    0         328    
       PowerCC26X2_calibrateRCOSC.oem4f    1400    0         0      
       List.oem4f                          210     0         0      
    +--+-----------------------------------+-------+---------+---------+
       Total:                              5104    84        696    
                                                                    
    /Volumes/Storage/shared/anetreba/ti/ccs1020/simplelink_cc13x2_26x2_sdk_4_40_04_04/source/ti/drivers/rf/lib/rf_multiMode_cc13x2.aem4f
       RFCC26X2_multiMode.c.cc13x2.ccs.o   8132    32        1301   
       rf_patch_cpe_prop.c.cc13x2.ccs.o    108     496       1      
       rfc.c.cc13x2.ccs.o                  302     0         0      
    +--+-----------------------------------+-------+---------+---------+
       Total:                              8542    528       1302   
                                                                    
       Stack:                              0       0         1024   
       Linker Generated:                   464     571       0      
    +--+-----------------------------------+-------+---------+---------+
       Grand Total:                        22429   2642      5499   


LINKER GENERATED COPY TABLES

__TI_cinit_table @ 00006180 records: 5, size/record: 8, table size: 40
	.data: load addr=00005f68, load size=000001e7 bytes, run addr=20004110, run size=00000b33 bytes, compression=lzss
	.bss: load addr=00006160, load size=00000008 bytes, run addr=20004c48, run size=00000564 bytes, compression=zero_init
	.data:xdcRomConstPtr: load addr=00006168, load size=00000008 bytes, run addr=20000100, run size=00000004 bytes, compression=lzss
	.data:xdcRomExternFuncPtr: load addr=00006170, load size=00000008 bytes, run addr=20000104, run size=00000004 bytes, compression=lzss
	.data:xdcRomStatePtr: load addr=00006178, load size=00000008 bytes, run addr=20000108, run size=00000004 bytes, compression=lzss


LINKER GENERATED HANDLER TABLE

__TI_handler_table @ 00006150 records: 3, size/record: 4, table size: 12
	index: 0, handler: __TI_decompress_lzss
	index: 1, handler: __TI_decompress_none
	index: 2, handler: __TI_zero_init


FAR CALL TRAMPOLINES

callee name               trampoline name
   callee addr  tramp addr   call addr  call info
--------------  -----------  ---------  ----------------
ti_sysbios_family_arm_m3_Hwi_enableInterrupt__E  $Tramp$TT$L$PI$$ti_sysbios_family_arm_m3_Hwi_enableInterrupt__E
   1002d91d     00005610     000055ce   dpl_cc13x2.a : HwiP_tirtos.oem4f (.text:HwiP_enableInterrupt)
ti_sysbios_knl_Task_self__E  $Tramp$TT$L$PI$$ti_sysbios_knl_Task_self__E
   1002eaf5     00005618     0000555a   rom_sysbios.aem4f : rom_sysbios.obj (.text:pthread_self)
                             00005588   release_pem4f.oem4f (.text:ti_sysbios_rts_ti_ReentSupport_getTlsAddr__I)
ti_sysbios_knl_Clock_logTick__E  $Tramp$TT$L$PI$$ti_sysbios_knl_Clock_logTick__E
   1002dbd7     00005620     000053fe   release_pem4f.oem4f (.text:ti_sysbios_knl_Clock_doTick__I)
ti_sysbios_BIOS_getThreadType__E  $Tramp$TT$L$PI$$ti_sysbios_BIOS_getThreadType__E
   1002ea95     00005628     000052c2   rom_sysbios.aem4f : rom_sysbios.obj (.text:ti_sysbios_rts_ti_ReentSupport_getReent__F)
ti_sysbios_knl_Swi_post__E  $Tramp$TT$L$PI$$ti_sysbios_knl_Swi_post__E
   1002d891     00005630     000052bc   rom_sysbios.aem4f : rom_sysbios.obj (.text:ti_sysbios_knl_Swi_or__E)
                             00005406   release_pem4f.oem4f (.text:ti_sysbios_knl_Clock_doTick__I)
ti_sysbios_BIOS_RtsGateProxy_leave__E  $Tramp$TT$L$PI$$ti_sysbios_BIOS_RtsGateProxy_leave__E
   1002ec7b     00005638     0000529e   release_pem4f.oem4f (.text:ti_sysbios_BIOS_rtsUnlock__I)
ti_sysbios_knl_Swi_construct  $Tramp$TT$L$PI$$ti_sysbios_knl_Swi_construct
   1002d719     00005640     000051b2   rom_sysbios.aem4f : rom_sysbios.obj (.text:ti_sysbios_knl_Swi_construct2__E)
ti_sysbios_BIOS_RtsGateProxy_enter__E  $Tramp$TT$L$PI$$ti_sysbios_BIOS_RtsGateProxy_enter__E
   1002ec77     00005648     00005052   release_pem4f.oem4f (.text:ti_sysbios_BIOS_rtsLock__I)
ti_sysbios_family_arm_m3_Hwi_disableFxn__E  $Tramp$TT$L$PI$$ti_sysbios_family_arm_m3_Hwi_disableFxn__E
   1002eb55     00005650     00004f74   dpl_cc13x2.a : HwiP_tirtos.oem4f (.text:HwiP_setFunc)
                             000055ca                : HwiP_tirtos.oem4f (.text:HwiP_disable)
ti_sysbios_knl_Clock_TimerProxy_getCurrentTick__E  $Tramp$TT$L$PI$$ti_sysbios_knl_Clock_TimerProxy_getCurrentTick__E
   1002eac5     00005658     00004c16   rom_sysbios.aem4f : rom_sysbios.obj (.text:ti_sysbios_knl_Clock_getTicksUntilInterrupt__E)
ti_sysbios_knl_Task_delete  $Tramp$TT$L$PI$$ti_sysbios_knl_Task_delete
   1002ece7     00005660     00004b94   rom_sysbios.aem4f : rom_sysbios.obj (.text:_pthread_delete$45)
ti_sysbios_knl_Semaphore_destruct  $Tramp$TT$L$PI$$ti_sysbios_knl_Semaphore_destruct
   1002e6fd     00005668     00004b88   rom_sysbios.aem4f : rom_sysbios.obj (.text:_pthread_delete$45)
ti_sysbios_knl_Clock_getTicks__E  $Tramp$TT$L$PI$$ti_sysbios_knl_Clock_getTicks__E
   1002dc11     00005670     00004b0c   rom_sysbios.aem4f : rom_sysbios.obj (.text:ti_sysbios_knl_Clock_getTimeout__E)
ti_sysbios_knl_Task_startup__E  $Tramp$TT$L$PI$$ti_sysbios_knl_Task_startup__E
   1002eceb     00005678     00004a8c   release_pem4f.oem4f (.text:ti_sysbios_BIOS_startFunc__I)
ti_sysbios_knl_Swi_startup__E  $Tramp$TT$L$PI$$ti_sysbios_knl_Swi_startup__E
   1002ec6b     00005680     00004a88   release_pem4f.oem4f (.text:ti_sysbios_BIOS_startFunc__I)
ti_sysbios_hal_Hwi_startup__E  $Tramp$TT$L$PI$$ti_sysbios_hal_Hwi_startup__E
   1002ec31     00005688     00004a84   release_pem4f.oem4f (.text:ti_sysbios_BIOS_startFunc__I)
ti_sysbios_family_arm_cc26xx_Timer_startup__E  $Tramp$TT$L$PI$$ti_sysbios_family_arm_cc26xx_Timer_startup__E
   1002dcf1     00005690     00004a80   release_pem4f.oem4f (.text:ti_sysbios_BIOS_startFunc__I)
xdc_runtime_System_atexit__E  $Tramp$TT$L$PI$$xdc_runtime_System_atexit__E
   1002f559     00005698     00004a78   release_pem4f.oem4f (.text:ti_sysbios_BIOS_startFunc__I)
ti_sysbios_BIOS_linkedWithIncorrectBootLibrary__E  $Tramp$TT$L$PI$$ti_sysbios_BIOS_linkedWithIncorrectBootLibrary__E
   1002d01b     000056a0     00004a72   release_pem4f.oem4f (.text:ti_sysbios_BIOS_startFunc__I)
xdc_runtime_Startup_rtsDone__E  $Tramp$TT$L$PI$$xdc_runtime_Startup_rtsDone__E
   1002f8e5     000056a8     00004a6a   release_pem4f.oem4f (.text:ti_sysbios_BIOS_startFunc__I)
ti_sysbios_knl_Swi_disable__E  $Tramp$TT$L$PI$$ti_sysbios_knl_Swi_disable__E
   1002ea25     000056b0     00004a3a   release_pem4f.oem4f (.text:ti_sysbios_BIOS_atExitFunc__I)
                             0000512a   dpl_cc13x2.a : PowerCC26X2_tirtos.oem4f (.text:PowerCC26XX_schedulerDisable)
                             000055e2                : SwiP_tirtos.oem4f (.text:SwiP_disable)
ti_sysbios_knl_Task_sleep__E  $Tramp$TT$L$PI$$ti_sysbios_knl_Task_sleep__E
   1002ce01     000056b8     000049c8   rom_sysbios.aem4f : rom_sysbios.obj (.text:usleep)
ti_sysbios_family_arm_m3_Hwi_construct  $Tramp$TT$L$PI$$ti_sysbios_family_arm_m3_Hwi_construct
   1002d421     000056c0     000047ca   rom_sysbios.aem4f : rom_sysbios.obj (.text:ti_sysbios_family_arm_m3_Hwi_construct2__E)
ti_sysbios_family_arm_m3_Hwi_Params__init__S  $Tramp$TT$L$PI$$ti_sysbios_family_arm_m3_Hwi_Params__init__S
   1002eb49     000056c8     000046d8   dpl_cc13x2.a : HwiP_tirtos.oem4f (.text:HwiP_construct)
ti_sysbios_knl_Clock_construct  $Tramp$TT$L$PI$$ti_sysbios_knl_Clock_construct
   1002dd8d     000056d0     00004572   dpl_cc13x2.a : ClockP_tirtos.oem4f (.text:ClockP_construct)
ti_sysbios_knl_Clock_Params__init__S  $Tramp$TT$L$PI$$ti_sysbios_knl_Clock_Params__init__S
   1002eb9d     000056d8     00004558   dpl_cc13x2.a : ClockP_tirtos.oem4f (.text:ClockP_construct)
ti_sysbios_knl_Swi_Params__init__S  $Tramp$TT$L$PI$$ti_sysbios_knl_Swi_Params__init__S
   1002ebf1     000056e0     000041b6   dpl_cc13x2.a : SwiP_tirtos.oem4f (.text:SwiP_construct)
ti_sysbios_heaps_HeapMem_Module_GateProxy_leave__E  $Tramp$TT$L$PI$$ti_sysbios_heaps_HeapMem_Module_GateProxy_leave__E
   1002ecaf     000056e8     0000405a   rom_sysbios.aem4f : rom_sysbios.obj (.text:ti_sysbios_heaps_HeapMem_alloc__E)
ti_sysbios_heaps_HeapMem_Module_GateProxy_enter__E  $Tramp$TT$L$PI$$ti_sysbios_heaps_HeapMem_Module_GateProxy_enter__E
   1002ecab     000056f0     00004044   rom_sysbios.aem4f : rom_sysbios.obj (.text:ti_sysbios_heaps_HeapMem_alloc__E)
xdc_runtime_System_exit__E  $Tramp$TT$L$PI$$xdc_runtime_System_exit__E
   1002f7b1     000056f8     00003fc4   boot.aem4f : boot.oem4f (.text)
                             00005342   release_pem4f.oem4f (.text:ti_sysbios_BIOS_exitFunc__I)
ti_sysbios_heaps_HeapMem_restore__E  $Tramp$TT$L$PI$$ti_sysbios_heaps_HeapMem_restore__E
   1002eb13     00005700     00003eb8   rom_sysbios.aem4f : rom_sysbios.obj (.text:ti_sysbios_heaps_HeapMem_initPrimary__I)
ti_sysbios_heaps_HeapMem_Object__get__S  $Tramp$TT$L$PI$$ti_sysbios_heaps_HeapMem_Object__get__S
   1002e275     00005708     00003e88   rom_sysbios.aem4f : rom_sysbios.obj (.text:ti_sysbios_heaps_HeapMem_initPrimary__I)
ti_sysbios_BIOS_start__E  $Tramp$TT$L$PI$$ti_sysbios_BIOS_start__E
   1002eaa5     00005710     00003cea   main_tirtos.obj (.text:main)
xdc_runtime_Error_raiseX__E  $Tramp$TT$L$PI$$xdc_runtime_Error_raiseX__E
   1002f739     00005718     0000346a   rom_sysbios.aem4f : rom_sysbios.obj (.text:ti_sysbios_family_arm_m3_Hwi_excHandlerMin__I)
                             00004074                     : rom_sysbios.obj (.text:ti_sysbios_heaps_HeapMem_alloc__E)
ti_sysbios_BIOS_setThreadType__E  $Tramp$TT$L$PI$$ti_sysbios_BIOS_setThreadType__E
   1002ea11     00005720     0000342a   rom_sysbios.aem4f : rom_sysbios.obj (.text:ti_sysbios_family_arm_m3_Hwi_excHandlerMin__I)
                             00004a44   release_pem4f.oem4f (.text:ti_sysbios_BIOS_atExitFunc__I)
                             0000533c   release_pem4f.oem4f (.text:ti_sysbios_BIOS_exitFunc__I)
ti_sysbios_family_arm_m3_Hwi_excFillContext__I  $Tramp$TT$L$PI$$ti_sysbios_family_arm_m3_Hwi_excFillContext__I
   1002bda9     00005728     00003424   rom_sysbios.aem4f : rom_sysbios.obj (.text:ti_sysbios_family_arm_m3_Hwi_excHandlerMin__I)
ti_sysbios_knl_Semaphore_post__E  $Tramp$TT$L$PI$$ti_sysbios_knl_Semaphore_post__E
   1002cd21     00005730     00002fbe   rom_sysbios.aem4f : rom_sysbios.obj (.text:_pthread_removeThreadKeys)
                             0000400c                     : rom_sysbios.obj (.text:pthread_exit)
                             000055de   dpl_cc13x2.a : SemaphoreP_tirtos.oem4f (.text:SemaphoreP_post)
xdc_runtime_Memory_free__E  $Tramp$TT$L$PI$$xdc_runtime_Memory_free__E
   1002f81d     00005738     00002fb4   rom_sysbios.aem4f : rom_sysbios.obj (.text:_pthread_removeThreadKeys)
                             00004ba0                     : rom_sysbios.obj (.text:_pthread_delete$45)
ti_sysbios_knl_Queue_next__E  $Tramp$TT$L$PI$$ti_sysbios_knl_Queue_next__E
   1002ecd7     00005740     00002f8e   rom_sysbios.aem4f : rom_sysbios.obj (.text:_pthread_removeThreadKeys)
ti_sysbios_knl_Queue_head__E  $Tramp$TT$L$PI$$ti_sysbios_knl_Queue_head__E
   1002ecd3     00005748     00002f7a   rom_sysbios.aem4f : rom_sysbios.obj (.text:_pthread_removeThreadKeys)
ti_sysbios_knl_Semaphore_pend__E  $Tramp$TT$L$PI$$ti_sysbios_knl_Semaphore_pend__E
   1002bfb1     00005750     00002f74   rom_sysbios.aem4f : rom_sysbios.obj (.text:_pthread_removeThreadKeys)
                             00005412   dpl_cc13x2.a : SemaphoreP_tirtos.oem4f (.text:SemaphoreP_pend)
ti_sysbios_knl_Task_restore__E  $Tramp$TT$L$PI$$ti_sysbios_knl_Task_restore__E
   1002df45     00005758     00002b3a   rom_sysbios.aem4f : rom_sysbios.obj (.text:ti_sysbios_knl_Task_setPri__E)
                             00002f68                     : rom_sysbios.obj (.text:_pthread_removeThreadKeys)
                             00002fc8                     : rom_sysbios.obj (.text:_pthread_removeThreadKeys)
                             0000401e                     : rom_sysbios.obj (.text:pthread_exit)
                             00004e60                     : rom_sysbios.obj (.text:_pthread_cleanupFxn)
                             0000514a   dpl_cc13x2.a : PowerCC26X2_tirtos.oem4f (.text:PowerCC26XX_schedulerRestore)
ti_sysbios_knl_Queue_enqueue__E  $Tramp$TT$L$PI$$ti_sysbios_knl_Queue_enqueue__E
   1002ebd9     00005760     00002b0c   rom_sysbios.aem4f : rom_sysbios.obj (.text:ti_sysbios_knl_Task_setPri__E)
ti_sysbios_knl_Queue_empty__E  $Tramp$TT$L$PI$$ti_sysbios_knl_Queue_empty__E
   1002eb21     00005768     00002af4   rom_sysbios.aem4f : rom_sysbios.obj (.text:ti_sysbios_knl_Task_setPri__E)
                             00002f60                     : rom_sysbios.obj (.text:_pthread_removeThreadKeys)
ti_sysbios_knl_Queue_remove__E  $Tramp$TT$L$PI$$ti_sysbios_knl_Queue_remove__E
   1002eb2f     00005770     00002aee   rom_sysbios.aem4f : rom_sysbios.obj (.text:ti_sysbios_knl_Task_setPri__E)
                             00002f96                     : rom_sysbios.obj (.text:_pthread_removeThreadKeys)
                             00002f9c                     : rom_sysbios.obj (.text:_pthread_removeThreadKeys)
ti_sysbios_knl_Task_disable__E  $Tramp$TT$L$PI$$ti_sysbios_knl_Task_disable__E
   1002ea4d     00005778     00002ab4   rom_sysbios.aem4f : rom_sysbios.obj (.text:ti_sysbios_knl_Task_setPri__E)
                             00002f56                     : rom_sysbios.obj (.text:_pthread_removeThreadKeys)
                             00004012                     : rom_sysbios.obj (.text:pthread_exit)
                             00004a3e   release_pem4f.oem4f (.text:ti_sysbios_BIOS_atExitFunc__I)
                             00004e52   rom_sysbios.aem4f : rom_sysbios.obj (.text:_pthread_cleanupFxn)
                             00005122   dpl_cc13x2.a : PowerCC26X2_tirtos.oem4f (.text:PowerCC26XX_schedulerDisable)
ti_sysbios_knl_Clock_stop__E  $Tramp$TT$L$PI$$ti_sysbios_knl_Clock_stop__E
   1002e2c5     00005780     0000257a   dpl_cc13x2.a : PowerCC26X2_tirtos.oem4f (.text:PowerCC26XX_standbyPolicy)
                             000055c6                : ClockP_tirtos.oem4f (.text:ClockP_stop)
ti_sysbios_knl_Clock_start__E  $Tramp$TT$L$PI$$ti_sysbios_knl_Clock_start__E
   1002e9e7     00005788     00002566   dpl_cc13x2.a : PowerCC26X2_tirtos.oem4f (.text:PowerCC26XX_standbyPolicy)
                             000055c2                : ClockP_tirtos.oem4f (.text:ClockP_start)
ti_sysbios_knl_Clock_setTimeout__E  $Tramp$TT$L$PI$$ti_sysbios_knl_Clock_setTimeout__E
   1002ecc3     00005790     00002560   dpl_cc13x2.a : PowerCC26X2_tirtos.oem4f (.text:PowerCC26XX_standbyPolicy)
                             000055be                : ClockP_tirtos.oem4f (.text:ClockP_setTimeout)
ti_sysbios_knl_Swi_restore__E  $Tramp$TT$L$PI$$ti_sysbios_knl_Swi_restore__E
   1002db61     00005798     000022cc   rf_multiMode_cc13x2.aem4f : RFCC26X2_multiMode.c.cc13x2.ccs.o (.text:RF_pendCmd)
                             000022fe                             : RFCC26X2_multiMode.c.cc13x2.ccs.o (.text:RF_pendCmd)
                             00002350                             : RFCC26X2_multiMode.c.cc13x2.ccs.o (.text:RF_pendCmd)
                             00005142   dpl_cc13x2.a : PowerCC26X2_tirtos.oem4f (.text:PowerCC26XX_schedulerRestore)
ti_sysbios_knl_Task_create  $Tramp$TT$L$PI$$ti_sysbios_knl_Task_create
   1002d529     000057a0     0000217a   rom_sysbios.aem4f : rom_sysbios.obj (.text:pthread_create)
ti_sysbios_knl_Semaphore_construct  $Tramp$TT$L$PI$$ti_sysbios_knl_Semaphore_construct
   1002ddc1     000057a8     00002170   rom_sysbios.aem4f : rom_sysbios.obj (.text:pthread_create)
                             00004b76   dpl_cc13x2.a : SemaphoreP_tirtos.oem4f (.text:SemaphoreP_constructBinary)
ti_sysbios_knl_Semaphore_Params__init__S  $Tramp$TT$L$PI$$ti_sysbios_knl_Semaphore_Params__init__S
   1002ebe5     000057b0     0000215e   rom_sysbios.aem4f : rom_sysbios.obj (.text:pthread_create)
                             00004b66   dpl_cc13x2.a : SemaphoreP_tirtos.oem4f (.text:SemaphoreP_constructBinary)
ti_sysbios_knl_Queue_construct  $Tramp$TT$L$PI$$ti_sysbios_knl_Queue_construct
   1002dee5     000057b8     00002152   rom_sysbios.aem4f : rom_sysbios.obj (.text:pthread_create)
xdc_runtime_Memory_alloc__E  $Tramp$TT$L$PI$$xdc_runtime_Memory_alloc__E
   1002f289     000057c0     000020fa   rom_sysbios.aem4f : rom_sysbios.obj (.text:pthread_create)
ti_sysbios_knl_Task_Params__init__S  $Tramp$TT$L$PI$$ti_sysbios_knl_Task_Params__init__S
   1002ec09     000057c8     000020e6   rom_sysbios.aem4f : rom_sysbios.obj (.text:pthread_create)
xdc_runtime_System_doPrint__I  $Tramp$TT$L$PI$$xdc_runtime_System_doPrint__I
   1002ecf1     000057d0     0000131a   release_pem4f.oem4f (.text:xdc_runtime_System_printfExtend__I)
ti_sysbios_family_arm_m3_Hwi_restoreFxn__E  $Tramp$TT$L$PI$$ti_sysbios_family_arm_m3_Hwi_restoreFxn__E
   1002ec47     000057d8     000000f8   rf_multiMode_cc13x2.aem4f : RFCC26X2_multiMode.c.cc13x2.ccs.o (.text:RF_fsmActiveState)
                             000001f8                             : RFCC26X2_multiMode.c.cc13x2.ccs.o (.text:RF_fsmActiveState)
                             00000298                             : RFCC26X2_multiMode.c.cc13x2.ccs.o (.text:RF_fsmActiveState)
                             00000388                             : RFCC26X2_multiMode.c.cc13x2.ccs.o (.text:RF_fsmActiveState)
                             0000040c                             : RFCC26X2_multiMode.c.cc13x2.ccs.o (.text:RF_fsmActiveState)
                             00000498                             : RFCC26X2_multiMode.c.cc13x2.ccs.o (.text:RF_fsmActiveState)
                             000004bc                             : RFCC26X2_multiMode.c.cc13x2.ccs.o (.text:RF_fsmActiveState)
                             00000532                             : RFCC26X2_multiMode.c.cc13x2.ccs.o (.text:RF_open)
                             0000062a                             : RFCC26X2_multiMode.c.cc13x2.ccs.o (.text:RF_open)
                             0000169a                             : RFCC26X2_multiMode.c.cc13x2.ccs.o (.text:RF_radioOpDoneCb)
                             00001986                             : RFCC26X2_multiMode.c.cc13x2.ccs.o (.text:RF_abortCmd)
                             00001b56   drivers_cc13x2.a : PINCC26XX.oem4f (.text:PINCC26XX_setIoCfg)
                             00001b9c                    : PINCC26XX.oem4f (.text:PINCC26XX_setIoCfg)
                             00002284   rf_multiMode_cc13x2.aem4f : RFCC26X2_multiMode.c.cc13x2.ccs.o (.text:RF_postCmd)
                             00002492                             : RFCC26X2_multiMode.c.cc13x2.ccs.o (.text:RF_swiHw)
                             0000267c   drivers_cc13x2.a : PowerCC26X2.oem4f (.text:Power_releaseDependency)
                             000027f2                    : PowerCC26X2.oem4f (.text:Power_setDependency)
                             00003360   rf_multiMode_cc13x2.aem4f : RFCC26X2_multiMode.c.cc13x2.ccs.o (.text:RF_issueRadioFreeCb)
                             00003378                             : RFCC26X2_multiMode.c.cc13x2.ccs.o (.text:RF_issueRadioFreeCb)
                             000035f8                             : RFCC26X2_multiMode.c.cc13x2.ccs.o (.text:RF_ratFreeChannel)
                             000037a2                             : RFCC26X2_multiMode.c.cc13x2.ccs.o (.text:RF_yield)
                             000037d6                             : RFCC26X2_multiMode.c.cc13x2.ccs.o (.text:RF_yield)
                             000038dc                             : RFCC26X2_multiMode.c.cc13x2.ccs.o (.text:RF_getCurrentTime)
                             00003918                             : RFCC26X2_multiMode.c.cc13x2.ccs.o (.text:RF_getCurrentTime)
                             00003b44                             : RFCC26X2_multiMode.c.cc13x2.ccs.o (.text:RF_dispatchNextEvent)
                             00003f52   drivers_cc13x2.a : PowerCC26X2_calibrateRCOSC.oem4f (.text:PowerCC26X2_initiateCalibration)
                             000043bc                    : PowerCC26X2.oem4f (.text:PowerCC26XX_switchXOSC_HF)
                             00004406                    : PowerCC26X2.oem4f (.text:switchXOSCHF)
                             000045e6                    : PowerCC26X2.oem4f (.text:PowerCC26XX_isStableXOSC_HF)
                             000047aa   rf_multiMode_cc13x2.aem4f : RFCC26X2_multiMode.c.cc13x2.ccs.o (.text:RF_cmdStoreEvents)
                             00004884                             : RFCC26X2_multiMode.c.cc13x2.ccs.o (.text:RF_powerConstraintRelease)
                             000049fc   drivers_cc13x2.a : PowerCC26X2.oem4f (.text:Power_releaseConstraint)
                             00004a2c                    : PowerCC26X2.oem4f (.text:Power_setConstraint)
                             00004c54                    : List.oem4f (.text:List_insert)
                             00004d6c                    : List.oem4f (.text:List_put)
                             00004d92                    : List.oem4f (.text:List_putHead)
                             00004db8                    : List.oem4f (.text:List_remove)
                             00004f42                    : List.oem4f (.text:List_get)
                             00004f86   dpl_cc13x2.a : HwiP_tirtos.oem4f (.text:HwiP_setFunc)
                             000051a0   rf_multiMode_cc13x2.aem4f : RFCC26X2_multiMode.c.cc13x2.ccs.o (.text:RF_powerConstraintSet)
                             00005356   drivers_cc13x2.a : List.oem4f (.text:List_clearList)

[58 trampolines]
[132 trampoline calls]


GLOBAL SYMBOLS: SORTED ALPHABETICALLY BY Name 

address   name                                                               
-------   ----                                                               
00005f30  BoardGpioInitTable                                                 
00004f4d  Board_init                                                         
00000e1b  Board_initHook                                                     
0000327d  Board_sendExtFlashByte                                             
000044fd  Board_shutDownExtFlash                                             
000041e1  Board_wakeUpExtFlash                                               
0000557d  ClockP_Params_init                                                 
0000453d  ClockP_construct                                                   
000054ed  ClockP_getSystemTickPeriod                                         
1002dc11  ClockP_getSystemTicks                                              
000055bb  ClockP_getTimeout                                                  
00005435  ClockP_isActive                                                    
000055bf  ClockP_setTimeout                                                  
000055c3  ClockP_start                                                       
000055c7  ClockP_stop                                                        
00004000  HEAPSIZE                                                           
00005445  HwiP_Params_init                                                   
000046bd  HwiP_construct                                                     
000055cb  HwiP_disable                                                       
000055cf  HwiP_enableInterrupt                                               
000055d3  HwiP_post                                                          
1002ec47  HwiP_restore                                                       
00004f6d  HwiP_setFunc                                                       
UNDEFED   ITM_flush                                                          
UNDEFED   ITM_restore                                                        
00005349  List_clearList                                                     
00004f29  List_get                                                           
00004c31  List_insert                                                        
00004d4d  List_put                                                           
00004d73  List_putHead                                                       
00004d99  List_remove                                                        
[...]
1002eb3d  xdc_runtime_Timestamp_SupportProxy_getFreq__E                      
1002eb3d  xdc_runtime_Timestamp_SupportProxy_getFreq__E                      
1002eb3d  xdc_runtime_Timestamp_getFreq__E                                   
1002eb3d  xdc_runtime_Timestamp_getFreq__E                                   
1002eb49  ti_sysbios_family_arm_m3_Hwi_Params__init__S                       
1002eb49  ti_sysbios_hal_Hwi_HwiProxy_Params__init__S                        
1002eb55  ti_sysbios_family_arm_m3_Hwi_disableFxn__E                         
1002eb61  ti_sysbios_family_arm_m3_Hwi_enableFxn__E                          
1002eb6d  ti_sysbios_gates_GateHwi_enter__E                                  
1002eb79  ti_sysbios_BIOS_RtsGateProxy_Params__init__S                       
1002eb79  ti_sysbios_gates_GateMutex_Params__init__S                         
1002eb79  ti_sysbios_heaps_HeapMem_Module_GateProxy_Params__init__S          
1002eb85  ti_sysbios_heaps_HeapTrack_Params__init__S                         
1002eb91  ti_sysbios_heaps_HeapTrack_isBlocking__E                           
1002eb9d  ti_sysbios_knl_Clock_Params__init__S                               
1002eba9  ti_sysbios_knl_Clock_getTimerHandle__E                             
1002ebb5  ti_sysbios_knl_Event_Params__init__S                               
1002ebc1  ti_sysbios_knl_Mailbox_Params__init__S                             
1002ebcd  ti_sysbios_knl_Queue_dequeue__E                                    
1002ebd9  ti_sysbios_knl_Queue_enqueue__E                                    
1002ebe5  ti_sysbios_knl_Semaphore_Params__init__S                           
1002ebf1  ti_sysbios_knl_Swi_Params__init__S                                 
1002ebfd  ti_sysbios_knl_Swi_self__E                                         
1002ec09  ti_sysbios_knl_Task_Params__init__S                                
1002ec15  ti_sysbios_hal_Hwi_Instance_finalize__E                            
1002ec1f  ti_sysbios_knl_Event_Instance_init__E                              
1002ec29  ti_sysbios_family_arm_m3_Hwi_doSwiRestore__I                       
1002ec31  ti_sysbios_family_arm_m3_Hwi_startup__E                            
1002ec31  ti_sysbios_hal_Hwi_HwiProxy_startup__E                             
1002ec31  ti_sysbios_hal_Hwi_HwiProxy_startup__E                             
1002ec31  ti_sysbios_hal_Hwi_startup__E                                      
1002ec31  ti_sysbios_hal_Hwi_startup__E                                      
1002ec39  ti_sysbios_knl_Idle_loop__E                                        
1002ec41  ti_sysbios_family_arm_m3_Hwi_doTaskRestore__I                      
1002ec47  HwiP_restore                                                       
1002ec47  ti_sysbios_family_arm_m3_Hwi_restoreFxn__E                         
1002ec4d  ti_sysbios_gates_GateHwi_leave__E                                  
1002ec53  ti_sysbios_gates_GateMutex_Instance_finalize__E                    
1002ec59  ti_sysbios_heaps_HeapMem_isBlocking__E                             
1002ec5f  ti_sysbios_knl_Queue_Instance_init__E                              
1002ec65  ti_sysbios_knl_Queue_elemClear__E                                  
1002ec6b  ti_sysbios_knl_Swi_startup__E                                      
1002ec71  ti_sysbios_knl_Task_enable__E                                      
1002ec77  ti_sysbios_BIOS_RtsGateProxy_enter__E                              
1002ec7b  ti_sysbios_BIOS_RtsGateProxy_leave__E                              
1002ec7f  ti_sysbios_family_arm_cc26xx_Timer_getExpiredTicks__E              
1002ec83  ti_sysbios_family_arm_cc26xx_Timer_getPeriod__E                    
1002ec87  ti_sysbios_family_arm_cc26xx_Timer_setPeriod__E                    
1002ec8b  ti_sysbios_family_arm_m3_Hwi_delete                                
1002ec8f  ti_sysbios_family_arm_m3_TaskSupport_Module__startupDone__S        
1002ec8f  ti_sysbios_knl_Task_SupportProxy_Module__startupDone__S            
1002ec93  ti_sysbios_gates_GateHwi_query__E                                  
1002ec93  xdc_runtime_Main_Module_GateProxy_query__E                         
1002ec93  xdc_runtime_System_Module_GateProxy_query__E                       
1002ec93  xdc_runtime_System_Module_GateProxy_query__E                       
1002ec97  ti_sysbios_gates_GateMutex_delete                                  
1002ec9b  ti_sysbios_BIOS_RtsGateProxy_query__E                              
1002ec9b  ti_sysbios_BIOS_RtsGateProxy_query__E                              
1002ec9b  ti_sysbios_gates_GateMutex_query__E                                
1002ec9b  ti_sysbios_heaps_HeapMem_Module_GateProxy_query__E                 
1002ec9b  ti_sysbios_heaps_HeapMem_Module_GateProxy_query__E                 
1002ec9f  ti_sysbios_hal_Hwi_HwiProxy_create                                 
1002eca3  ti_sysbios_hal_Hwi_HwiProxy_delete                                 
1002eca7  ti_sysbios_hal_Hwi_delete                                          
1002ecab  ti_sysbios_heaps_HeapMem_Module_GateProxy_enter__E                 
1002ecaf  ti_sysbios_heaps_HeapMem_Module_GateProxy_leave__E                 
1002ecb3  ti_sysbios_knl_Clock_TimerProxy_getExpiredTicks__E                 
1002ecb7  ti_sysbios_knl_Clock_TimerProxy_getPeriod__E                       
1002ecbb  ti_sysbios_knl_Clock_delete                                        
1002ecbf  ti_sysbios_knl_Clock_removeI__E                                    
1002ecc3  ti_sysbios_knl_Clock_setTimeout__E                                 
1002ecc7  ti_sysbios_knl_Event_delete                                        
1002eccb  ti_sysbios_knl_Mailbox_delete                                      
1002eccf  ti_sysbios_knl_Queue_delete                                        
1002ecd3  ti_sysbios_knl_Queue_head__E                                       
1002ecd7  ti_sysbios_knl_Queue_next__E                                       
1002ecdb  ti_sysbios_knl_Semaphore_delete                                    
1002ecdf  ti_sysbios_knl_Swi_delete                                          
1002ece3  ti_sysbios_knl_Swi_postInit__I                                     
1002ece7  ti_sysbios_knl_Task_delete                                         
1002eceb  ti_sysbios_knl_Task_startup__E                                     
1002ecf1  xdc_runtime_System_doPrint__I                                      
1002f055  xdc_runtime_Startup_startMods__I                                   
1002f15d  xdc_runtime_Text_putSite__E                                        
1002f1f7  xdc_runtime_Error_policySpin__E                                    
1002f1f9  xdc_runtime_Text_putMod__E                                         
1002f289  xdc_runtime_Memory_alloc__E                                        
1002f2f9  xdc_runtime_Core_createObject__I                                   
1002f367  xdc_runtime_Core_deleteObject__I                                   
1002f3c5  xdc_runtime_Text_putLab__E                                         
1002f421  xdc_runtime_Assert_raise__I                                        
1002f475  xdc_runtime_Startup_exec__E                                        
1002f4c9  xdc_runtime_Core_assignParams__I                                   
1002f511  xdc_runtime_Core_constructObject__I                                
1002f559  xdc_runtime_System_atexit__E                                       
1002f5a1  xdc_runtime_Text_xprintf__I                                        
1002f5e5  xdc_runtime_System_processAtExit__E                                
1002f625  xdc_runtime_System_putchar__I                                      
1002f659  xdc_runtime_Core_assignLabel__I                                    
1002f689  xdc_runtime_Text_printVisFxn__I                                    
1002f6b9  xdc_runtime_System_vprintf__E                                      
1002f6e5  xdc_runtime_Text_cordText__E                                       
1002f711  xdc_runtime_System_abort__E                                        
1002f739  xdc_runtime_Error_raiseX__E                                        
1002f759  xdc_runtime_Registry_findById__E                                   
1002f779  xdc_runtime_Error_check__E                                         
1002f795  xdc_runtime_Memory_valloc__E                                       
1002f7b1  xdc_runtime_System_exit__E                                         
1002f7cd  xdc_runtime_Text_ropeText__E                                       
1002f7e9  xdc_runtime_System_printf__E                                       
1002f803  xdc_runtime_Core_destructObject__I                                 
1002f81b  xdc_runtime_System_abortSpin__E                                    
1002f81d  xdc_runtime_Memory_free__E                                         
1002f831  xdc_runtime_Memory_getStats__E                                     
1002f845  xdc_runtime_SysCallback_abort__E                                   
1002f845  xdc_runtime_System_SupportProxy_abort__E                           
1002f859  xdc_runtime_SysCallback_exit__E                                    
1002f859  xdc_runtime_System_SupportProxy_exit__E                            
1002f86d  xdc_runtime_SysCallback_flush__E                                   
1002f86d  xdc_runtime_System_SupportProxy_flush__E                           
1002f86d  xdc_runtime_System_flush__E                                        
1002f881  xdc_runtime_SysCallback_putch__E                                   
1002f881  xdc_runtime_System_SupportProxy_putch__E                           
1002f895  xdc_runtime_SysCallback_ready__E                                   
1002f895  xdc_runtime_System_SupportProxy_ready__E                           
1002f8a9  xdc_runtime_Memory_getMaxDefaultTypeAlign__E                       
1002f8b9  xdc_runtime_System_vsnprintf__E                                    
1002f8c9  xdc_runtime_Timestamp_SupportProxy_get32__E                        
1002f8c9  xdc_runtime_Timestamp_SupportProxy_get32__E                        
1002f8c9  xdc_runtime_Timestamp_get32__E                                     
1002f8c9  xdc_runtime_Timestamp_get32__E                                     
1002f8d9  xdc_runtime_Memory_calloc__E                                       
1002f8e5  xdc_runtime_Startup_rtsDone__E                                     
1002f8f1  xdc_runtime_Memory_HeapProxy_alloc__E                              
1002f8fb  xdc_runtime_Memory_HeapProxy_free__E                               
1002f905  xdc_runtime_Memory_HeapProxy_getStats__E                           
1002f90f  xdc_runtime_Gate_leaveSystem__E                                    
1002f915  xdc_runtime_System_Module_startup__E                               
1002f91b  xdc_runtime_Gate_enterSystem__E                                    
1002f91f  xdc_runtime_SysCallback_Module__startupDone__S                     
1002f91f  xdc_runtime_System_SupportProxy_Module__startupDone__S             
1002f923  xdc_runtime_System_Module_GateProxy_enter__E                       
1002f927  xdc_runtime_System_Module_GateProxy_leave__E                       
1002f92b  xdc_runtime_System_printf_va__F                                    
1002f92f  xdc_runtime_System_exitSpin__E                                     
1002f931  ti_sysbios_family_arm_m3_Hwi_dispatch__I                           
1002fa11  ti_sysbios_family_arm_m3_Hwi_interruptsAreDisabledButShouldNotBe   
1002fa2d  ti_sysbios_family_arm_m3_TaskSupport_buildTaskStack                
1002fab9  ti_sysbios_family_arm_m3_Hwi_initStacks__E                         
1002fb11  ti_sysbios_family_arm_m3_Hwi_pendSV__I                             
1002fb35  ti_sysbios_family_arm_m3_Hwi_return                                
1002fb39  ti_sysbios_family_arm_m3_Hwi_excHandlerAsm__I                      
1002fb59  ti_sysbios_family_xxx_Hwi_switchAndRunFunc                         
1002fb77  ti_sysbios_family_arm_m3_TaskSupport_swap__E                       
1002fb77  ti_sysbios_knl_Task_SupportProxy_swap__E                           
1002fb77  ti_sysbios_knl_Task_SupportProxy_swap__E                           
1002fb83  ti_sysbios_knl_Task_swapReturn                                     
1002fb8f  ti_sysbios_family_arm_m3_TaskSupport_glue                          
1002fba0  ti_sysbios_knl_Task_Object__PARAMS__C                              
1002fbdc  ti_sysbios_knl_Mailbox_Object__PARAMS__C                           
1002fc10  ti_sysbios_family_arm_m3_Hwi_Object__PARAMS__C                     
1002fc40  ti_sysbios_hal_Hwi_Object__PARAMS__C                               
1002fc6c  ti_sysbios_knl_Swi_Object__PARAMS__C                               
1002fc94  ti_sysbios_heaps_HeapMem_Object__PARAMS__C                         
1002fcb8  ti_sysbios_knl_Clock_Object__PARAMS__C                             
1002fcdc  ti_sysbios_knl_Semaphore_Object__PARAMS__C                         
1002fd00  ti_sysbios_gates_GateHwi_Object__PARAMS__C                         
1002fd18  ti_sysbios_gates_GateMutex_Object__PARAMS__C                       
1002fd30  ti_sysbios_knl_Event_Object__PARAMS__C                             
1002fd48  ti_sysbios_knl_Queue_Object__PARAMS__C                             
1002fd80  ti_sysbios_heaps_HeapTrack_Object__PARAMS__C                       
1002fd9c  ti_sysbios_heaps_HeapTrack_Instance_State_trackQueue__O            
1002fda0  ti_sysbios_heaps_HeapTrack_Module__diagsEnabled__C                 
1002fda4  ti_sysbios_heaps_HeapTrack_Module__diagsIncluded__C                
1002fda8  ti_sysbios_heaps_HeapTrack_Module__diagsMask__C                    
1002fddb  strlen                                                             
20000000  __start___llvm_prf_cnts                                            
20000000  __stop___llvm_prf_cnts                                             
20000000  ti_sysbios_family_arm_m3_Hwi_ramVectors                            
20000100  xdcRomConstPtr                                                     
20000104  xdcRomExternFuncPtr                                                
20000108  xdcRomStatePtr                                                     
20000110  __primary_heap_start__                                             
20004110  __primary_heap_end__                                               
20004608  PowerCC26X2_module                                                 
20004778  ROM_stateStruct                                                    
20004778  ti_sysbios_knl_Clock_Module__state__V                              
200047a4  ti_sysbios_family_arm_cc26xx_TimestampProvider_Module__state__V    
200047a8  xdc_runtime_Startup_Module__state__V                               
200047b0  xdc_runtime_Registry_Module__state__V                              
200047b8  ti_sysbios_BIOS_Module__state__V                                   
200047dc  ti_sysbios_knl_Swi_Module__state__V                                
200047f8  ti_sysbios_knl_Task_Module__state__V                               
2000483c  xdc_runtime_Memory_Module__state__V                                
20004840  xdc_runtime_System_Module__state__V                                
20004848  ti_sysbios_family_arm_m3_Hwi_Module__state__V                      
2000487c  ti_sysbios_family_arm_cc26xx_Timer_Module__state__V                
2000490c  ti_sysbios_gates_GateMutex_Object__table__V                        
20004960  ti_sysbios_knl_Task_Object__table__V                               
200049ac  main_func_sp                                                       
200049b0  ti_sysbios_family_arm_cc26xx_Timer_Object__table__V                
200049f8  ti_sysbios_knl_Swi_Module_State_0_readyQ__A                        
20004a28  ti_sysbios_knl_Swi_Object__table__V                                
20004a58  ti_sysbios_knl_Task_Module_State_0_readyQ__A                       
20004a88  RF_cmdPropRadioDivSetup                                            
20004ab0  pOverrides                                                         
20004ad8  _hposcCoeffs                                                       
20004afc  ti_sysbios_knl_Clock_Object__table__V                              
20004b1c  xdc_runtime_Error_IgnoreBlock                                      
20004b3c  RF_cmdFs                                                           
20004b54  RF_cmdPropTx                                                       
20004b6c  ti_sysbios_family_arm_m3_Hwi_Object__table__V                      
20004b84  ti_sysbios_heaps_HeapMem_Object__table__V                          
20004b9c  RF_prop                                                            
20004bac  _lock                                                              
20004bb0  _unlock                                                            
20004bb4  RFCC26XX_schedulerPolicy                                           
20004bbc  pinUpperBound                                                      
20004bc0  pinLowerBound                                                      
20004bc4  pinTable                                                           
20004bcc  ti_sysbios_family_arm_m3_Hwi_Module__root__V                       
20004bd4  ti_sysbios_gates_GateHwi_Module__root__V                           
20004bdc  ti_sysbios_gates_GateMutex_Module__root__V                         
20004be4  ti_sysbios_hal_Hwi_Module__root__V                                 
20004bec  ti_sysbios_heaps_HeapMem_Module__root__V                           
20004bf4  ti_sysbios_knl_Clock_Module__root__V                               
20004bfc  ti_sysbios_knl_Event_Module__root__V                               
20004c04  ti_sysbios_knl_Mailbox_Module__root__V                             
20004c0c  ti_sysbios_knl_Queue_Module__root__V                               
20004c14  ti_sysbios_knl_Semaphore_Module__root__V                           
20004c1c  ti_sysbios_knl_Swi_Module__root__V                                 
20004c24  ti_sysbios_knl_Task_Module__root__V                                
20004c2c  xdc_runtime_System_Module_State_0_atexitHandlers__A                
20004c34  ti_sysbios_family_arm_m3_Hwi_Module_State_0_excContext__A          
20004c38  ti_sysbios_family_arm_m3_Hwi_Module_State_0_excStack__A            
20004c3c  ti_sysbios_knl_Task_Module_State_0_idleTask__A                     
20004c40  ti_sysbios_family_arm_m3_Hwi_Module_State_0_excActive__A           
20004c48  ti_sysbios_knl_Task_Instance_State_0_stack__A                      
20004f40  ti_sysbios_family_arm_m3_Hwi_dispatchTable                         
20005018  pinHandleTable                                                     
2000519f  driverlib_release_0_59848                                          
200051a4  PowerCC26XX_swiKey                                                 
200051a8  PowerCC26XX_taskKey                                                
20013c00  __stack                                                            
20014000  __STACK_END                                                        
e000e000  ti_sysbios_family_arm_m3_Hwi_nvic                                  
ffffffff  __TI_pprof_out_hndl                                                
ffffffff  __TI_prof_data_size                                                
ffffffff  __TI_prof_data_start                                               
ffffffff  __binit__                                                          
ffffffff  __c_args__                                                         
ffffffff  binit                                                              
UNDEFED   ITM_flush                                                          
UNDEFED   ITM_restore                                                        
UNDEFED   SHT$$INIT_ARRAY$$Base                                              
UNDEFED   SHT$$INIT_ARRAY$$Limit                                             

[846 symbols]
