******************************************************************************
                  TI ARM Linker Unix v20.2.2                   
******************************************************************************
>> Linked Sun Feb  7 22:39:18 2021

OUTPUT FILE NAME:   <rfPacketTx_CC1352R1_LAUNCHXL_tirtos_ccs.out>
ENTRY POINT SYMBOL: "ResetISR"  address: 00003f6d


MEMORY CONFIGURATION

         name            origin    length      used     unused   attr    fill
----------------------  --------  ---------  --------  --------  ----  --------
  FLASH                 00000000   00058000  000061fc  00051e04  R  X
  GPRAM                 11000000   00002000  00000000  00002000  RW X
  SRAM                  20000000   00014000  0000557f  0000ea81  RW X
  LOG_DATA              90000000   00040000  00000000  00040000  R   


SEGMENT ALLOCATION MAP

run origin  load origin   length   init length attrs members
----------  ----------- ---------- ----------- ----- -------
00000000    00000000    000061a8   000061a8    r-x
  00000000    00000000    0000003c   0000003c    r-- .resetVecs
  0000003c    0000003c    000057c0   000057c0    r-x .text
  000057fc    000057fc    00000768   00000768    r-- .const
  00005f68    00005f68    00000240   00000240    r-- .cinit
00057fa8    00057fa8    00000058   00000058    r--
  00057fa8    00057fa8    00000058   00000058    r-- .ccfg
20000100    20000100    0000000c   00000000    rw-
  20000100    20000100    00000004   00000000    rw- .data:xdcRomConstPtr
  20000104    20000104    00000004   00000000    rw- .data:xdcRomExternFuncPtr
  20000108    20000108    00000004   00000000    rw- .data:xdcRomStatePtr
20000110    20000110    00004000   00000000    r--
  20000110    20000110    00004000   00000000    r-- .priheap
20004110    20004110    0000109c   00000000    rw-
  20004110    20004110    00000b37   00000000    rw- .data
  20004c48    20004c48    00000564   00000000    rw- .bss
20013c00    20013c00    00000400   00000000    rw-
  20013c00    20013c00    00000400   00000000    rw- .stack


SECTION ALLOCATION MAP

 output                                  attributes/
section   page    origin      length       input sections
--------  ----  ----------  ----------   ----------------
.binit     0    00000000    00000000     

.cinit     0    00005f68    00000240     
                  00005f68    000001e8     (.cinit..data.load) [load image, compression = lzss]
                  00006150    0000000c     (__TI_handler_table)
                  0000615c    00000004     --HOLE-- [fill = 0]
                  00006160    00000008     (.cinit..bss.load) [load image, compression = zero_init]
                  00006168    00000008     (.cinit..data:xdcRomConstPtr.load) [load image, compression = lzss]
                  00006170    00000008     (.cinit..data:xdcRomExternFuncPtr.load) [load image, compression = lzss]
                  00006178    00000008     (.cinit..data:xdcRomStatePtr.load) [load image, compression = lzss]
                  00006180    00000028     (__TI_cinit_table)

.init_array 
*          0    00000000    00000000     UNINITIALIZED

.ccfg      0    00057fa8    00000058     
                  00057fa8    00000058     ti_devices_config.obj (.ccfg:retain)

.data      0    20004110    00000b37     UNINITIALIZED
                  20004110    000004f8     rf_multiMode_cc13x2.aem4f : RFCC26X2_multiMode.c.cc13x2.ccs.o (.data:$O1$$)
                  20004608    00000170     drivers_cc13x2.a : PowerCC26X2.oem4f (.data:PowerCC26X2_module)
                  20004778    0000010c     release_pem4f.oem4f (.data:ROM_stateStruct)
                  20004884    00000088     rom_sysbios.aem4f : rom_sysbios.obj (.data:$O1$$)
                  2000490c    00000054     release_pem4f.oem4f (.data:ti_sysbios_gates_GateMutex_Object__table__V)
                  20004960    0000004c     release_pem4f.oem4f (.data:ti_sysbios_knl_Task_Object__table__V)
                  200049ac    00000004     rtsv7M4_T_le_v4SPD16_eabi.lib : rand.c.obj (.data)
                  200049b0    00000048     release_pem4f.oem4f (.data:ti_sysbios_family_arm_cc26xx_Timer_Object__table__V)
                  200049f8    00000030     release_pem4f.oem4f (.data:ti_sysbios_knl_Swi_Module_State_0_readyQ__A)
                  20004a28    00000030     release_pem4f.oem4f (.data:ti_sysbios_knl_Swi_Object__table__V)
                  20004a58    00000030     release_pem4f.oem4f (.data:ti_sysbios_knl_Task_Module_State_0_readyQ__A)
                  20004a88    00000028     ti_radio_config.obj (.data:RF_cmdPropRadioDivSetup)
                  20004ab0    00000028     ti_radio_config.obj (.data:pOverrides)
                  20004ad8    00000024     driverlib.lib : osc.obj (.data:$O1$$)
                  20004afc    00000020     release_pem4f.oem4f (.data:ti_sysbios_knl_Clock_Object__table__V)
                  20004b1c    00000020     release_pem4f.oem4f (.data:xdc_runtime_Error_IgnoreBlock)
                  20004b3c    00000018     ti_radio_config.obj (.data:RF_cmdFs)
                  20004b54    00000018     ti_radio_config.obj (.data:RF_cmdPropTx)
                  20004b6c    00000018     release_pem4f.oem4f (.data:ti_sysbios_family_arm_m3_Hwi_Object__table__V)
                  20004b84    00000018     release_pem4f.oem4f (.data:ti_sysbios_heaps_HeapMem_Object__table__V)
                  20004b9c    00000010     ti_radio_config.obj (.data:RF_prop)
                  20004bac    00000008     rtsv7M4_T_le_v4SPD16_eabi.lib : _lock.c.obj (.data:$O1$$)
                  20004bb4    00000008     rf_multiMode_cc13x2.aem4f : RFCC26X2_multiMode.c.cc13x2.ccs.o (.data:RFCC26XX_schedulerPolicy)
                  20004bbc    00000008     drivers_cc13x2.a : PINCC26XX.oem4f (.data)
                  20004bc4    00000008     rfPacketTx.obj (.data:pinTable)
                  20004bcc    00000008     release_pem4f.oem4f (.data:ti_sysbios_family_arm_m3_Hwi_Module__root__V)
                  20004bd4    00000008     release_pem4f.oem4f (.data:ti_sysbios_gates_GateHwi_Module__root__V)
                  20004bdc    00000008     release_pem4f.oem4f (.data:ti_sysbios_gates_GateMutex_Module__root__V)
                  20004be4    00000008     release_pem4f.oem4f (.data:ti_sysbios_hal_Hwi_Module__root__V)
                  20004bec    00000008     release_pem4f.oem4f (.data:ti_sysbios_heaps_HeapMem_Module__root__V)
                  20004bf4    00000008     release_pem4f.oem4f (.data:ti_sysbios_knl_Clock_Module__root__V)
                  20004bfc    00000008     release_pem4f.oem4f (.data:ti_sysbios_knl_Event_Module__root__V)
                  20004c04    00000008     release_pem4f.oem4f (.data:ti_sysbios_knl_Mailbox_Module__root__V)
                  20004c0c    00000008     release_pem4f.oem4f (.data:ti_sysbios_knl_Queue_Module__root__V)
                  20004c14    00000008     release_pem4f.oem4f (.data:ti_sysbios_knl_Semaphore_Module__root__V)
                  20004c1c    00000008     release_pem4f.oem4f (.data:ti_sysbios_knl_Swi_Module__root__V)
                  20004c24    00000008     release_pem4f.oem4f (.data:ti_sysbios_knl_Task_Module__root__V)
                  20004c2c    00000008     release_pem4f.oem4f (.data:xdc_runtime_System_Module_State_0_atexitHandlers__A)
                  20004c34    00000004     rtsv7M4_T_le_v4SPD16_eabi.lib : stkdepth_vars.c.obj (.data)
                  20004c38    00000004     release_pem4f.oem4f (.data:ti_sysbios_family_arm_m3_Hwi_Module_State_0_excContext__A)
                  20004c3c    00000004     release_pem4f.oem4f (.data:ti_sysbios_family_arm_m3_Hwi_Module_State_0_excStack__A)
                  20004c40    00000004     release_pem4f.oem4f (.data:ti_sysbios_knl_Task_Module_State_0_idleTask__A)
                  20004c44    00000002     release_pem4f.oem4f (.data:ti_sysbios_family_arm_m3_Hwi_Module_State_0_excActive__A)
                  20004c46    00000001     rf_multiMode_cc13x2.aem4f : rf_patch_cpe_prop.c.cc13x2.ccs.o (.data)

.bss       0    20004c48    00000564     UNINITIALIZED
                  20004c48    00000200     release_pem4f.oem4f (.bss:taskStackSection)
                  20004e48    000000f8     rfPacketTx.obj (.bss:rfObject)
                  20004f40    000000d8     (.common:ti_sysbios_family_arm_m3_Hwi_dispatchTable)
                  20005018    0000007c     (.common:pinHandleTable)
                  20005094    00000050     drivers_cc13x2.a : PINCC26XX.oem4f (.bss:pinSemaphore)
                  200050e4    00000034                      : PINCC26XX.oem4f (.bss:pinSwi)
                  20005118    00000020     rfPacketTx.obj (.bss:packet)
                  20005138    00000020     drivers_cc13x2.a : PINCC26XX.oem4f (.bss:pinGpioConfigTable)
                  20005158    0000001c                      : PINCC26XX.oem4f (.bss:pinHwi)
                  20005174    00000014     rf_multiMode_cc13x2.aem4f : RFCC26X2_multiMode.c.cc13x2.ccs.o (.bss:RF_ratSyncCmd)
                  20005188    0000000c     rfPacketTx.obj (.bss:ledPinState)
                  20005194    0000000a     rfPacketTx.obj (.bss)
                  2000519e    00000001     rf_multiMode_cc13x2.aem4f : RFCC26X2_multiMode.c.cc13x2.ccs.o (.bss)
                  2000519f    00000001     (.common:driverlib_release_0_59848)
                  200051a0    00000004     drivers_cc13x2.a : PINCC26XX.oem4f (.bss)
                  200051a4    00000004     (.common:PowerCC26XX_swiKey)
                  200051a8    00000004     (.common:PowerCC26XX_taskKey)

.stack     0    20013c00    00000400     UNINITIALIZED
                  20013c00    00000400     --HOLE--

.priheap   0    20000110    00004000     UNINITIALIZED
                  20000110    00004000     --HOLE--

.log_data 
*          0    90000000    00000000     COPY SECTION

.data:xdcRomConstPtr 
*          0    20000100    00000004     UNINITIALIZED
                  20000100    00000004     release_pem4f.oem4f (.data:xdcRomConstPtr)

.data:xdcRomExternFuncPtr 
*          0    20000104    00000004     UNINITIALIZED
                  20000104    00000004     release_pem4f.oem4f (.data:xdcRomExternFuncPtr)

.data:xdcRomStatePtr 
*          0    20000108    00000004     UNINITIALIZED
                  20000108    00000004     release_pem4f.oem4f (.data:xdcRomStatePtr)

.bootVecs 
*          0    00000000    00000008     DSECT
                  00000000    00000008     boot.aem4f : boot.oem4f (.bootVecs)

.resetVecs 
*          0    00000000    0000003c     
                  00000000    0000003c     release_pem4f.oem4f (.resetVecs)

.vecs      0    20000000    000000d8     NOLOAD SECTION
                  20000000    000000d8     release_pem4f.oem4f (.vecs)

xdc.meta   0    00000000    0000010d     COPY SECTION
                  00000000    0000010d     release_pem4f.oem4f (xdc.meta)

xdc.noload 
*          0    00000000    00000000     COPY SECTION

__llvm_prf_cnts 
*          0    20000000    00000000     UNINITIALIZED

.text      0    0000003c    000057c0     
                  0000003c    000004b0     rf_multiMode_cc13x2.aem4f : RFCC26X2_multiMode.c.cc13x2.ccs.o (.text:RF_fsmActiveState)
                  000004ec    00000200                               : RFCC26X2_multiMode.c.cc13x2.ccs.o (.text:RF_open)
                  000006ec    000001e0     drivers_cc13x2.a : PINCC26XX.oem4f (.text:PIN_init)
                  000008cc    000001d4     rf_multiMode_cc13x2.aem4f : RFCC26X2_multiMode.c.cc13x2.ccs.o (.text:RF_dispatchNextCmd)
                  00000aa0    000001b6     rtsv7M4_T_le_v4SPD16_eabi.lib : fd_add_t2.asm.obj (.text)
                  00000c56    00000002     ti_drivers_config.obj (.text:Board_initHook)
                  00000c58    000001ac     rfPacketTx.obj (.text:mainThread)
                  00000e04    00000198     drivers_cc13x2.a : PowerCC26X2.oem4f (.text:Power_sleep)
                  00000f9c    00000190                      : PowerCC26X2_calibrateRCOSC.oem4f (.text:calibrateRcoscHf1)
                  0000112c    0000018c                      : PowerCC26X2_calibrateRCOSC.oem4f (.text:runCalibrateFsm)
                  000012b8    00000188     release_pem4f.oem4f (.text:xdc_runtime_System_printfExtend__I)
                  00001440    00000174     drivers_cc13x2.a : PowerCC26X2.oem4f (.text:Power_init)
                  000015b4    00000154     rf_multiMode_cc13x2.aem4f : RFCC26X2_multiMode.c.cc13x2.ccs.o (.text:RF_radioOpDoneCb)
                  00001708    00000148                               : RFCC26X2_multiMode.c.cc13x2.ccs.o (.text:RF_fsmSetupState)
                  00001850    00000138                               : RFCC26X2_multiMode.c.cc13x2.ccs.o (.text:RF_abortCmd)
                  00001988    00000120     drivers_cc13x2.a : PowerCC26X2.oem4f (.text:configureXOSCHF)
                  00001aa8    00000114                      : PINCC26XX.oem4f (.text:PINCC26XX_setIoCfg)
                  00001bbc    00000112     rf_multiMode_cc13x2.aem4f : RFCC26X2_multiMode.c.cc13x2.ccs.o (.text:RF_decodeOverridePointers)
                  00001cce    00000002                               : rfc.c.cc13x2.ccs.o (.text:NOROM_RFCCpePatchReset)
                  00001cd0    00000104                               : RFCC26X2_multiMode.c.cc13x2.ccs.o (.text:RF_hwiCpe0Active)
                  00001dd4    000000fc     rtsv7M4_T_le_v4SPD16_eabi.lib : fd_mul_t2.asm.obj (.text)
                  00001ed0    000000f0     driverlib.lib : sys_ctrl.obj (.text:NOROM_SysCtrlStandby)
                  00001fc0    000000f0     rf_multiMode_cc13x2.aem4f : RFCC26X2_multiMode.c.cc13x2.ccs.o (.text:RF_fsmPowerUpState)
                  000020b0    000000ec     rom_sysbios.aem4f : rom_sysbios.obj (.text:pthread_create)
                  0000219c    000000e4     rf_multiMode_cc13x2.aem4f : RFCC26X2_multiMode.c.cc13x2.ccs.o (.text:RF_postCmd)
                  00002280    000000d8                               : RFCC26X2_multiMode.c.cc13x2.ccs.o (.text:RF_pendCmd)
                  00002358    000000d2                               : RFCC26X2_multiMode.c.cc13x2.ccs.o (.text:RF_updatePaConfiguration)
                  0000242a    00000002                               : RFCC26X2_multiMode.c.cc13x2.ccs.o (.text:RF_defaultCallback)
                  0000242c    000000d0                               : RFCC26X2_multiMode.c.cc13x2.ccs.o (.text:RF_swiHw)
                  000024fc    000000c8     dpl_cc13x2.a : PowerCC26X2_tirtos.oem4f (.text:PowerCC26XX_standbyPolicy)
                  000025c4    000000c0     drivers_cc13x2.a : PowerCC26X2.oem4f (.text:Power_releaseDependency)
                  00002684    000000bc     rf_multiMode_cc13x2.aem4f : RFCC26X2_multiMode.c.cc13x2.ccs.o (.text:RF_initRadioSetup)
                  00002740    000000b8     drivers_cc13x2.a : PowerCC26X2.oem4f (.text:Power_setDependency)
                  000027f8    000000ac                      : PINCC26XX.oem4f (.text:PIN_open)
                  000028a4    000000ac     driverlib.lib : setup.obj (.text:TrimAfterColdResetWakeupFromShutDown)
                  00002950    000000a4     rf_multiMode_cc13x2.aem4f : RFCC26X2_multiMode.c.cc13x2.ccs.o (.text:RF_ratRestartChannels)
                  000029f4    000000a0     auto_init.aem4f : auto_init.oem4f (.text)
                  00002a94    000000a0     rom_sysbios.aem4f : rom_sysbios.obj (.text:ti_sysbios_knl_Task_setPri__E)
                  00002b34    0000009c     rtsv7M4_T_le_v4SPD16_eabi.lib : memcpy_t2.asm.obj (.text)
                  00002bd0    00000098     driverlib.lib : setup.obj (.text:NOROM_SetupTrimDevice)
                  00002c68    00000098     rf_multiMode_cc13x2.aem4f : RFCC26X2_multiMode.c.cc13x2.ccs.o (.text:RF_calculateDispatchTime)
                  00002d00    00000096     rtsv7M4_T_le_v4SPD16_eabi.lib : ull_div_t2.asm.obj (.text)
                  00002d96    00000002                                   : _lock.c.obj (.text:_nop)
                  00002d98    00000090     rf_multiMode_cc13x2.aem4f : RFCC26X2_multiMode.c.cc13x2.ccs.o (.text:RF_discardPendCmd)
                  00002e28    00000088     driverlib.lib : osc.obj (.text:NOROM_OSCHF_AttemptToSwitchToXosc)
                  00002eb0    00000088     rf_multiMode_cc13x2.aem4f : RFCC26X2_multiMode.c.cc13x2.ccs.o (.text:RF_cmdDispatchTime)
                  00002f38    00000088     rom_sysbios.aem4f : rom_sysbios.obj (.text:_pthread_removeThreadKeys)
                  00002fc0    00000088     drivers_cc13x2.a : PowerCC26X2_calibrateRCOSC.oem4f (.text:calibrateRcoscHf2)
                  00003048    00000088                      : PowerCC26X2.oem4f (.text:disableLFClockQualifiers)
                  000030d0    00000088                      : PowerCC26X2_calibrateRCOSC.oem4f (.text:updateSubSecInc)
                  00003158    00000086     rtsv7M4_T_le_v4SPD16_eabi.lib : fd_cmp_t2.asm.obj (.text:__aeabi_cdcmple)
                  000031de    00000086                                   : fd_cmp_t2.asm.obj (.text:__aeabi_cdrcmple)
                  00003264    00000084     ti_drivers_config.obj (.text:Board_sendExtFlashByte)
                  000032e8    00000084     rf_multiMode_cc13x2.aem4f : RFCC26X2_multiMode.c.cc13x2.ccs.o (.text:RF_issueRadioFreeCb)
                  0000336c    00000084                               : RFCC26X2_multiMode.c.cc13x2.ccs.o (.text:RF_verifyGap)
                  000033f0    00000084     rom_sysbios.aem4f : rom_sysbios.obj (.text:ti_sysbios_family_arm_m3_Hwi_excHandlerMin__I)
                  00003474    00000080     driverlib.lib : sys_ctrl.obj (.text:NOROM_SysCtrlSetRechargeBeforePowerDown)
                  000034f4    00000080     rom_sysbios.aem4f : rom_sysbios.obj (.text:ti_sysbios_family_arm_cc26xx_Timer_start__E)
                  00003574    0000007c     rf_multiMode_cc13x2.aem4f : RFCC26X2_multiMode.c.cc13x2.ccs.o (.text:RF_ratFreeChannel)
                  000035f0    0000007a     rtsv7M4_T_le_v4SPD16_eabi.lib : memset_t2.asm.obj (.text)
                  0000366a    00000076     rom_sysbios.aem4f : rom_sysbios.obj (.text:ti_sysbios_heaps_HeapMem_allocUnprotected__E)
                  000036e0    00000074     drivers_cc13x2.a : PowerCC26X2_calibrateRCOSC.oem4f (.text:PowerCC26X2_auxISR)
                  00003754    00000074     rf_multiMode_cc13x2.aem4f : RFCC26X2_multiMode.c.cc13x2.ccs.o (.text:RF_yield)
                  000037c8    00000072                               : RFCC26X2_multiMode.c.cc13x2.ccs.o (.text:RF_detachOverrides)
                  0000383a    00000070                               : rfc.c.cc13x2.ccs.o (.text:NOROM_RFCAnaDivTxOverride)
                  000038aa    00000002     drivers_cc13x2.a : PowerCC26X2.oem4f (.text:emptyClockFunc)
                  000038ac    00000070     rf_multiMode_cc13x2.aem4f : RFCC26X2_multiMode.c.cc13x2.ccs.o (.text:RF_getCurrentTime)
                  0000391c    0000006e                               : RFCC26X2_multiMode.c.cc13x2.ccs.o (.text:RF_attachOverrides)
                  0000398a    0000006e                               : RFCC26X2_multiMode.c.cc13x2.ccs.o (.text:RF_howToSchedule)
                  000039f8    0000006d     rom_sysbios.aem4f : rom_sysbios.obj (.text:xdc_runtime_System_formatNum__I)
                  00003a65    00000001     --HOLE-- [fill = 0]
                  00003a66    00000002     rtsv7M4_T_le_v4SPD16_eabi.lib : div0.asm.obj (.text)
                  00003a68    0000006c     driverlib.lib : chipinfo.obj (.text:NOROM_ChipInfo_GetChipType)
                  00003ad4    0000006c     rf_multiMode_cc13x2.aem4f : RFCC26X2_multiMode.c.cc13x2.ccs.o (.text:RF_dispatchNextEvent)
                  00003b40    00000068     driverlib.lib : osc.obj (.text:NOROM_OSCHF_SwitchToRcOscTurnOffXosc)
                  00003ba8    00000068     rf_multiMode_cc13x2.aem4f : RFCC26X2_multiMode.c.cc13x2.ccs.o (.text:RF_hwiHw)
                  00003c10    00000068     rtsv7M4_T_le_v4SPD16_eabi.lib : copy_decompress_lzss.c.obj (.text:decompress:lzss:__TI_decompress_lzss)
                  00003c78    00000068     main_tirtos.obj (.text:main)
                  00003ce0    00000062     rf_multiMode_cc13x2.aem4f : RFCC26X2_multiMode.c.cc13x2.ccs.o (.text:RF_syncCb)
                  00003d42    00000002     release_pem4f.oem4f (.text:ti_sysbios_BIOS_nullFunc__I)
                  00003d44    00000060     rf_multiMode_cc13x2.aem4f : RFCC26X2_multiMode.c.cc13x2.ccs.o (.text:RF_applyRfCorePatch)
                  00003da4    0000005c     drivers_cc13x2.a : PINCC26XX.oem4f (.text:PIN_remove)
                  00003e00    0000005c     rf_multiMode_cc13x2.aem4f : RFCC26X2_multiMode.c.cc13x2.ccs.o (.text:RF_hwiCpe0PowerFsm)
                  00003e5c    0000005c     rom_sysbios.aem4f : rom_sysbios.obj (.text:ti_sysbios_heaps_HeapMem_initPrimary__I)
                  00003eb8    0000005c     release_pem4f.oem4f (.text:xdc_runtime_Startup_getState__I)
                  00003f14    00000058     drivers_cc13x2.a : PowerCC26X2_calibrateRCOSC.oem4f (.text:PowerCC26X2_initiateCalibration)
                  00003f6c    00000058     boot.aem4f : boot.oem4f (.text)
                  00003fc4    00000058     rom_sysbios.aem4f : rom_sysbios.obj (.text:pthread_exit)
                  0000401c    00000058                       : rom_sysbios.obj (.text:ti_sysbios_heaps_HeapMem_alloc__E)
                  00004074    00000056     rf_multiMode_cc13x2.aem4f : RFCC26X2_multiMode.c.cc13x2.ccs.o (.text:RF_defaultSubmitPolicy)
                  000040ca    00000002     rom_sysbios.aem4f : rom_sysbios.obj (.text:xdc_runtime_SysCallback_defaultAbort)
                  000040cc    00000054     driverlib.lib : prcm.obj (.text:NOROM_PRCMPowerDomainsAllOff)
                  00004120    00000054     rf_multiMode_cc13x2.aem4f : RFCC26X2_multiMode.c.cc13x2.ccs.o (.text:RF_fsmXOSCState)
                  00004174    00000054     dpl_cc13x2.a : SwiP_tirtos.oem4f (.text:SwiP_construct)
                  000041c8    0000004c     ti_drivers_config.obj (.text:Board_wakeUpExtFlash)
                  00004214    0000004c     driverlib.lib : prcm.obj (.text:NOROM_PRCMPowerDomainsAllOn)
                  00004260    0000004c     rf_multiMode_cc13x2.aem4f : RFCC26X2_multiMode.c.cc13x2.ccs.o (.text:RF_wakeupNotification)
                  000042ac    0000004c     rtsv7M4_T_le_v4SPD16_eabi.lib : cpy_tbl.c.obj (.text:copy_in)
                  000042f8    00000048     rf_multiMode_cc13x2.aem4f : rfc.c.cc13x2.ccs.o (.text:NOROM_RFCSynthPowerDown)
                  00004340    00000048     drivers_cc13x2.a : PowerCC26X2_calibrateRCOSC.oem4f (.text:PowerCC26X2_RCOSC_clockFunc)
                  00004388    00000048                      : PowerCC26X2.oem4f (.text:PowerCC26XX_switchXOSC_HF)
                  000043d0    00000048                      : PowerCC26X2.oem4f (.text:switchXOSCHF)
                  00004418    00000044     driverlib.lib : chipinfo.obj (.text:NOROM_ChipInfo_GetHwRevision)
                  0000445c    00000044     drivers_cc13x2.a : PINCC26XX.oem4f (.text:PIN_swi)
                  000044a0    00000044     rtsv7M4_T_le_v4SPD16_eabi.lib : fd_tou_t2.asm.obj (.text)
                  000044e4    00000040     ti_drivers_config.obj (.text:Board_shutDownExtFlash)
                  00004524    00000040     dpl_cc13x2.a : ClockP_tirtos.oem4f (.text:ClockP_construct)
                  00004564    00000040     driverlib.lib : osc.obj (.text:NOROM_OSC_HPOSCRelativeFrequencyOffsetGet)
                  000045a4    00000040     drivers_cc13x2.a : PowerCC26X2.oem4f (.text:PowerCC26XX_isStableXOSC_HF)
                  000045e4    00000040     rf_multiMode_cc13x2.aem4f : rf_patch_cpe_prop.c.cc13x2.ccs.o (.text:configurePropPatch)
                  00004624    00000040     rtsv7M4_T_le_v4SPD16_eabi.lib : u_divt2.asm.obj (.text)
                  00004664    00000040     rom_sysbios.aem4f : rom_sysbios.obj (.text:ti_sysbios_family_arm_cc26xx_Timer_setThreshold__I)
                  000046a4    0000003e     dpl_cc13x2.a : HwiP_tirtos.oem4f (.text:HwiP_construct)
                  000046e2    00000002     rom_sysbios.aem4f : rom_sysbios.obj (.text:xdc_runtime_SysCallback_defaultExit)
                  000046e4    0000003c     drivers_cc13x2.a : PINCC26XX.oem4f (.text:PIN_setOutputValue)
                  00004720    0000003c     rf_multiMode_cc13x2.aem4f : RFCC26X2_multiMode.c.cc13x2.ccs.o (.text:RF_cmdGet)
                  0000475c    0000003c                               : RFCC26X2_multiMode.c.cc13x2.ccs.o (.text:RF_cmdStoreEvents)
                  00004798    0000003c     rom_sysbios.aem4f : rom_sysbios.obj (.text:ti_sysbios_family_arm_m3_Hwi_construct2__E)
                  000047d4    00000038     drivers_cc13x2.a : PINCC26XX.oem4f (.text:PIN_setConfig)
                  0000480c    00000038     rf_multiMode_cc13x2.aem4f : RFCC26X2_multiMode.c.cc13x2.ccs.o (.text:RF_checkCmdFsError)
                  00004844    00000038                               : RFCC26X2_multiMode.c.cc13x2.ccs.o (.text:RF_powerConstraintRelease)
                  0000487c    00000038     drivers_cc13x2.a : PowerCC26X2.oem4f (.text:notify)
                  000048b4    00000038     rtsv7M4_T_le_v4SPD16_eabi.lib : fs_tod_t2.asm.obj (.text)
                  000048ec    00000036     rom_sysbios.aem4f : rom_sysbios.obj (.text:ti_sysbios_family_arm_cc26xx_Timer_setNextTick__E)
                  00004922    00000002                       : rom_sysbios.obj (.text:xdc_runtime_SysCallback_defaultFlush)
                  00004924    00000034     driverlib.lib : aux_sysif.obj (.text:NOROM_AUXSYSIFOpModeChange)
                  00004958    00000034                   : sys_ctrl.obj (.text:NOROM_SysCtrlIdle)
                  0000498c    00000034     rtsv7M4_T_le_v4SPD16_eabi.lib : rand.c.obj (.text:rand)
                  000049c0    00000034     rom_sysbios.aem4f : rom_sysbios.obj (.text:usleep)
                  000049f4    00000030     drivers_cc13x2.a : PowerCC26X2.oem4f (.text:Power_releaseConstraint)
                  00004a24    00000030                      : PowerCC26X2.oem4f (.text:Power_setConstraint)
                  00004a54    00000030     release_pem4f.oem4f (.text:ti_sysbios_BIOS_atExitFunc__I)
                  00004a84    00000030     release_pem4f.oem4f (.text:ti_sysbios_BIOS_startFunc__I)
                  00004ab4    00000030     rom_sysbios.aem4f : rom_sysbios.obj (.text:ti_sysbios_family_arm_cc26xx_Timer_getCurrentTick__E)
                  00004ae4    00000030                       : rom_sysbios.obj (.text:ti_sysbios_family_arm_cc26xx_Timer_initDevice__I)
                  00004b14    00000030                       : rom_sysbios.obj (.text:ti_sysbios_knl_Clock_getTimeout__E)
                  00004b44    0000002c     rf_multiMode_cc13x2.aem4f : RFCC26X2_multiMode.c.cc13x2.ccs.o (.text:RF_executeDirectImmediateCmd)
                  00004b70    0000002c     dpl_cc13x2.a : SemaphoreP_tirtos.oem4f (.text:SemaphoreP_constructBinary)
                  00004b9c    0000002c     rom_sysbios.aem4f : rom_sysbios.obj (.text:_pthread_delete$45)
                  00004bc8    0000002c     rf_multiMode_cc13x2.aem4f : rf_patch_cpe_prop.c.cc13x2.ccs.o (.text:applyPropPatch)
                  00004bf4    0000002c     rom_sysbios.aem4f : rom_sysbios.obj (.text:pthread_setcancelstate)
                  00004c20    0000002c                       : rom_sysbios.obj (.text:ti_sysbios_knl_Clock_getTicksUntilInterrupt__E)
                  00004c4c    0000002a     drivers_cc13x2.a : List.oem4f (.text:List_insert)
                  00004c76    0000002a     rf_multiMode_cc13x2.aem4f : RFCC26X2_multiMode.c.cc13x2.ccs.o (.text:RF_searchAndReplacePAOverride)
                  00004ca0    00000028                               : rfc.c.cc13x2.ccs.o (.text:NOROM_RFCOverrideSearch)
                  00004cc8    00000028     drivers_cc13x2.a : PowerCC26X2.oem4f (.text:Power_registerNotify)
                  00004cf0    00000028     rf_multiMode_cc13x2.aem4f : RFCC26X2_multiMode.c.cc13x2.ccs.o (.text:RF_calculateDeltaTimeUs)
                  00004d18    00000028                               : RFCC26X2_multiMode.c.cc13x2.ccs.o (.text:RF_runCmd)
                  00004d40    00000028     drivers_cc13x2.a : PowerCC26X2.oem4f (.text:oscillatorISR)
                  00004d68    00000026                      : List.oem4f (.text:List_put)
                  00004d8e    00000026                      : List.oem4f (.text:List_putHead)
                  00004db4    00000026                      : List.oem4f (.text:List_remove)
                  00004dda    00000002     rom_sysbios.aem4f : rom_sysbios.obj (.text:xdc_runtime_SysCallback_defaultPutch)
                  00004ddc    00000024     driverlib.lib : osc.obj (.text:NOROM_OSCHF_TurnOnXosc)
                  00004e00    00000024     rf_multiMode_cc13x2.aem4f : rfc.c.cc13x2.ccs.o (.text:NOROM_RFCDoorbellSendTo)
                  00004e24    00000024                               : RFCC26X2_multiMode.c.cc13x2.ccs.o (.text:RF_cmdAlloc)
                  00004e48    00000024                               : RFCC26X2_multiMode.c.cc13x2.ccs.o (.text:RF_invokeGlobalCallback)
                  00004e6c    00000024     rom_sysbios.aem4f : rom_sysbios.obj (.text:_pthread_cleanupFxn)
                  00004e90    00000024     drivers_cc13x2.a : PowerCC26X2_calibrateRCOSC.oem4f (.text:getTdcSemaphore)
                  00004eb4    00000024     rom_sysbios.aem4f : rom_sysbios.obj (.text:pthread_attr_init)
                  00004ed8    00000024     release_pem4f.oem4f (.text:ti_sysbios_BIOS_registerRTSLock__I)
                  00004efc    00000024     release_pem4f.oem4f (.text:ti_sysbios_BIOS_removeRTSLock__I)
                  00004f20    00000024     rom_sysbios.aem4f : rom_sysbios.obj (.text:ti_sysbios_family_arm_cc26xx_Timer_getMaxTicks__E)
                  00004f44    00000022     drivers_cc13x2.a : List.oem4f (.text:List_get)
                  00004f66    00000002     --HOLE-- [fill = 0]
                  00004f68    00000020     ti_drivers_config.obj (.text:Board_init)
                  00004f88    00000020     dpl_cc13x2.a : HwiP_tirtos.oem4f (.text:HwiP_setFunc)
                  00004fa8    00000020     drivers_cc13x2.a : PINCC26XX.oem4f (.text:PINCC26XX_setIoCfgMux)
                  00004fc8    00000020     rf_multiMode_cc13x2.aem4f : RFCC26X2_multiMode.c.cc13x2.ccs.o (.text:RF_clkPowerUp)
                  00004fe8    00000020                               : RFCC26X2_multiMode.c.cc13x2.ccs.o (.text:RF_hwiCpe0ChangePhy)
                  00005008    00000020                               : RFCC26X2_multiMode.c.cc13x2.ccs.o (.text:RF_isStateTransitionAllowed)
                  00005028    00000020                               : RFCC26X2_multiMode.c.cc13x2.ccs.o (.text:RF_ratIsRunning)
                  00005048    00000020     rtsv7M4_T_le_v4SPD16_eabi.lib : u_tofd_t2.asm.obj (.text)
                  00005068    00000020     release_pem4f.oem4f (.text:ti_sysbios_BIOS_rtsLock__I)
                  00005088    00000020     rom_sysbios.aem4f : rom_sysbios.obj (.text:ti_sysbios_family_arm_cc26xx_Timer_dynamicStub__E)
                  000050a8    00000020                       : rom_sysbios.obj (.text:xdc_runtime_Error_policyMin__E)
                  000050c8    0000001e     drivers_cc13x2.a : PINCC26XX.oem4f (.text:PIN_close)
                  000050e6    0000001e                      : PowerCC26X2.oem4f (.text:Power_getTransitionLatency)
                  00005104    0000001c     driverlib.lib : chipinfo.obj (.text:NOROM_ChipInfo_GetChipFamily)
                  00005120    0000001c     drivers_cc13x2.a : PINCC26XX.oem4f (.text:PIN_hwi)
                  0000513c    0000001c     dpl_cc13x2.a : PowerCC26X2_tirtos.oem4f (.text:PowerCC26XX_schedulerDisable)
                  00005158    0000001c                  : PowerCC26X2_tirtos.oem4f (.text:PowerCC26XX_schedulerRestore)
                  00005174    0000001c     rf_multiMode_cc13x2.aem4f : RFCC26X2_multiMode.c.cc13x2.ccs.o (.text:RF_clkInactivityCallback)
                  00005190    0000001c                               : RFCC26X2_multiMode.c.cc13x2.ccs.o (.text:RF_getPAOverrideOffsetAndValue)
                  000051ac    0000001c                               : RFCC26X2_multiMode.c.cc13x2.ccs.o (.text:RF_powerConstraintSet)
                  000051c8    0000001c     rom_sysbios.aem4f : rom_sysbios.obj (.text:ti_sysbios_knl_Swi_construct2__E)
                  000051e4    0000001c     release_pem4f.oem4f (.text:xdc_runtime_Startup_exec__I)
                  00005200    0000001a     drivers_cc13x2.a : PowerCC26X2.oem4f (.text:PowerCC26XX_calibrate)
                  0000521a    00000002     --HOLE-- [fill = 0]
                  0000521c    00000018     driverlib.lib : chipinfo.obj (.text:NOROM_ChipInfo_GetPackageType)
                  00005234    00000018     drivers_cc13x2.a : PowerCC26X2.oem4f (.text:Power_idleFunc)
                  0000524c    00000018     rf_multiMode_cc13x2.aem4f : RFCC26X2_multiMode.c.cc13x2.ccs.o (.text:RF_swiFsm)
                  00005264    00000018     rtsv7M4_T_le_v4SPD16_eabi.lib : args_main.c.obj (.text:_args_main)
                  0000527c    00000018                                   : ll_mul_t2.asm.obj (.text)
                  00005294    00000018     drivers_cc13x2.a : PowerCC26X2.oem4f (.text:switchToTCXO)
                  000052ac    00000018     release_pem4f.oem4f (.text:ti_sysbios_BIOS_rtsUnlock__I)
                  000052c4    00000018     rom_sysbios.aem4f : rom_sysbios.obj (.text:ti_sysbios_knl_Swi_or__E)
                  000052dc    00000018                       : rom_sysbios.obj (.text:ti_sysbios_rts_ti_ReentSupport_getReent__F)
                  000052f4    00000018                       : rom_sysbios.obj (.text:xdc_runtime_Error_init__E)
                  0000530c    00000016     driverlib.lib : chipinfo.obj (.text:NOROM_ThisLibraryIsFor_CC13x2_CC26x2_HwRev20AndLater_HaltIfViolated)
                  00005322    00000016     rf_multiMode_cc13x2.aem4f : RFCC26X2_multiMode.c.cc13x2.ccs.o (.text:RF_restartClockTimeout)
                  00005338    00000016     rom_sysbios.aem4f : rom_sysbios.obj (.text:_pthread_cleanup_pop)
                  0000534e    00000016     release_pem4f.oem4f (.text:ti_sysbios_BIOS_exitFunc__I)
                  00005364    00000014     drivers_cc13x2.a : List.oem4f (.text:List_clearList)
                  00005378    00000014     rf_multiMode_cc13x2.aem4f : rfc.c.cc13x2.ccs.o (.text:NOROM_RFCCpeIntGetAndClear)
                  0000538c    00000014     drivers_cc13x2.a : PINCC26XX.oem4f (.text:PINCC26XX_getOutputValue)
                  000053a0    00000014                      : PowerCC26X2_calibrateRCOSC.oem4f (.text:PowerCC26X2_calibrate)
                  000053b4    00000014     rf_multiMode_cc13x2.aem4f : RFCC26X2_multiMode.c.cc13x2.ccs.o (.text:RF_Params_init)
                  000053c8    00000014                               : RFCC26X2_multiMode.c.cc13x2.ccs.o (.text:RF_dbellSyncOnAck)
                  000053dc    00000014                               : RFCC26X2_multiMode.c.cc13x2.ccs.o (.text:RF_ratGetChannel)
                  000053f0    00000014     rom_sysbios.aem4f : rom_sysbios.obj (.text:pthread_attr_setschedparam)
                  00005404    00000014                       : rom_sysbios.obj (.text:ti_sysbios_family_arm_cc26xx_Timer_getCount64__E)
                  00005418    00000014     release_pem4f.oem4f (.text:ti_sysbios_knl_Clock_doTick__I)
                  0000542c    00000012     dpl_cc13x2.a : SemaphoreP_tirtos.oem4f (.text:SemaphoreP_pend)
                  0000543e    00000012     rom_sysbios.aem4f : rom_sysbios.obj (.text:_pthread_runStub$45)
                  00005450    00000010     dpl_cc13x2.a : ClockP_tirtos.oem4f (.text:ClockP_isActive)
                  00005460    00000010                  : HwiP_tirtos.oem4f (.text:HwiP_Params_init)
                  00005470    00000010     rf_multiMode_cc13x2.aem4f : rfc.c.cc13x2.ccs.o (.text:NOROM_RFCHwIntGetAndClear)
                  00005480    00000010     drivers_cc13x2.a : PINCC26XX.oem4f (.text:PINCC26XX_getPinCount)
                  00005490    00000010     rf_multiMode_cc13x2.aem4f : RFCC26X2_multiMode.c.cc13x2.ccs.o (.text:RF_dbellSubmitCmdAsync)
                  000054a0    00000010                               : RFCC26X2_multiMode.c.cc13x2.ccs.o (.text:RF_isClientOwner)
                  000054b0    00000010     dpl_cc13x2.a : SwiP_tirtos.oem4f (.text:SwiP_Params_init)
                  000054c0    00000010     rom_sysbios.aem4f : rom_sysbios.obj (.text:ti_sysbios_family_arm_m3_Hwi_post__E)
                  000054d0    0000000e     rf_multiMode_cc13x2.aem4f : RFCC26X2_multiMode.c.cc13x2.ccs.o (.text:RF_getSwitchingTimeInUs)
                  000054de    0000000e     rtsv7M4_T_le_v4SPD16_eabi.lib : copy_decompress_none.c.obj (.text:decompress:none:__TI_decompress_none)
                  000054ec    0000000e     rom_sysbios.aem4f : rom_sysbios.obj (.text:pthread_attr_setdetachstate)
                  000054fa    0000000e                       : rom_sysbios.obj (.text:ti_sysbios_family_arm_cc26xx_TimestampProvider_get32__E)
                  00005508    0000000c     dpl_cc13x2.a : ClockP_tirtos.oem4f (.text:ClockP_getSystemTickPeriod)
                  00005514    0000000c     driverlib.lib : cpu.obj (.text:NOROM_CPUcpsid)
                  00005520    0000000c                   : cpu.obj (.text:NOROM_CPUcpsie)
                  0000552c    0000000c     drivers_cc13x2.a : PowerCC26X2.oem4f (.text:Power_getConstraintMask)
                  00005538    0000000c                      : PowerCC26X2.oem4f (.text:Power_getDependencyCount)
                  00005544    0000000c     rf_multiMode_cc13x2.aem4f : RFCC26X2_multiMode.c.cc13x2.ccs.o (.text:RF_powerConstraintGet)
                  00005550    0000000c     rtsv7M4_T_le_v4SPD16_eabi.lib : _lock.c.obj (.text:_register_lock)
                  0000555c    0000000c                                   : _lock.c.obj (.text:_register_unlock)
                  00005568    0000000c                                   : copy_zero_init.c.obj (.text:decompress:ZI:__TI_zero_init)
                  00005574    0000000c     rom_sysbios.aem4f : rom_sysbios.obj (.text:pthread_self)
                  00005580    0000000c                       : rom_sysbios.obj (.text:ti_sysbios_knl_Queue_insert__E)
                  0000558c    0000000c                       : rom_sysbios.obj (.text:ti_sysbios_knl_Swi_getTrigger__E)
                  00005598    0000000a     dpl_cc13x2.a : ClockP_tirtos.oem4f (.text:ClockP_Params_init)
                  000055a2    0000000a     release_pem4f.oem4f (.text:ti_sysbios_rts_ti_ReentSupport_getTlsAddr__I)
                  000055ac    00000008     release_pem4f.oem4f (.text:xdc_runtime_Text_visitRope__I)
                  000055b4    00000006     driverlib.lib : cpu.obj (.text:NOROM_CPUdelay)
                  000055ba    00000006     rf_multiMode_cc13x2.aem4f : RFCC26X2_multiMode.c.cc13x2.ccs.o (.text:RF_clkReqAccess)
                  000055c0    00000006     drivers_cc13x2.a : PowerCC26X2.oem4f (.text:delayUs)
                  000055c6    00000006     rom_sysbios.aem4f : rom_sysbios.obj (.text:pthread_attr_setstacksize)
                  000055cc    00000006                       : rom_sysbios.obj (.text:ti_sysbios_family_arm_m3_Hwi_setFunc__E)
                  000055d2    00000004     dpl_cc13x2.a : PowerCC26X2_tirtos.oem4f (.text:CPUwfi)
                  000055d6    00000004                  : ClockP_tirtos.oem4f (.text:ClockP_getTimeout)
                  000055da    00000004                  : ClockP_tirtos.oem4f (.text:ClockP_setTimeout)
                  000055de    00000004                  : ClockP_tirtos.oem4f (.text:ClockP_start)
                  000055e2    00000004                  : ClockP_tirtos.oem4f (.text:ClockP_stop)
                  000055e6    00000004                  : HwiP_tirtos.oem4f (.text:HwiP_disable)
                  000055ea    00000004                  : HwiP_tirtos.oem4f (.text:HwiP_enableInterrupt)
                  000055ee    00000004                  : HwiP_tirtos.oem4f (.text:HwiP_post)
                  000055f2    00000004     rf_multiMode_cc13x2.aem4f : rfc.c.cc13x2.ccs.o (.text:NOROM_RFCOverrideUpdate)
                  000055f6    00000004                               : RFCC26X2_multiMode.c.cc13x2.ccs.o (.text:RF_defaultExecutionPolicy)
                  000055fa    00000004     dpl_cc13x2.a : SemaphoreP_tirtos.oem4f (.text:SemaphoreP_post)
                  000055fe    00000004                  : SwiP_tirtos.oem4f (.text:SwiP_disable)
                  00005602    00000004                  : SwiP_tirtos.oem4f (.text:SwiP_getTrigger)
                  00005606    00000004                  : SwiP_tirtos.oem4f (.text:SwiP_or)
                  0000560a    00000004     rom_sysbios.aem4f : rom_sysbios.obj (.text:__aeabi_errno_addr)
                  0000560e    00000004     drivers_cc13x2.a : PowerCC26X2.oem4f (.text:configureRFCoreClocks)
                  00005612    00000004                      : PowerCC26X2.oem4f (.text:nopResourceHandler)
                  00005616    00000004     rom_sysbios.aem4f : rom_sysbios.obj (.text:ti_sysbios_knl_Clock_isActive__E)
                  0000561a    00000004                       : rom_sysbios.obj (.text:ti_sysbios_knl_Task_getArg1__E)
                  0000561e    00000004                       : rom_sysbios.obj (.text:ti_sysbios_knl_Task_getEnv__E)
                  00005622    00000004     release_pem4f.oem4f (.text:xdc_runtime_Startup_reset__I)
                  00005626    00000004     rom_sysbios.aem4f : rom_sysbios.obj (.text:xdc_runtime_SysCallback_defaultReady)
                  0000562a    00000002     --HOLE-- [fill = 0]
                  0000562c    00000008     (.tramp.ti_sysbios_family_arm_m3_Hwi_enableInterrupt__E.1)
                  00005634    00000008     (.tramp.ti_sysbios_knl_Task_self__E.1)
                  0000563c    00000008     (.tramp.ti_sysbios_knl_Clock_logTick__E.1)
                  00005644    00000008     (.tramp.ti_sysbios_BIOS_getThreadType__E.1)
                  0000564c    00000008     (.tramp.ti_sysbios_knl_Swi_post__E.1)
                  00005654    00000008     (.tramp.ti_sysbios_BIOS_RtsGateProxy_leave__E.1)
                  0000565c    00000008     (.tramp.ti_sysbios_knl_Swi_construct.1)
                  00005664    00000008     (.tramp.ti_sysbios_BIOS_RtsGateProxy_enter__E.1)
                  0000566c    00000008     (.tramp.ti_sysbios_family_arm_m3_Hwi_disableFxn__E.1)
                  00005674    00000008     (.tramp.ti_sysbios_knl_Clock_TimerProxy_getCurrentTick__E.1)
                  0000567c    00000008     (.tramp.ti_sysbios_knl_Task_delete.1)
                  00005684    00000008     (.tramp.ti_sysbios_knl_Semaphore_destruct.1)
                  0000568c    00000008     (.tramp.ti_sysbios_knl_Clock_getTicks__E.1)
                  00005694    00000008     (.tramp.ti_sysbios_knl_Task_startup__E.1)
                  0000569c    00000008     (.tramp.ti_sysbios_knl_Swi_startup__E.1)
                  000056a4    00000008     (.tramp.ti_sysbios_hal_Hwi_startup__E.1)
                  000056ac    00000008     (.tramp.ti_sysbios_family_arm_cc26xx_Timer_startup__E.1)
                  000056b4    00000008     (.tramp.xdc_runtime_System_atexit__E.1)
                  000056bc    00000008     (.tramp.ti_sysbios_BIOS_linkedWithIncorrectBootLibrary__E.1)
                  000056c4    00000008     (.tramp.xdc_runtime_Startup_rtsDone__E.1)
                  000056cc    00000008     (.tramp.ti_sysbios_knl_Swi_disable__E.1)
                  000056d4    00000008     (.tramp.ti_sysbios_knl_Task_sleep__E.1)
                  000056dc    00000008     (.tramp.ti_sysbios_family_arm_m3_Hwi_construct.1)
                  000056e4    00000008     (.tramp.ti_sysbios_family_arm_m3_Hwi_Params__init__S.1)
                  000056ec    00000008     (.tramp.ti_sysbios_knl_Clock_construct.1)
                  000056f4    00000008     (.tramp.ti_sysbios_knl_Clock_Params__init__S.1)
                  000056fc    00000008     (.tramp.ti_sysbios_knl_Swi_Params__init__S.1)
                  00005704    00000008     (.tramp.ti_sysbios_heaps_HeapMem_Module_GateProxy_leave__E.1)
                  0000570c    00000008     (.tramp.ti_sysbios_heaps_HeapMem_Module_GateProxy_enter__E.1)
                  00005714    00000008     (.tramp.xdc_runtime_System_exit__E.1)
                  0000571c    00000008     (.tramp.ti_sysbios_heaps_HeapMem_restore__E.1)
                  00005724    00000008     (.tramp.ti_sysbios_heaps_HeapMem_Object__get__S.1)
                  0000572c    00000008     (.tramp.ti_sysbios_BIOS_start__E.1)
                  00005734    00000008     (.tramp.xdc_runtime_Error_raiseX__E.1)
                  0000573c    00000008     (.tramp.ti_sysbios_BIOS_setThreadType__E.1)
                  00005744    00000008     (.tramp.ti_sysbios_family_arm_m3_Hwi_excFillContext__I.1)
                  0000574c    00000008     (.tramp.ti_sysbios_knl_Semaphore_post__E.1)
                  00005754    00000008     (.tramp.xdc_runtime_Memory_free__E.1)
                  0000575c    00000008     (.tramp.ti_sysbios_knl_Queue_next__E.1)
                  00005764    00000008     (.tramp.ti_sysbios_knl_Queue_head__E.1)
                  0000576c    00000008     (.tramp.ti_sysbios_knl_Semaphore_pend__E.1)
                  00005774    00000008     (.tramp.ti_sysbios_knl_Task_restore__E.1)
                  0000577c    00000008     (.tramp.ti_sysbios_knl_Queue_enqueue__E.1)
                  00005784    00000008     (.tramp.ti_sysbios_knl_Queue_empty__E.1)
                  0000578c    00000008     (.tramp.ti_sysbios_knl_Queue_remove__E.1)
                  00005794    00000008     (.tramp.ti_sysbios_knl_Task_disable__E.1)
                  0000579c    00000008     (.tramp.ti_sysbios_knl_Clock_stop__E.1)
                  000057a4    00000008     (.tramp.ti_sysbios_knl_Clock_start__E.1)
                  000057ac    00000008     (.tramp.ti_sysbios_knl_Clock_setTimeout__E.1)
                  000057b4    00000008     (.tramp.ti_sysbios_knl_Swi_restore__E.1)
                  000057bc    00000008     (.tramp.ti_sysbios_knl_Task_create.1)
                  000057c4    00000008     (.tramp.ti_sysbios_knl_Semaphore_construct.1)
                  000057cc    00000008     (.tramp.ti_sysbios_knl_Semaphore_Params__init__S.1)
                  000057d4    00000008     (.tramp.ti_sysbios_knl_Queue_construct.1)
                  000057dc    00000008     (.tramp.xdc_runtime_Memory_alloc__E.1)
                  000057e4    00000008     (.tramp.ti_sysbios_knl_Task_Params__init__S.1)
                  000057ec    00000008     (.tramp.xdc_runtime_System_doPrint__I.1)
                  000057f4    00000008     (.tramp.ti_sysbios_family_arm_m3_Hwi_restoreFxn__E.1)

.const     0    000057fc    00000768     
                  000057fc    000003b8     release_pem4f.oem4f (.const:ROM_constStruct)
                  00005bb4    000001f0     rf_multiMode_cc13x2.aem4f : rf_patch_cpe_prop.c.cc13x2.ccs.o (.const:patchImageProp)
                  00005da4    00000054     drivers_cc13x2.a : PowerCC26X2.oem4f (.const:resourceDB)
                  00005df8    00000048     release_pem4f.oem4f (.const:.string)
                  00005e40    00000048     release_pem4f.oem4f (.const:ROM_externFuncPtrs)
                  00005e88    00000024     release_pem4f.oem4f (.const:xdc_runtime_Startup_sfxnTab__A)
                  00005eac    00000020     rf_multiMode_cc13x2.aem4f : RFCC26X2_multiMode.c.cc13x2.ccs.o (.const:RF_defaultParams)
                  00005ecc    00000014     ti_drivers_config.obj (.const:$P$T1$2)
                  00005ee0    00000014     ti_drivers_config.obj (.const:PowerCC26X2_config)
                  00005ef4    00000012     release_pem4f.oem4f (.const:xdc_runtime_Startup_sfxnRts__A)
                  00005f06    00000001     release_pem4f.oem4f (.const:xdc_runtime_Text_charTab__A)
                  00005f07    00000001     --HOLE-- [fill = 0]
                  00005f08    0000000c     ti_drivers_config.obj (.const:RFCC26XX_hwAttrs)
                  00005f14    0000000c     release_pem4f.oem4f (.const:xdc_runtime_Startup_firstFxns__A)
                  00005f20    00000008     driverlib.lib : aux_sysif.obj (.const:$O1$$)
                  00005f28    00000008     ti_drivers_config.obj (.const:$P$T0$1)
                  00005f30    00000008     ti_drivers_config.obj (.const:BoardGpioInitTable)
                  00005f38    00000008     ti_drivers_config.obj (.const:PINCC26XX_hwAttrs)
                  00005f40    00000008     release_pem4f.oem4f (.const:ti_sysbios_family_arm_m3_Hwi_excHookFuncs__A)
                  00005f48    00000008     release_pem4f.oem4f (.const:ti_sysbios_knl_Idle_funcList__A)
                  00005f50    00000004     release_pem4f.oem4f (.const:ti_sysbios_family_arm_m3_Hwi_E_exception__C)
                  00005f54    00000004     release_pem4f.oem4f (.const:ti_sysbios_heaps_HeapMem_primaryHeapBaseAddr__C)
                  00005f58    00000004     release_pem4f.oem4f (.const:ti_sysbios_heaps_HeapMem_primaryHeapEndAddr__C)
                  00005f5c    00000004     release_pem4f.oem4f (.const:ti_sysbios_knl_Clock_tickPeriod__C)
                  00005f60    00000004     release_pem4f.oem4f (.const:ti_sysbios_knl_Task_Object__heap__C)

MODULE SUMMARY

       Module                              code    ro data   rw data
       ------                              ----    -------   -------
    ./
       rfPacketTx.obj                      428     0         310    
       main_tirtos.obj                     104     0         0      
    +--+-----------------------------------+-------+---------+---------+
       Total:                              532     0         310    
                                                                    
    ./syscfg/
       ti_drivers_config.obj               306     76        0      
       ti_radio_config.obj                 0       0         144    
       ti_devices_config.obj               0       88        0      
    +--+-----------------------------------+-------+---------+---------+
       Total:                              306     164       144    
                                                                    
    /Users/pro13/Desktop/anetreba/Transfer/TX/tirtos_builds_cc13x2_cc26x2_release_ccs/Debug/configPkg/package/cfg/
       release_pem4f.oem4f                 802     1259      1830   
    +--+-----------------------------------+-------+---------+---------+
       Total:                              802     1259      1830   
                                                                    
    /Applications/ti/ccs1020/ccs/tools/compiler/ti-cgt-arm_20.2.2.LTS/lib/rtsv7M4_T_le_v4SPD16_eabi.lib
       fd_add_t2.asm.obj                   438     0         0      
       fd_cmp_t2.asm.obj                   268     0         0      
       fd_mul_t2.asm.obj                   252     0         0      
       memcpy_t2.asm.obj                   156     0         0      
       ull_div_t2.asm.obj                  150     0         0      
       memset_t2.asm.obj                   122     0         0      
       copy_decompress_lzss.c.obj          104     0         0      
       cpy_tbl.c.obj                       76      0         0      
       fd_tou_t2.asm.obj                   68      0         0      
       u_divt2.asm.obj                     64      0         0      
       fs_tod_t2.asm.obj                   56      0         0      
       rand.c.obj                          52      0         4      
       _lock.c.obj                         26      0         8      
       u_tofd_t2.asm.obj                   32      0         0      
       args_main.c.obj                     24      0         0      
       ll_mul_t2.asm.obj                   24      0         0      
       copy_decompress_none.c.obj          14      0         0      
       copy_zero_init.c.obj                12      0         0      
       stkdepth_vars.c.obj                 0       0         4      
       div0.asm.obj                        2       0         0      
    +--+-----------------------------------+-------+---------+---------+
       Total:                              1940    0         16     
                                                                    
    /Users/pro13/Desktop/anetreba/Transfer/TX/tirtos_builds_cc13x2_cc26x2_release_ccs/src/sysbios/rom_sysbios.aem4f
       rom_sysbios.obj                     2265    0         136    
    +--+-----------------------------------+-------+---------+---------+
       Total:                              2265    0         136    
                                                                    
    /Users/pro13/ti/simplelink_cc13x2_26x2_sdk_4_40_04_04/kernel/tirtos/packages/ti/dpl/lib/ccs/m4f/dpl_cc13x2.a
       PowerCC26X2_tirtos.oem4f            260     0         8      
       HwiP_tirtos.oem4f                   122     0         0      
       ClockP_tirtos.oem4f                 118     0         0      
       SwiP_tirtos.oem4f                   112     0         0      
       SemaphoreP_tirtos.oem4f             66      0         0      
    +--+-----------------------------------+-------+---------+---------+
       Total:                              678     0         8      
                                                                    
    /Users/pro13/ti/simplelink_cc13x2_26x2_sdk_4_40_04_04/kernel/tirtos/packages/ti/targets/arm/rtsarm/lib/auto_init.aem4f
       auto_init.oem4f                     160     0         0      
    +--+-----------------------------------+-------+---------+---------+
       Total:                              160     0         0      
                                                                    
    /Users/pro13/ti/simplelink_cc13x2_26x2_sdk_4_40_04_04/kernel/tirtos/packages/ti/targets/arm/rtsarm/lib/boot.aem4f
       boot.oem4f                          88      0         0      
    +--+-----------------------------------+-------+---------+---------+
       Total:                              88      0         0      
                                                                    
    /Users/pro13/ti/simplelink_cc13x2_26x2_sdk_4_40_04_04/source/ti/devices/cc13x2_cc26x2/driverlib/bin/ccs/driverlib.lib
       sys_ctrl.obj                        420     0         0      
       osc.obj                             340     0         36     
       setup.obj                           324     0         0      
       chipinfo.obj                        250     0         0      
       prcm.obj                            160     0         0      
       aux_sysif.obj                       52      8         0      
       cpu.obj                             30      0         0      
       driverlib_release.obj               0       0         1      
    +--+-----------------------------------+-------+---------+---------+
       Total:                              1576    8         37     
                                                                    
    /Users/pro13/ti/simplelink_cc13x2_26x2_sdk_4_40_04_04/source/ti/drivers/lib/ccs/m4f/drivers_cc13x2.a
       PowerCC26X2.oem4f                   2164    84        368    
       PINCC26XX.oem4f                     1330    0         328    
       PowerCC26X2_calibrateRCOSC.oem4f    1400    0         0      
       List.oem4f                          210     0         0      
    +--+-----------------------------------+-------+---------+---------+
       Total:                              5104    84        696    
                                                                    
    /Users/pro13/ti/simplelink_cc13x2_26x2_sdk_4_40_04_04/source/ti/drivers/rf/lib/rf_multiMode_cc13x2.aem4f
       RFCC26X2_multiMode.c.cc13x2.ccs.o   8132    32        1301   
       rf_patch_cpe_prop.c.cc13x2.ccs.o    108     496       1      
       rfc.c.cc13x2.ccs.o                  302     0         0      
    +--+-----------------------------------+-------+---------+---------+
       Total:                              8542    528       1302   
                                                                    
       Stack:                              0       0         1024   
       Linker Generated:                   464     572       0      
    +--+-----------------------------------+-------+---------+---------+
       Grand Total:                        22457   2615      5503   


LINKER GENERATED COPY TABLES

__TI_cinit_table @ 00006180 records: 5, size/record: 8, table size: 40
	.data: load addr=00005f68, load size=000001e8 bytes, run addr=20004110, run size=00000b37 bytes, compression=lzss
	.bss: load addr=00006160, load size=00000008 bytes, run addr=20004c48, run size=00000564 bytes, compression=zero_init
	.data:xdcRomConstPtr: load addr=00006168, load size=00000008 bytes, run addr=20000100, run size=00000004 bytes, compression=lzss
	.data:xdcRomExternFuncPtr: load addr=00006170, load size=00000008 bytes, run addr=20000104, run size=00000004 bytes, compression=lzss
	.data:xdcRomStatePtr: load addr=00006178, load size=00000008 bytes, run addr=20000108, run size=00000004 bytes, compression=lzss


LINKER GENERATED HANDLER TABLE

__TI_handler_table @ 00006150 records: 3, size/record: 4, table size: 12
	index: 0, handler: __TI_decompress_lzss
	index: 1, handler: __TI_decompress_none
	index: 2, handler: __TI_zero_init


FAR CALL TRAMPOLINES

callee name               trampoline name
   callee addr  tramp addr   call addr  call info
--------------  -----------  ---------  ----------------
ti_sysbios_family_arm_m3_Hwi_enableInterrupt__E  $Tramp$TT$L$PI$$ti_sysbios_family_arm_m3_Hwi_enableInterrupt__E
   1002d91d     0000562c     000055ea   dpl_cc13x2.a : HwiP_tirtos.oem4f (.text:HwiP_enableInterrupt)
ti_sysbios_knl_Task_self__E  $Tramp$TT$L$PI$$ti_sysbios_knl_Task_self__E
   1002eaf5     00005634     00005576   rom_sysbios.aem4f : rom_sysbios.obj (.text:pthread_self)
                             000055a4   release_pem4f.oem4f (.text:ti_sysbios_rts_ti_ReentSupport_getTlsAddr__I)
ti_sysbios_knl_Clock_logTick__E  $Tramp$TT$L$PI$$ti_sysbios_knl_Clock_logTick__E
   1002dbd7     0000563c     0000541a   release_pem4f.oem4f (.text:ti_sysbios_knl_Clock_doTick__I)
ti_sysbios_BIOS_getThreadType__E  $Tramp$TT$L$PI$$ti_sysbios_BIOS_getThreadType__E
   1002ea95     00005644     000052de   rom_sysbios.aem4f : rom_sysbios.obj (.text:ti_sysbios_rts_ti_ReentSupport_getReent__F)
ti_sysbios_knl_Swi_post__E  $Tramp$TT$L$PI$$ti_sysbios_knl_Swi_post__E
   1002d891     0000564c     000052d8   rom_sysbios.aem4f : rom_sysbios.obj (.text:ti_sysbios_knl_Swi_or__E)
                             00005422   release_pem4f.oem4f (.text:ti_sysbios_knl_Clock_doTick__I)
ti_sysbios_BIOS_RtsGateProxy_leave__E  $Tramp$TT$L$PI$$ti_sysbios_BIOS_RtsGateProxy_leave__E
   1002ec7b     00005654     000052ba   release_pem4f.oem4f (.text:ti_sysbios_BIOS_rtsUnlock__I)
ti_sysbios_knl_Swi_construct  $Tramp$TT$L$PI$$ti_sysbios_knl_Swi_construct
   1002d719     0000565c     000051ce   rom_sysbios.aem4f : rom_sysbios.obj (.text:ti_sysbios_knl_Swi_construct2__E)
ti_sysbios_BIOS_RtsGateProxy_enter__E  $Tramp$TT$L$PI$$ti_sysbios_BIOS_RtsGateProxy_enter__E
   1002ec77     00005664     0000506e   release_pem4f.oem4f (.text:ti_sysbios_BIOS_rtsLock__I)
ti_sysbios_family_arm_m3_Hwi_disableFxn__E  $Tramp$TT$L$PI$$ti_sysbios_family_arm_m3_Hwi_disableFxn__E
   1002eb55     0000566c     00004f90   dpl_cc13x2.a : HwiP_tirtos.oem4f (.text:HwiP_setFunc)
                             000055e6                : HwiP_tirtos.oem4f (.text:HwiP_disable)
ti_sysbios_knl_Clock_TimerProxy_getCurrentTick__E  $Tramp$TT$L$PI$$ti_sysbios_knl_Clock_TimerProxy_getCurrentTick__E
   1002eac5     00005674     00004c32   rom_sysbios.aem4f : rom_sysbios.obj (.text:ti_sysbios_knl_Clock_getTicksUntilInterrupt__E)
ti_sysbios_knl_Task_delete  $Tramp$TT$L$PI$$ti_sysbios_knl_Task_delete
   1002ece7     0000567c     00004bb0   rom_sysbios.aem4f : rom_sysbios.obj (.text:_pthread_delete$45)
ti_sysbios_knl_Semaphore_destruct  $Tramp$TT$L$PI$$ti_sysbios_knl_Semaphore_destruct
   1002e6fd     00005684     00004ba4   rom_sysbios.aem4f : rom_sysbios.obj (.text:_pthread_delete$45)
ti_sysbios_knl_Clock_getTicks__E  $Tramp$TT$L$PI$$ti_sysbios_knl_Clock_getTicks__E
   1002dc11     0000568c     00004b28   rom_sysbios.aem4f : rom_sysbios.obj (.text:ti_sysbios_knl_Clock_getTimeout__E)
ti_sysbios_knl_Task_startup__E  $Tramp$TT$L$PI$$ti_sysbios_knl_Task_startup__E
   1002eceb     00005694     00004aa8   release_pem4f.oem4f (.text:ti_sysbios_BIOS_startFunc__I)
ti_sysbios_knl_Swi_startup__E  $Tramp$TT$L$PI$$ti_sysbios_knl_Swi_startup__E
   1002ec6b     0000569c     00004aa4   release_pem4f.oem4f (.text:ti_sysbios_BIOS_startFunc__I)
ti_sysbios_hal_Hwi_startup__E  $Tramp$TT$L$PI$$ti_sysbios_hal_Hwi_startup__E
   1002ec31     000056a4     00004aa0   release_pem4f.oem4f (.text:ti_sysbios_BIOS_startFunc__I)
ti_sysbios_family_arm_cc26xx_Timer_startup__E  $Tramp$TT$L$PI$$ti_sysbios_family_arm_cc26xx_Timer_startup__E
   1002dcf1     000056ac     00004a9c   release_pem4f.oem4f (.text:ti_sysbios_BIOS_startFunc__I)
xdc_runtime_System_atexit__E  $Tramp$TT$L$PI$$xdc_runtime_System_atexit__E
   1002f559     000056b4     00004a94   release_pem4f.oem4f (.text:ti_sysbios_BIOS_startFunc__I)
ti_sysbios_BIOS_linkedWithIncorrectBootLibrary__E  $Tramp$TT$L$PI$$ti_sysbios_BIOS_linkedWithIncorrectBootLibrary__E
   1002d01b     000056bc     00004a8e   release_pem4f.oem4f (.text:ti_sysbios_BIOS_startFunc__I)
xdc_runtime_Startup_rtsDone__E  $Tramp$TT$L$PI$$xdc_runtime_Startup_rtsDone__E
   1002f8e5     000056c4     00004a86   release_pem4f.oem4f (.text:ti_sysbios_BIOS_startFunc__I)
ti_sysbios_knl_Swi_disable__E  $Tramp$TT$L$PI$$ti_sysbios_knl_Swi_disable__E
   1002ea25     000056cc     00004a56   release_pem4f.oem4f (.text:ti_sysbios_BIOS_atExitFunc__I)
                             00005146   dpl_cc13x2.a : PowerCC26X2_tirtos.oem4f (.text:PowerCC26XX_schedulerDisable)
                             000055fe                : SwiP_tirtos.oem4f (.text:SwiP_disable)
ti_sysbios_knl_Task_sleep__E  $Tramp$TT$L$PI$$ti_sysbios_knl_Task_sleep__E
   1002ce01     000056d4     000049e4   rom_sysbios.aem4f : rom_sysbios.obj (.text:usleep)
ti_sysbios_family_arm_m3_Hwi_construct  $Tramp$TT$L$PI$$ti_sysbios_family_arm_m3_Hwi_construct
   1002d421     000056dc     000047b2   rom_sysbios.aem4f : rom_sysbios.obj (.text:ti_sysbios_family_arm_m3_Hwi_construct2__E)
ti_sysbios_family_arm_m3_Hwi_Params__init__S  $Tramp$TT$L$PI$$ti_sysbios_family_arm_m3_Hwi_Params__init__S
   1002eb49     000056e4     000046c0   dpl_cc13x2.a : HwiP_tirtos.oem4f (.text:HwiP_construct)
ti_sysbios_knl_Clock_construct  $Tramp$TT$L$PI$$ti_sysbios_knl_Clock_construct
   1002dd8d     000056ec     0000455a   dpl_cc13x2.a : ClockP_tirtos.oem4f (.text:ClockP_construct)
ti_sysbios_knl_Clock_Params__init__S  $Tramp$TT$L$PI$$ti_sysbios_knl_Clock_Params__init__S
   1002eb9d     000056f4     00004540   dpl_cc13x2.a : ClockP_tirtos.oem4f (.text:ClockP_construct)
ti_sysbios_knl_Swi_Params__init__S  $Tramp$TT$L$PI$$ti_sysbios_knl_Swi_Params__init__S
   1002ebf1     000056fc     0000419e   dpl_cc13x2.a : SwiP_tirtos.oem4f (.text:SwiP_construct)
ti_sysbios_heaps_HeapMem_Module_GateProxy_leave__E  $Tramp$TT$L$PI$$ti_sysbios_heaps_HeapMem_Module_GateProxy_leave__E
   1002ecaf     00005704     00004042   rom_sysbios.aem4f : rom_sysbios.obj (.text:ti_sysbios_heaps_HeapMem_alloc__E)
ti_sysbios_heaps_HeapMem_Module_GateProxy_enter__E  $Tramp$TT$L$PI$$ti_sysbios_heaps_HeapMem_Module_GateProxy_enter__E
   1002ecab     0000570c     0000402c   rom_sysbios.aem4f : rom_sysbios.obj (.text:ti_sysbios_heaps_HeapMem_alloc__E)
xdc_runtime_System_exit__E  $Tramp$TT$L$PI$$xdc_runtime_System_exit__E
   1002f7b1     00005714     00003fac   boot.aem4f : boot.oem4f (.text)
                             0000535e   release_pem4f.oem4f (.text:ti_sysbios_BIOS_exitFunc__I)
ti_sysbios_heaps_HeapMem_restore__E  $Tramp$TT$L$PI$$ti_sysbios_heaps_HeapMem_restore__E
   1002eb13     0000571c     00003ea0   rom_sysbios.aem4f : rom_sysbios.obj (.text:ti_sysbios_heaps_HeapMem_initPrimary__I)
ti_sysbios_heaps_HeapMem_Object__get__S  $Tramp$TT$L$PI$$ti_sysbios_heaps_HeapMem_Object__get__S
   1002e275     00005724     00003e70   rom_sysbios.aem4f : rom_sysbios.obj (.text:ti_sysbios_heaps_HeapMem_initPrimary__I)
ti_sysbios_BIOS_start__E  $Tramp$TT$L$PI$$ti_sysbios_BIOS_start__E
   1002eaa5     0000572c     00003cd2   main_tirtos.obj (.text:main)
xdc_runtime_Error_raiseX__E  $Tramp$TT$L$PI$$xdc_runtime_Error_raiseX__E
   1002f739     00005734     00003452   rom_sysbios.aem4f : rom_sysbios.obj (.text:ti_sysbios_family_arm_m3_Hwi_excHandlerMin__I)
                             0000405c                     : rom_sysbios.obj (.text:ti_sysbios_heaps_HeapMem_alloc__E)
ti_sysbios_BIOS_setThreadType__E  $Tramp$TT$L$PI$$ti_sysbios_BIOS_setThreadType__E
   1002ea11     0000573c     00003412   rom_sysbios.aem4f : rom_sysbios.obj (.text:ti_sysbios_family_arm_m3_Hwi_excHandlerMin__I)
                             00004a60   release_pem4f.oem4f (.text:ti_sysbios_BIOS_atExitFunc__I)
                             00005358   release_pem4f.oem4f (.text:ti_sysbios_BIOS_exitFunc__I)
ti_sysbios_family_arm_m3_Hwi_excFillContext__I  $Tramp$TT$L$PI$$ti_sysbios_family_arm_m3_Hwi_excFillContext__I
   1002bda9     00005744     0000340c   rom_sysbios.aem4f : rom_sysbios.obj (.text:ti_sysbios_family_arm_m3_Hwi_excHandlerMin__I)
ti_sysbios_knl_Semaphore_post__E  $Tramp$TT$L$PI$$ti_sysbios_knl_Semaphore_post__E
   1002cd21     0000574c     00002fa6   rom_sysbios.aem4f : rom_sysbios.obj (.text:_pthread_removeThreadKeys)
                             00003ff4                     : rom_sysbios.obj (.text:pthread_exit)
                             000055fa   dpl_cc13x2.a : SemaphoreP_tirtos.oem4f (.text:SemaphoreP_post)
xdc_runtime_Memory_free__E  $Tramp$TT$L$PI$$xdc_runtime_Memory_free__E
   1002f81d     00005754     00002f9c   rom_sysbios.aem4f : rom_sysbios.obj (.text:_pthread_removeThreadKeys)
                             00004bbc                     : rom_sysbios.obj (.text:_pthread_delete$45)
ti_sysbios_knl_Queue_next__E  $Tramp$TT$L$PI$$ti_sysbios_knl_Queue_next__E
   1002ecd7     0000575c     00002f76   rom_sysbios.aem4f : rom_sysbios.obj (.text:_pthread_removeThreadKeys)
ti_sysbios_knl_Queue_head__E  $Tramp$TT$L$PI$$ti_sysbios_knl_Queue_head__E
   1002ecd3     00005764     00002f62   rom_sysbios.aem4f : rom_sysbios.obj (.text:_pthread_removeThreadKeys)
ti_sysbios_knl_Semaphore_pend__E  $Tramp$TT$L$PI$$ti_sysbios_knl_Semaphore_pend__E
   1002bfb1     0000576c     00002f5c   rom_sysbios.aem4f : rom_sysbios.obj (.text:_pthread_removeThreadKeys)
                             0000542e   dpl_cc13x2.a : SemaphoreP_tirtos.oem4f (.text:SemaphoreP_pend)
ti_sysbios_knl_Task_restore__E  $Tramp$TT$L$PI$$ti_sysbios_knl_Task_restore__E
   1002df45     00005774     00002b22   rom_sysbios.aem4f : rom_sysbios.obj (.text:ti_sysbios_knl_Task_setPri__E)
                             00002f50                     : rom_sysbios.obj (.text:_pthread_removeThreadKeys)
                             00002fb0                     : rom_sysbios.obj (.text:_pthread_removeThreadKeys)
                             00004006                     : rom_sysbios.obj (.text:pthread_exit)
                             00004e7c                     : rom_sysbios.obj (.text:_pthread_cleanupFxn)
                             00005166   dpl_cc13x2.a : PowerCC26X2_tirtos.oem4f (.text:PowerCC26XX_schedulerRestore)
ti_sysbios_knl_Queue_enqueue__E  $Tramp$TT$L$PI$$ti_sysbios_knl_Queue_enqueue__E
   1002ebd9     0000577c     00002af4   rom_sysbios.aem4f : rom_sysbios.obj (.text:ti_sysbios_knl_Task_setPri__E)
ti_sysbios_knl_Queue_empty__E  $Tramp$TT$L$PI$$ti_sysbios_knl_Queue_empty__E
   1002eb21     00005784     00002adc   rom_sysbios.aem4f : rom_sysbios.obj (.text:ti_sysbios_knl_Task_setPri__E)
                             00002f48                     : rom_sysbios.obj (.text:_pthread_removeThreadKeys)
ti_sysbios_knl_Queue_remove__E  $Tramp$TT$L$PI$$ti_sysbios_knl_Queue_remove__E
   1002eb2f     0000578c     00002ad6   rom_sysbios.aem4f : rom_sysbios.obj (.text:ti_sysbios_knl_Task_setPri__E)
                             00002f7e                     : rom_sysbios.obj (.text:_pthread_removeThreadKeys)
                             00002f84                     : rom_sysbios.obj (.text:_pthread_removeThreadKeys)
ti_sysbios_knl_Task_disable__E  $Tramp$TT$L$PI$$ti_sysbios_knl_Task_disable__E
   1002ea4d     00005794     00002a9c   rom_sysbios.aem4f : rom_sysbios.obj (.text:ti_sysbios_knl_Task_setPri__E)
                             00002f3e                     : rom_sysbios.obj (.text:_pthread_removeThreadKeys)
                             00003ffa                     : rom_sysbios.obj (.text:pthread_exit)
                             00004a5a   release_pem4f.oem4f (.text:ti_sysbios_BIOS_atExitFunc__I)
                             00004e6e   rom_sysbios.aem4f : rom_sysbios.obj (.text:_pthread_cleanupFxn)
                             0000513e   dpl_cc13x2.a : PowerCC26X2_tirtos.oem4f (.text:PowerCC26XX_schedulerDisable)
ti_sysbios_knl_Clock_stop__E  $Tramp$TT$L$PI$$ti_sysbios_knl_Clock_stop__E
   1002e2c5     0000579c     00002562   dpl_cc13x2.a : PowerCC26X2_tirtos.oem4f (.text:PowerCC26XX_standbyPolicy)
                             000055e2                : ClockP_tirtos.oem4f (.text:ClockP_stop)
ti_sysbios_knl_Clock_start__E  $Tramp$TT$L$PI$$ti_sysbios_knl_Clock_start__E
   1002e9e7     000057a4     0000254e   dpl_cc13x2.a : PowerCC26X2_tirtos.oem4f (.text:PowerCC26XX_standbyPolicy)
                             000055de                : ClockP_tirtos.oem4f (.text:ClockP_start)
ti_sysbios_knl_Clock_setTimeout__E  $Tramp$TT$L$PI$$ti_sysbios_knl_Clock_setTimeout__E
   1002ecc3     000057ac     00002548   dpl_cc13x2.a : PowerCC26X2_tirtos.oem4f (.text:PowerCC26XX_standbyPolicy)
                             000055da                : ClockP_tirtos.oem4f (.text:ClockP_setTimeout)
ti_sysbios_knl_Swi_restore__E  $Tramp$TT$L$PI$$ti_sysbios_knl_Swi_restore__E
   1002db61     000057b4     000022b4   rf_multiMode_cc13x2.aem4f : RFCC26X2_multiMode.c.cc13x2.ccs.o (.text:RF_pendCmd)
                             000022e6                             : RFCC26X2_multiMode.c.cc13x2.ccs.o (.text:RF_pendCmd)
                             00002338                             : RFCC26X2_multiMode.c.cc13x2.ccs.o (.text:RF_pendCmd)
                             0000515e   dpl_cc13x2.a : PowerCC26X2_tirtos.oem4f (.text:PowerCC26XX_schedulerRestore)
ti_sysbios_knl_Task_create  $Tramp$TT$L$PI$$ti_sysbios_knl_Task_create
   1002d529     000057bc     00002162   rom_sysbios.aem4f : rom_sysbios.obj (.text:pthread_create)
ti_sysbios_knl_Semaphore_construct  $Tramp$TT$L$PI$$ti_sysbios_knl_Semaphore_construct
   1002ddc1     000057c4     00002158   rom_sysbios.aem4f : rom_sysbios.obj (.text:pthread_create)
                             00004b92   dpl_cc13x2.a : SemaphoreP_tirtos.oem4f (.text:SemaphoreP_constructBinary)
ti_sysbios_knl_Semaphore_Params__init__S  $Tramp$TT$L$PI$$ti_sysbios_knl_Semaphore_Params__init__S
   1002ebe5     000057cc     00002146   rom_sysbios.aem4f : rom_sysbios.obj (.text:pthread_create)
                             00004b82   dpl_cc13x2.a : SemaphoreP_tirtos.oem4f (.text:SemaphoreP_constructBinary)
ti_sysbios_knl_Queue_construct  $Tramp$TT$L$PI$$ti_sysbios_knl_Queue_construct
   1002dee5     000057d4     0000213a   rom_sysbios.aem4f : rom_sysbios.obj (.text:pthread_create)
xdc_runtime_Memory_alloc__E  $Tramp$TT$L$PI$$xdc_runtime_Memory_alloc__E
   1002f289     000057dc     000020e2   rom_sysbios.aem4f : rom_sysbios.obj (.text:pthread_create)
ti_sysbios_knl_Task_Params__init__S  $Tramp$TT$L$PI$$ti_sysbios_knl_Task_Params__init__S
   1002ec09     000057e4     000020ce   rom_sysbios.aem4f : rom_sysbios.obj (.text:pthread_create)
xdc_runtime_System_doPrint__I  $Tramp$TT$L$PI$$xdc_runtime_System_doPrint__I
   1002ecf1     000057ec     00001302   release_pem4f.oem4f (.text:xdc_runtime_System_printfExtend__I)
ti_sysbios_family_arm_m3_Hwi_restoreFxn__E  $Tramp$TT$L$PI$$ti_sysbios_family_arm_m3_Hwi_restoreFxn__E
   1002ec47     000057f4     000000f8   rf_multiMode_cc13x2.aem4f : RFCC26X2_multiMode.c.cc13x2.ccs.o (.text:RF_fsmActiveState)
                             000001f8                             : RFCC26X2_multiMode.c.cc13x2.ccs.o (.text:RF_fsmActiveState)
                             00000298                             : RFCC26X2_multiMode.c.cc13x2.ccs.o (.text:RF_fsmActiveState)
                             00000388                             : RFCC26X2_multiMode.c.cc13x2.ccs.o (.text:RF_fsmActiveState)
                             0000040c                             : RFCC26X2_multiMode.c.cc13x2.ccs.o (.text:RF_fsmActiveState)
                             00000498                             : RFCC26X2_multiMode.c.cc13x2.ccs.o (.text:RF_fsmActiveState)
                             000004bc                             : RFCC26X2_multiMode.c.cc13x2.ccs.o (.text:RF_fsmActiveState)
                             00000532                             : RFCC26X2_multiMode.c.cc13x2.ccs.o (.text:RF_open)
                             0000062a                             : RFCC26X2_multiMode.c.cc13x2.ccs.o (.text:RF_open)
                             00001682                             : RFCC26X2_multiMode.c.cc13x2.ccs.o (.text:RF_radioOpDoneCb)
                             0000196e                             : RFCC26X2_multiMode.c.cc13x2.ccs.o (.text:RF_abortCmd)
                             00001b3e   drivers_cc13x2.a : PINCC26XX.oem4f (.text:PINCC26XX_setIoCfg)
                             00001b84                    : PINCC26XX.oem4f (.text:PINCC26XX_setIoCfg)
                             0000226c   rf_multiMode_cc13x2.aem4f : RFCC26X2_multiMode.c.cc13x2.ccs.o (.text:RF_postCmd)
                             0000247a                             : RFCC26X2_multiMode.c.cc13x2.ccs.o (.text:RF_swiHw)
                             00002664   drivers_cc13x2.a : PowerCC26X2.oem4f (.text:Power_releaseDependency)
                             000027da                    : PowerCC26X2.oem4f (.text:Power_setDependency)
                             00003348   rf_multiMode_cc13x2.aem4f : RFCC26X2_multiMode.c.cc13x2.ccs.o (.text:RF_issueRadioFreeCb)
                             00003360                             : RFCC26X2_multiMode.c.cc13x2.ccs.o (.text:RF_issueRadioFreeCb)
                             000035e0                             : RFCC26X2_multiMode.c.cc13x2.ccs.o (.text:RF_ratFreeChannel)
                             0000378a                             : RFCC26X2_multiMode.c.cc13x2.ccs.o (.text:RF_yield)
                             000037be                             : RFCC26X2_multiMode.c.cc13x2.ccs.o (.text:RF_yield)
                             000038c4                             : RFCC26X2_multiMode.c.cc13x2.ccs.o (.text:RF_getCurrentTime)
                             00003900                             : RFCC26X2_multiMode.c.cc13x2.ccs.o (.text:RF_getCurrentTime)
                             00003b2c                             : RFCC26X2_multiMode.c.cc13x2.ccs.o (.text:RF_dispatchNextEvent)
                             00003f3a   drivers_cc13x2.a : PowerCC26X2_calibrateRCOSC.oem4f (.text:PowerCC26X2_initiateCalibration)
                             000043a4                    : PowerCC26X2.oem4f (.text:PowerCC26XX_switchXOSC_HF)
                             000043ee                    : PowerCC26X2.oem4f (.text:switchXOSCHF)
                             000045ce                    : PowerCC26X2.oem4f (.text:PowerCC26XX_isStableXOSC_HF)
                             00004792   rf_multiMode_cc13x2.aem4f : RFCC26X2_multiMode.c.cc13x2.ccs.o (.text:RF_cmdStoreEvents)
                             0000486c                             : RFCC26X2_multiMode.c.cc13x2.ccs.o (.text:RF_powerConstraintRelease)
                             00004a18   drivers_cc13x2.a : PowerCC26X2.oem4f (.text:Power_releaseConstraint)
                             00004a48                    : PowerCC26X2.oem4f (.text:Power_setConstraint)
                             00004c70                    : List.oem4f (.text:List_insert)
                             00004d88                    : List.oem4f (.text:List_put)
                             00004dae                    : List.oem4f (.text:List_putHead)
                             00004dd4                    : List.oem4f (.text:List_remove)
                             00004f5e                    : List.oem4f (.text:List_get)
                             00004fa2   dpl_cc13x2.a : HwiP_tirtos.oem4f (.text:HwiP_setFunc)
                             000051bc   rf_multiMode_cc13x2.aem4f : RFCC26X2_multiMode.c.cc13x2.ccs.o (.text:RF_powerConstraintSet)
                             00005372   drivers_cc13x2.a : List.oem4f (.text:List_clearList)

[58 trampolines]
[132 trampoline calls]


GLOBAL SYMBOLS: SORTED ALPHABETICALLY BY Name 

address   name                                                               
-------   ----                                                               
00005f30  BoardGpioInitTable                                                 
00004f69  Board_init                                                         
00000c57  Board_initHook                                                     
00003265  Board_sendExtFlashByte                                             
000044e5  Board_shutDownExtFlash                                             
000041c9  Board_wakeUpExtFlash                                               
00005599  ClockP_Params_init                                                 
00004525  ClockP_construct                                                   
00005509  ClockP_getSystemTickPeriod                                         
1002dc11  ClockP_getSystemTicks                                              
000055d7  ClockP_getTimeout                                                  
00005451  ClockP_isActive                                                    
000055db  ClockP_setTimeout                                                  
000055df  ClockP_start                                                       
000055e3  ClockP_stop                                                        
00004000  HEAPSIZE                                                           
00005461  HwiP_Params_init                                                   
000046a5  HwiP_construct                                                     
000055e7  HwiP_disable                                                       
000055eb  HwiP_enableInterrupt                                               
000055ef  HwiP_post                                                          
1002ec47  HwiP_restore                                                       
00004f89  HwiP_setFunc                                                       
UNDEFED   ITM_flush                                                          
UNDEFED   ITM_restore                                                        
00005365  List_clearList                                                     
00004f45  List_get                                                           
00004c4d  List_insert                                                        
00004d69  List_put                                                           
00004d8f  List_putHead                                                       
00004db5  List_remove                                                        
00004925  NOROM_AUXSYSIFOpModeChange                                         
00005515  NOROM_CPUcpsid                                                     
[...]
1002eb3d  xdc_runtime_Timestamp_SupportProxy_getFreq__E                      
1002eb3d  xdc_runtime_Timestamp_SupportProxy_getFreq__E                      
1002eb3d  xdc_runtime_Timestamp_getFreq__E                                   
1002eb3d  xdc_runtime_Timestamp_getFreq__E                                   
1002eb49  ti_sysbios_family_arm_m3_Hwi_Params__init__S                       
1002eb49  ti_sysbios_hal_Hwi_HwiProxy_Params__init__S                        
1002eb55  ti_sysbios_family_arm_m3_Hwi_disableFxn__E                         
1002eb61  ti_sysbios_family_arm_m3_Hwi_enableFxn__E                          
1002eb6d  ti_sysbios_gates_GateHwi_enter__E                                  
1002eb79  ti_sysbios_BIOS_RtsGateProxy_Params__init__S                       
1002eb79  ti_sysbios_gates_GateMutex_Params__init__S                         
1002eb79  ti_sysbios_heaps_HeapMem_Module_GateProxy_Params__init__S          
1002eb85  ti_sysbios_heaps_HeapTrack_Params__init__S                         
1002eb91  ti_sysbios_heaps_HeapTrack_isBlocking__E                           
1002eb9d  ti_sysbios_knl_Clock_Params__init__S                               
1002eba9  ti_sysbios_knl_Clock_getTimerHandle__E                             
1002ebb5  ti_sysbios_knl_Event_Params__init__S                               
1002ebc1  ti_sysbios_knl_Mailbox_Params__init__S                             
1002ebcd  ti_sysbios_knl_Queue_dequeue__E                                    
1002ebd9  ti_sysbios_knl_Queue_enqueue__E                                    
1002ebe5  ti_sysbios_knl_Semaphore_Params__init__S                           
1002ebf1  ti_sysbios_knl_Swi_Params__init__S                                 
1002ebfd  ti_sysbios_knl_Swi_self__E                                         
1002ec09  ti_sysbios_knl_Task_Params__init__S                                
1002ec15  ti_sysbios_hal_Hwi_Instance_finalize__E                            
1002ec1f  ti_sysbios_knl_Event_Instance_init__E                              
1002ec29  ti_sysbios_family_arm_m3_Hwi_doSwiRestore__I                       
1002ec31  ti_sysbios_family_arm_m3_Hwi_startup__E                            
1002ec31  ti_sysbios_hal_Hwi_HwiProxy_startup__E                             
1002ec31  ti_sysbios_hal_Hwi_HwiProxy_startup__E                             
1002ec31  ti_sysbios_hal_Hwi_startup__E                                      
1002ec31  ti_sysbios_hal_Hwi_startup__E                                      
1002ec39  ti_sysbios_knl_Idle_loop__E                                        
1002ec41  ti_sysbios_family_arm_m3_Hwi_doTaskRestore__I                      
1002ec47  HwiP_restore                                                       
1002ec47  ti_sysbios_family_arm_m3_Hwi_restoreFxn__E                         
1002ec4d  ti_sysbios_gates_GateHwi_leave__E                                  
1002ec53  ti_sysbios_gates_GateMutex_Instance_finalize__E                    
1002ec59  ti_sysbios_heaps_HeapMem_isBlocking__E                             
1002ec5f  ti_sysbios_knl_Queue_Instance_init__E                              
1002ec65  ti_sysbios_knl_Queue_elemClear__E                                  
1002ec6b  ti_sysbios_knl_Swi_startup__E                                      
1002ec71  ti_sysbios_knl_Task_enable__E                                      
1002ec77  ti_sysbios_BIOS_RtsGateProxy_enter__E                              
1002ec7b  ti_sysbios_BIOS_RtsGateProxy_leave__E                              
1002ec7f  ti_sysbios_family_arm_cc26xx_Timer_getExpiredTicks__E              
1002ec83  ti_sysbios_family_arm_cc26xx_Timer_getPeriod__E                    
1002ec87  ti_sysbios_family_arm_cc26xx_Timer_setPeriod__E                    
1002ec8b  ti_sysbios_family_arm_m3_Hwi_delete                                
1002ec8f  ti_sysbios_family_arm_m3_TaskSupport_Module__startupDone__S        
1002ec8f  ti_sysbios_knl_Task_SupportProxy_Module__startupDone__S            
1002ec93  ti_sysbios_gates_GateHwi_query__E                                  
1002ec93  xdc_runtime_Main_Module_GateProxy_query__E                         
1002ec93  xdc_runtime_System_Module_GateProxy_query__E                       
1002ec93  xdc_runtime_System_Module_GateProxy_query__E                       
1002ec97  ti_sysbios_gates_GateMutex_delete                                  
1002ec9b  ti_sysbios_BIOS_RtsGateProxy_query__E                              
1002ec9b  ti_sysbios_BIOS_RtsGateProxy_query__E                              
1002ec9b  ti_sysbios_gates_GateMutex_query__E                                
1002ec9b  ti_sysbios_heaps_HeapMem_Module_GateProxy_query__E                 
1002ec9b  ti_sysbios_heaps_HeapMem_Module_GateProxy_query__E                 
1002ec9f  ti_sysbios_hal_Hwi_HwiProxy_create                                 
1002eca3  ti_sysbios_hal_Hwi_HwiProxy_delete                                 
1002eca7  ti_sysbios_hal_Hwi_delete                                          
1002ecab  ti_sysbios_heaps_HeapMem_Module_GateProxy_enter__E                 
1002ecaf  ti_sysbios_heaps_HeapMem_Module_GateProxy_leave__E                 
1002ecb3  ti_sysbios_knl_Clock_TimerProxy_getExpiredTicks__E                 
1002ecb7  ti_sysbios_knl_Clock_TimerProxy_getPeriod__E                       
1002ecbb  ti_sysbios_knl_Clock_delete                                        
1002ecbf  ti_sysbios_knl_Clock_removeI__E                                    
1002ecc3  ti_sysbios_knl_Clock_setTimeout__E                                 
1002ecc7  ti_sysbios_knl_Event_delete                                        
1002eccb  ti_sysbios_knl_Mailbox_delete                                      
1002eccf  ti_sysbios_knl_Queue_delete                                        
1002ecd3  ti_sysbios_knl_Queue_head__E                                       
1002ecd7  ti_sysbios_knl_Queue_next__E                                       
1002ecdb  ti_sysbios_knl_Semaphore_delete                                    
1002ecdf  ti_sysbios_knl_Swi_delete                                          
1002ece3  ti_sysbios_knl_Swi_postInit__I                                     
1002ece7  ti_sysbios_knl_Task_delete                                         
1002eceb  ti_sysbios_knl_Task_startup__E                                     
1002ecf1  xdc_runtime_System_doPrint__I                                      
1002f055  xdc_runtime_Startup_startMods__I                                   
1002f15d  xdc_runtime_Text_putSite__E                                        
1002f1f7  xdc_runtime_Error_policySpin__E                                    
1002f1f9  xdc_runtime_Text_putMod__E                                         
1002f289  xdc_runtime_Memory_alloc__E                                        
1002f2f9  xdc_runtime_Core_createObject__I                                   
1002f367  xdc_runtime_Core_deleteObject__I                                   
1002f3c5  xdc_runtime_Text_putLab__E                                         
1002f421  xdc_runtime_Assert_raise__I                                        
1002f475  xdc_runtime_Startup_exec__E                                        
1002f4c9  xdc_runtime_Core_assignParams__I                                   
1002f511  xdc_runtime_Core_constructObject__I                                
1002f559  xdc_runtime_System_atexit__E                                       
1002f5a1  xdc_runtime_Text_xprintf__I                                        
1002f5e5  xdc_runtime_System_processAtExit__E                                
1002f625  xdc_runtime_System_putchar__I                                      
1002f659  xdc_runtime_Core_assignLabel__I                                    
1002f689  xdc_runtime_Text_printVisFxn__I                                    
1002f6b9  xdc_runtime_System_vprintf__E                                      
1002f6e5  xdc_runtime_Text_cordText__E                                       
1002f711  xdc_runtime_System_abort__E                                        
1002f739  xdc_runtime_Error_raiseX__E                                        
1002f759  xdc_runtime_Registry_findById__E                                   
1002f779  xdc_runtime_Error_check__E                                         
1002f795  xdc_runtime_Memory_valloc__E                                       
1002f7b1  xdc_runtime_System_exit__E                                         
1002f7cd  xdc_runtime_Text_ropeText__E                                       
1002f7e9  xdc_runtime_System_printf__E                                       
1002f803  xdc_runtime_Core_destructObject__I                                 
1002f81b  xdc_runtime_System_abortSpin__E                                    
1002f81d  xdc_runtime_Memory_free__E                                         
1002f831  xdc_runtime_Memory_getStats__E                                     
1002f845  xdc_runtime_SysCallback_abort__E                                   
1002f845  xdc_runtime_System_SupportProxy_abort__E                           
1002f859  xdc_runtime_SysCallback_exit__E                                    
1002f859  xdc_runtime_System_SupportProxy_exit__E                            
1002f86d  xdc_runtime_SysCallback_flush__E                                   
1002f86d  xdc_runtime_System_SupportProxy_flush__E                           
1002f86d  xdc_runtime_System_flush__E                                        
1002f881  xdc_runtime_SysCallback_putch__E                                   
1002f881  xdc_runtime_System_SupportProxy_putch__E                           
1002f895  xdc_runtime_SysCallback_ready__E                                   
1002f895  xdc_runtime_System_SupportProxy_ready__E                           
1002f8a9  xdc_runtime_Memory_getMaxDefaultTypeAlign__E                       
1002f8b9  xdc_runtime_System_vsnprintf__E                                    
1002f8c9  xdc_runtime_Timestamp_SupportProxy_get32__E                        
1002f8c9  xdc_runtime_Timestamp_SupportProxy_get32__E                        
1002f8c9  xdc_runtime_Timestamp_get32__E                                     
1002f8c9  xdc_runtime_Timestamp_get32__E                                     
1002f8d9  xdc_runtime_Memory_calloc__E                                       
1002f8e5  xdc_runtime_Startup_rtsDone__E                                     
1002f8f1  xdc_runtime_Memory_HeapProxy_alloc__E                              
1002f8fb  xdc_runtime_Memory_HeapProxy_free__E                               
1002f905  xdc_runtime_Memory_HeapProxy_getStats__E                           
1002f90f  xdc_runtime_Gate_leaveSystem__E                                    
1002f915  xdc_runtime_System_Module_startup__E                               
1002f91b  xdc_runtime_Gate_enterSystem__E                                    
1002f91f  xdc_runtime_SysCallback_Module__startupDone__S                     
1002f91f  xdc_runtime_System_SupportProxy_Module__startupDone__S             
1002f923  xdc_runtime_System_Module_GateProxy_enter__E                       
1002f927  xdc_runtime_System_Module_GateProxy_leave__E                       
1002f92b  xdc_runtime_System_printf_va__F                                    
1002f92f  xdc_runtime_System_exitSpin__E                                     
1002f931  ti_sysbios_family_arm_m3_Hwi_dispatch__I                           
1002fa11  ti_sysbios_family_arm_m3_Hwi_interruptsAreDisabledButShouldNotBe   
1002fa2d  ti_sysbios_family_arm_m3_TaskSupport_buildTaskStack                
1002fab9  ti_sysbios_family_arm_m3_Hwi_initStacks__E                         
1002fb11  ti_sysbios_family_arm_m3_Hwi_pendSV__I                             
1002fb35  ti_sysbios_family_arm_m3_Hwi_return                                
1002fb39  ti_sysbios_family_arm_m3_Hwi_excHandlerAsm__I                      
1002fb59  ti_sysbios_family_xxx_Hwi_switchAndRunFunc                         
1002fb77  ti_sysbios_family_arm_m3_TaskSupport_swap__E                       
1002fb77  ti_sysbios_knl_Task_SupportProxy_swap__E                           
1002fb77  ti_sysbios_knl_Task_SupportProxy_swap__E                           
1002fb83  ti_sysbios_knl_Task_swapReturn                                     
1002fb8f  ti_sysbios_family_arm_m3_TaskSupport_glue                          
1002fba0  ti_sysbios_knl_Task_Object__PARAMS__C                              
1002fbdc  ti_sysbios_knl_Mailbox_Object__PARAMS__C                           
1002fc10  ti_sysbios_family_arm_m3_Hwi_Object__PARAMS__C                     
1002fc40  ti_sysbios_hal_Hwi_Object__PARAMS__C                               
1002fc6c  ti_sysbios_knl_Swi_Object__PARAMS__C                               
1002fc94  ti_sysbios_heaps_HeapMem_Object__PARAMS__C                         
1002fcb8  ti_sysbios_knl_Clock_Object__PARAMS__C                             
1002fcdc  ti_sysbios_knl_Semaphore_Object__PARAMS__C                         
1002fd00  ti_sysbios_gates_GateHwi_Object__PARAMS__C                         
1002fd18  ti_sysbios_gates_GateMutex_Object__PARAMS__C                       
1002fd30  ti_sysbios_knl_Event_Object__PARAMS__C                             
1002fd48  ti_sysbios_knl_Queue_Object__PARAMS__C                             
1002fd80  ti_sysbios_heaps_HeapTrack_Object__PARAMS__C                       
1002fd9c  ti_sysbios_heaps_HeapTrack_Instance_State_trackQueue__O            
1002fda0  ti_sysbios_heaps_HeapTrack_Module__diagsEnabled__C                 
1002fda4  ti_sysbios_heaps_HeapTrack_Module__diagsIncluded__C                
1002fda8  ti_sysbios_heaps_HeapTrack_Module__diagsMask__C                    
1002fddb  strlen                                                             
20000000  __start___llvm_prf_cnts                                            
20000000  __stop___llvm_prf_cnts                                             
20000000  ti_sysbios_family_arm_m3_Hwi_ramVectors                            
20000100  xdcRomConstPtr                                                     
20000104  xdcRomExternFuncPtr                                                
20000108  xdcRomStatePtr                                                     
20000110  __primary_heap_start__                                             
20004110  __primary_heap_end__                                               
20004608  PowerCC26X2_module                                                 
20004778  ROM_stateStruct                                                    
20004778  ti_sysbios_knl_Clock_Module__state__V                              
200047a4  ti_sysbios_family_arm_cc26xx_TimestampProvider_Module__state__V    
200047a8  xdc_runtime_Startup_Module__state__V                               
200047b0  xdc_runtime_Registry_Module__state__V                              
200047b8  ti_sysbios_BIOS_Module__state__V                                   
200047dc  ti_sysbios_knl_Swi_Module__state__V                                
200047f8  ti_sysbios_knl_Task_Module__state__V                               
2000483c  xdc_runtime_Memory_Module__state__V                                
20004840  xdc_runtime_System_Module__state__V                                
20004848  ti_sysbios_family_arm_m3_Hwi_Module__state__V                      
2000487c  ti_sysbios_family_arm_cc26xx_Timer_Module__state__V                
2000490c  ti_sysbios_gates_GateMutex_Object__table__V                        
20004960  ti_sysbios_knl_Task_Object__table__V                               
200049b0  ti_sysbios_family_arm_cc26xx_Timer_Object__table__V                
200049f8  ti_sysbios_knl_Swi_Module_State_0_readyQ__A                        
20004a28  ti_sysbios_knl_Swi_Object__table__V                                
20004a58  ti_sysbios_knl_Task_Module_State_0_readyQ__A                       
20004a88  RF_cmdPropRadioDivSetup                                            
20004ab0  pOverrides                                                         
20004ad8  _hposcCoeffs                                                       
20004afc  ti_sysbios_knl_Clock_Object__table__V                              
20004b1c  xdc_runtime_Error_IgnoreBlock                                      
20004b3c  RF_cmdFs                                                           
20004b54  RF_cmdPropTx                                                       
20004b6c  ti_sysbios_family_arm_m3_Hwi_Object__table__V                      
20004b84  ti_sysbios_heaps_HeapMem_Object__table__V                          
20004b9c  RF_prop                                                            
20004bac  _lock                                                              
20004bb0  _unlock                                                            
20004bb4  RFCC26XX_schedulerPolicy                                           
20004bbc  pinUpperBound                                                      
20004bc0  pinLowerBound                                                      
20004bc4  pinTable                                                           
20004bcc  ti_sysbios_family_arm_m3_Hwi_Module__root__V                       
20004bd4  ti_sysbios_gates_GateHwi_Module__root__V                           
20004bdc  ti_sysbios_gates_GateMutex_Module__root__V                         
20004be4  ti_sysbios_hal_Hwi_Module__root__V                                 
20004bec  ti_sysbios_heaps_HeapMem_Module__root__V                           
20004bf4  ti_sysbios_knl_Clock_Module__root__V                               
20004bfc  ti_sysbios_knl_Event_Module__root__V                               
20004c04  ti_sysbios_knl_Mailbox_Module__root__V                             
20004c0c  ti_sysbios_knl_Queue_Module__root__V                               
20004c14  ti_sysbios_knl_Semaphore_Module__root__V                           
20004c1c  ti_sysbios_knl_Swi_Module__root__V                                 
20004c24  ti_sysbios_knl_Task_Module__root__V                                
20004c2c  xdc_runtime_System_Module_State_0_atexitHandlers__A                
20004c34  main_func_sp                                                       
20004c38  ti_sysbios_family_arm_m3_Hwi_Module_State_0_excContext__A          
20004c3c  ti_sysbios_family_arm_m3_Hwi_Module_State_0_excStack__A            
20004c40  ti_sysbios_knl_Task_Module_State_0_idleTask__A                     
20004c44  ti_sysbios_family_arm_m3_Hwi_Module_State_0_excActive__A           
20004c48  ti_sysbios_knl_Task_Instance_State_0_stack__A                      
20004f40  ti_sysbios_family_arm_m3_Hwi_dispatchTable                         
20005018  pinHandleTable                                                     
2000519f  driverlib_release_0_59848                                          
200051a4  PowerCC26XX_swiKey                                                 
200051a8  PowerCC26XX_taskKey                                                
20013c00  __stack                                                            
20014000  __STACK_END                                                        
e000e000  ti_sysbios_family_arm_m3_Hwi_nvic                                  
ffffffff  __TI_pprof_out_hndl                                                
ffffffff  __TI_prof_data_size                                                
ffffffff  __TI_prof_data_start                                               
ffffffff  __binit__                                                          
ffffffff  __c_args__                                                         
ffffffff  binit                                                              
UNDEFED   ITM_flush                                                          
UNDEFED   ITM_restore                                                        
UNDEFED   SHT$$INIT_ARRAY$$Base                                              
UNDEFED   SHT$$INIT_ARRAY$$Limit                                             

[847 symbols]
